C:/Users/User/STM32CubeIDE/workspace_1.14.1/SPI_FullDuplex_ComDMA/Src/main.c:61:5:main	6
C:/Users/User/STM32CubeIDE/workspace_1.14.1/SPI_FullDuplex_ComDMA/Src/main.c:159:13:Error_Handler	1
C:/Users/User/STM32CubeIDE/workspace_1.14.1/SPI_FullDuplex_ComDMA/Src/main.c:188:13:SystemClock_Config	2
C:/Users/User/STM32CubeIDE/workspace_1.14.1/SPI_FullDuplex_ComDMA/Src/main.c:236:6:HAL_SPI_TxRxCpltCallback	1
C:/Users/User/STM32CubeIDE/workspace_1.14.1/SPI_FullDuplex_ComDMA/Src/main.c:251:7:HAL_SPI_ErrorCallback	1
C:/Users/User/STM32CubeIDE/workspace_1.14.1/SPI_FullDuplex_ComDMA/Src/main.c:264:17:Buffercmp	3
