Archive member included to satisfy reference by file (symbol)

/usr/bin/../lib/gcc/arm-none-eabi/7.3.1/../../../../arm-none-eabi/lib/thumb/v7e-m/fpv4-sp/hard/libm.a(lib_a-sf_atan.o)
                              build/obj/ahrs.o (atanf)
/usr/bin/../lib/gcc/arm-none-eabi/7.3.1/../../../../arm-none-eabi/lib/thumb/v7e-m/fpv4-sp/hard/libm.a(lib_a-sf_cos.o)
                              build/obj/digital_filter.o (cosf)
/usr/bin/../lib/gcc/arm-none-eabi/7.3.1/../../../../arm-none-eabi/lib/thumb/v7e-m/fpv4-sp/hard/libm.a(lib_a-sf_fabs.o)
                              /usr/bin/../lib/gcc/arm-none-eabi/7.3.1/../../../../arm-none-eabi/lib/thumb/v7e-m/fpv4-sp/hard/libm.a(lib_a-sf_atan.o) (fabsf)
/usr/bin/../lib/gcc/arm-none-eabi/7.3.1/../../../../arm-none-eabi/lib/thumb/v7e-m/fpv4-sp/hard/libm.a(lib_a-sf_floor.o)
                              build/obj/mcpwm_foc.o (floorf)
/usr/bin/../lib/gcc/arm-none-eabi/7.3.1/../../../../arm-none-eabi/lib/thumb/v7e-m/fpv4-sp/hard/libm.a(lib_a-sf_fmin.o)
                              build/obj/app_ppm.o (fminf)
/usr/bin/../lib/gcc/arm-none-eabi/7.3.1/../../../../arm-none-eabi/lib/thumb/v7e-m/fpv4-sp/hard/libm.a(lib_a-sf_fpclassify.o)
                              /usr/bin/../lib/gcc/arm-none-eabi/7.3.1/../../../../arm-none-eabi/lib/thumb/v7e-m/fpv4-sp/hard/libm.a(lib_a-sf_fmin.o) (__fpclassifyf)
/usr/bin/../lib/gcc/arm-none-eabi/7.3.1/../../../../arm-none-eabi/lib/thumb/v7e-m/fpv4-sp/hard/libm.a(lib_a-sf_frexp.o)
                              build/obj/buffer.o (frexpf)
/usr/bin/../lib/gcc/arm-none-eabi/7.3.1/../../../../arm-none-eabi/lib/thumb/v7e-m/fpv4-sp/hard/libm.a(lib_a-sf_ldexp.o)
                              build/obj/buffer.o (ldexpf)
/usr/bin/../lib/gcc/arm-none-eabi/7.3.1/../../../../arm-none-eabi/lib/thumb/v7e-m/fpv4-sp/hard/libm.a(lib_a-sf_round.o)
                              build/obj/ledpwm.o (roundf)
/usr/bin/../lib/gcc/arm-none-eabi/7.3.1/../../../../arm-none-eabi/lib/thumb/v7e-m/fpv4-sp/hard/libm.a(lib_a-sf_scalbn.o)
                              /usr/bin/../lib/gcc/arm-none-eabi/7.3.1/../../../../arm-none-eabi/lib/thumb/v7e-m/fpv4-sp/hard/libm.a(lib_a-sf_ldexp.o) (scalbnf)
/usr/bin/../lib/gcc/arm-none-eabi/7.3.1/../../../../arm-none-eabi/lib/thumb/v7e-m/fpv4-sp/hard/libm.a(lib_a-sf_sin.o)
                              build/obj/digital_filter.o (sinf)
/usr/bin/../lib/gcc/arm-none-eabi/7.3.1/../../../../arm-none-eabi/lib/thumb/v7e-m/fpv4-sp/hard/libm.a(lib_a-w_sqrt.o)
                              build/obj/digital_filter.o (sqrt)
/usr/bin/../lib/gcc/arm-none-eabi/7.3.1/../../../../arm-none-eabi/lib/thumb/v7e-m/fpv4-sp/hard/libm.a(lib_a-wf_asin.o)
                              build/obj/mcpwm.o (asinf)
/usr/bin/../lib/gcc/arm-none-eabi/7.3.1/../../../../arm-none-eabi/lib/thumb/v7e-m/fpv4-sp/hard/libm.a(lib_a-wf_atan2.o)
                              build/obj/mcpwm_foc.o (atan2f)
/usr/bin/../lib/gcc/arm-none-eabi/7.3.1/../../../../arm-none-eabi/lib/thumb/v7e-m/fpv4-sp/hard/libm.a(lib_a-wf_exp.o)
                              build/obj/utils.o (expf)
/usr/bin/../lib/gcc/arm-none-eabi/7.3.1/../../../../arm-none-eabi/lib/thumb/v7e-m/fpv4-sp/hard/libm.a(lib_a-wf_fmod.o)
                              build/obj/utils.o (fmodf)
/usr/bin/../lib/gcc/arm-none-eabi/7.3.1/../../../../arm-none-eabi/lib/thumb/v7e-m/fpv4-sp/hard/libm.a(lib_a-wf_log.o)
                              build/obj/mc_interface.o (logf)
/usr/bin/../lib/gcc/arm-none-eabi/7.3.1/../../../../arm-none-eabi/lib/thumb/v7e-m/fpv4-sp/hard/libm.a(lib_a-wf_pow.o)
                              build/obj/ledpwm.o (powf)
/usr/bin/../lib/gcc/arm-none-eabi/7.3.1/../../../../arm-none-eabi/lib/thumb/v7e-m/fpv4-sp/hard/libm.a(lib_a-wf_sincos.o)
                              build/obj/mcpwm_foc.o (sincosf)
/usr/bin/../lib/gcc/arm-none-eabi/7.3.1/../../../../arm-none-eabi/lib/thumb/v7e-m/fpv4-sp/hard/libm.a(lib_a-wf_sqrt.o)
                              build/obj/mcpwm.o (sqrtf)
/usr/bin/../lib/gcc/arm-none-eabi/7.3.1/../../../../arm-none-eabi/lib/thumb/v7e-m/fpv4-sp/hard/libm.a(lib_a-e_sqrt.o)
                              /usr/bin/../lib/gcc/arm-none-eabi/7.3.1/../../../../arm-none-eabi/lib/thumb/v7e-m/fpv4-sp/hard/libm.a(lib_a-w_sqrt.o) (__ieee754_sqrt)
/usr/bin/../lib/gcc/arm-none-eabi/7.3.1/../../../../arm-none-eabi/lib/thumb/v7e-m/fpv4-sp/hard/libm.a(lib_a-ef_asin.o)
                              /usr/bin/../lib/gcc/arm-none-eabi/7.3.1/../../../../arm-none-eabi/lib/thumb/v7e-m/fpv4-sp/hard/libm.a(lib_a-wf_asin.o) (__ieee754_asinf)
/usr/bin/../lib/gcc/arm-none-eabi/7.3.1/../../../../arm-none-eabi/lib/thumb/v7e-m/fpv4-sp/hard/libm.a(lib_a-ef_atan2.o)
                              /usr/bin/../lib/gcc/arm-none-eabi/7.3.1/../../../../arm-none-eabi/lib/thumb/v7e-m/fpv4-sp/hard/libm.a(lib_a-wf_atan2.o) (__ieee754_atan2f)
/usr/bin/../lib/gcc/arm-none-eabi/7.3.1/../../../../arm-none-eabi/lib/thumb/v7e-m/fpv4-sp/hard/libm.a(lib_a-ef_exp.o)
[...]
Memory Configuration

Name             Origin             Length             Attributes
flash            0x0000000008000000 0x0000000000004000
flash2           0x000000000800c000 0x000000000005fff0
crcinfo          0x000000000805fff0 0x0000000000000008
ram0             0x0000000020000000 0x0000000000020000
ram1             0x0000000020000000 0x000000000001c000
ram2             0x000000002001c000 0x0000000000004000
ram3             0x0000000000000000 0x0000000000000000
ram4             0x0000000010000000 0x0000000000010000
ram5             0x0000000040024000 0x0000000000001000
ram6             0x0000000000000000 0x0000000000000000
ram7             0x0000000000000000 0x0000000000000000
*default*        0x0000000000000000 0xffffffffffffffff

Linker script and memory map

LOAD build/obj/crt0_v7m.o
LOAD build/obj/chcoreasm_v7m.o
LOAD build/obj/crt1.o
LOAD build/obj/vectors.o
LOAD build/obj/chsys.o
LOAD build/obj/chdebug.o
LOAD build/obj/chvt.o
LOAD build/obj/chschd.o
LOAD build/obj/chthreads.o
LOAD build/obj/chtm.o
LOAD build/obj/chdynamic.o
LOAD build/obj/chregistry.o
LOAD build/obj/chsem.o
LOAD build/obj/chmtx.o
LOAD build/obj/chcond.o
LOAD build/obj/chevents.o
LOAD build/obj/chmsg.o
LOAD build/obj/chmboxes.o
LOAD build/obj/chqueues.o
LOAD build/obj/chmemcore.o
LOAD build/obj/chheap.o
LOAD build/obj/chmempools.o
LOAD build/obj/chcore.o
LOAD build/obj/chcore_v7m.o
LOAD build/obj/osal.o
LOAD build/obj/hal.o
LOAD build/obj/st.o
LOAD build/obj/hal_queues.o
LOAD build/obj/hal_mmcsd.o
LOAD build/obj/can.o
LOAD build/obj/i2c.o
LOAD build/obj/icu.o
LOAD build/obj/pal.o
LOAD build/obj/serial.o
LOAD build/obj/serial_usb.o
LOAD build/obj/spi.o
LOAD build/obj/usb.o
LOAD build/obj/nvic.o
LOAD build/obj/stm32_dma.o
LOAD build/obj/hal_lld.o
LOAD build/obj/st_lld.o
LOAD build/obj/can_lld.o
LOAD build/obj/pal_lld.o
LOAD build/obj/i2c_lld.o
LOAD build/obj/usb_lld.o
LOAD build/obj/spi_lld.o
LOAD build/obj/icu_lld.o
LOAD build/obj/serial_lld.o
LOAD build/obj/chprintf.o
LOAD build/obj/syscalls.o
LOAD build/obj/board.o
LOAD build/obj/main.o
LOAD build/obj/comm_usb_serial.o
LOAD build/obj/irq_handlers.o
LOAD build/obj/buffer.o
LOAD build/obj/comm_usb.o
LOAD build/obj/crc.o
LOAD build/obj/digital_filter.o
LOAD build/obj/ledpwm.o
LOAD build/obj/mcpwm.o
LOAD build/obj/servo_dec.o
LOAD build/obj/utils.o
LOAD build/obj/servo_simple.o
LOAD build/obj/packet.o
LOAD build/obj/terminal.o
LOAD build/obj/conf_general.o
LOAD build/obj/eeprom.o
LOAD build/obj/commands.o
LOAD build/obj/timeout.o
LOAD build/obj/comm_can.o
LOAD build/obj/ws2811.o
LOAD build/obj/led_external.o
LOAD build/obj/encoder.o
LOAD build/obj/flash_helper.o
LOAD build/obj/mc_interface.o
LOAD build/obj/mcpwm_foc.o
LOAD build/obj/gpdrive.o
LOAD build/obj/confgenerator.o
LOAD build/obj/timer.o
LOAD build/obj/i2c_bb.o
LOAD build/obj/virtual_motor.o
LOAD build/obj/shutdown.o
LOAD build/obj/hw.o
LOAD build/obj/drv8301.o
LOAD build/obj/drv8305.o
LOAD build/obj/drv8320s.o
LOAD build/obj/drv8323s.o
LOAD build/obj/drv8350.o
LOAD build/obj/app.o
LOAD build/obj/app_ppm.o
LOAD build/obj/app_adc.o
LOAD build/obj/app_sten.o
LOAD build/obj/app_uartcomm.o
LOAD build/obj/app_nunchuk.o
LOAD build/obj/app_balance.o
LOAD build/obj/app_custom.o
LOAD build/obj/spi_sw.o
LOAD build/obj/rf.o
LOAD build/obj/rfhelp.o
LOAD build/obj/nrf_driver.o
LOAD build/obj/canard.o
LOAD build/obj/canard_driver.o
LOAD build/obj/esc_Status.o
LOAD build/obj/esc_RawCommand.o
LOAD build/obj/esc_RPMCommand.o
LOAD build/obj/mpu9150.o
LOAD build/obj/icm20948.o
LOAD build/obj/ahrs.o
LOAD build/obj/imu.o
LOAD build/obj/bmi160.o
LOAD build/obj/bmi160_wrapper.o
LOAD build/obj/minilzo.o
LOAD build/obj/bm_if.o
LOAD build/obj/swdptap.o
LOAD build/obj/timing.o
LOAD build/obj/platform.o
LOAD build/obj/exception.o
LOAD build/obj/swdptap_generic.o
LOAD build/obj/target.o
LOAD build/obj/adiv5_swdp.o
LOAD build/obj/adiv5.o
LOAD build/obj/cortexm.o
LOAD build/obj/nrf51.o
LOAD build/obj/stm32f1.o
LOAD build/obj/stm32f4.o
LOAD build/obj/stm32h7.o
LOAD build/obj/stm32l0.o
LOAD build/obj/stm32l4.o
LOAD build/obj/misc.o
LOAD build/obj/stm32f4xx_adc.o
LOAD build/obj/stm32f4xx_dma.o
LOAD build/obj/stm32f4xx_exti.o
LOAD build/obj/stm32f4xx_flash.o
LOAD build/obj/stm32f4xx_rcc.o
LOAD build/obj/stm32f4xx_syscfg.o
LOAD build/obj/stm32f4xx_tim.o
LOAD build/obj/stm32f4xx_iwdg.o
LOAD build/obj/stm32f4xx_wwdg.o
                0x0000000020000000                __ram0_start__ = ORIGIN (ram0)
                0x0000000000020000                __ram0_size__ = LENGTH (ram0)
                0x0000000020020000                __ram0_end__ = (__ram0_start__ + __ram0_size__)
                0x0000000020000000                __ram1_start__ = ORIGIN (ram1)
                0x000000000001c000                __ram1_size__ = LENGTH (ram1)
                0x000000002001c000                __ram1_end__ = (__ram1_start__ + __ram1_size__)
                0x000000002001c000                __ram2_start__ = ORIGIN (ram2)
                0x0000000000004000                __ram2_size__ = LENGTH (ram2)
                0x0000000020020000                __ram2_end__ = (__ram2_start__ + __ram2_size__)
                0x0000000000000000                __ram3_start__ = ORIGIN (ram3)
                0x0000000000000000                __ram3_size__ = LENGTH (ram3)
                0x0000000000000000                __ram3_end__ = (__ram3_start__ + __ram3_size__)
                0x0000000010000000                __ram4_start__ = ORIGIN (ram4)
                0x0000000000010000                __ram4_size__ = LENGTH (ram4)
                0x0000000010010000                __ram4_end__ = (__ram4_start__ + __ram4_size__)
                0x0000000040024000                __ram5_start__ = ORIGIN (ram5)
                0x0000000000001000                __ram5_size__ = LENGTH (ram5)
                0x0000000040025000                __ram5_end__ = (__ram5_start__ + __ram5_size__)
                0x0000000000000000                __ram6_start__ = ORIGIN (ram6)
                0x0000000000000000                __ram6_size__ = LENGTH (ram6)
                0x0000000000000000                __ram6_end__ = (__ram6_start__ + __ram6_size__)
                0x0000000000000000                __ram7_start__ = ORIGIN (ram7)
                0x0000000000000000                __ram7_size__ = LENGTH (ram7)
                0x0000000000000000                __ram7_end__ = (__ram7_start__ + __ram7_size__)
                0x0000000000000000                . = 0x0
                0x0000000000000000                _text = .

startup         0x0000000008000000      0x1c0
 *(.vectors)
 .vectors       0x0000000008000000      0x1c0 build/obj/vectors.o
                0x0000000008000000                _vectors

constructors    0x000000000800c000        0x0
                0x000000000800c000                PROVIDE (__init_array_start = .)
 *(SORT_BY_NAME(.init_array.*))
 *(.init_array)
                0x000000000800c000                PROVIDE (__init_array_end = .)

destructors     0x000000000800c000        0x0
                0x000000000800c000                PROVIDE (__fini_array_start = .)
 *(.fini_array)
 *(SORT_BY_NAME(.fini_array.*))
                0x000000000800c000                PROVIDE (__fini_array_end = .)

.text           0x000000000800c000     0x88b8
 *(.text)
 .text          0x000000000800c000      0x104 build/obj/crt0_v7m.o
                0x000000000800c000                Reset_Handler
 *fill*         0x000000000800c104        0xc 
 .text          0x000000000800c110       0x3a build/obj/chcoreasm_v7m.o
                0x000000000800c110                _port_switch
                0x000000000800c128                _port_thread_start
                0x000000000800c134                _port_switch_from_isr
                0x000000000800c138                _port_exit_from_isr
 *fill*         0x000000000800c14a        0x6 
 .text          0x000000000800c150      0x378 /usr/bin/../lib/gcc/arm-none-eabi/7.3.1/thumb/v7e-m/fpv4-sp/hard/libgcc.a(_arm_addsubdf3.o)
                0x000000000800c150                __aeabi_drsub
                0x000000000800c158                __aeabi_dsub
                0x000000000800c158                __subdf3
                0x000000000800c15c                __adddf3
                0x000000000800c15c                __aeabi_dadd
                0x000000000800c3d4                __aeabi_ui2d
                0x000000000800c3d4                __floatunsidf
                0x000000000800c3f4                __floatsidf
                0x000000000800c3f4                __aeabi_i2d
                0x000000000800c418                __extendsfdf2
                0x000000000800c418                __aeabi_f2d
                0x000000000800c45c                __aeabi_ul2d
                0x000000000800c45c                __floatundidf
                0x000000000800c46c                __floatdidf
                0x000000000800c46c                __aeabi_l2d
 *fill*         0x000000000800c4c8        0x8 
 .text          0x000000000800c4d0      0x424 /usr/bin/../lib/gcc/arm-none-eabi/7.3.1/thumb/v7e-m/fpv4-sp/hard/libgcc.a(_arm_muldivdf3.o)
                0x000000000800c4d0                __aeabi_dmul
                0x000000000800c4d0                __muldf3
                0x000000000800c724                __aeabi_ddiv
                0x000000000800c724                __divdf3
 *fill*         0x000000000800c8f4        0xc 
 .text          0x000000000800c900       0xa0 /usr/bin/../lib/gcc/arm-none-eabi/7.3.1/thumb/v7e-m/fpv4-sp/hard/libgcc.a(_arm_truncdfsf2.o)
                0x000000000800c900                __aeabi_d2f
                0x000000000800c900                __truncdfsf2
 .text          0x000000000800c9a0      0x134 /usr/bin/../lib/gcc/arm-none-eabi/7.3.1/../../../../arm-none-eabi/lib/thumb/v7e-m/fpv4-sp/hard/libg.a(lib_a-memcpy.o)
                0x000000000800c9a0                memcpy
 *(.text.*)
 *fill*         0x000000000800cad4        0xc 
 .text.__core_init
                0x000000000800cae0        0x4 build/obj/crt1.o
                0x000000000800cae0                __core_init
 *fill*         0x000000000800cae4        0xc 
 .text.__late_init
                0x000000000800caf0        0x4 build/obj/crt1.o
                0x000000000800caf0                __late_init
 *fill*         0x000000000800caf4        0xc 
 .text.__default_exit
                0x000000000800cb00        0x4 build/obj/crt1.o
                0x000000000800cb00                __default_exit
 *fill*         0x000000000800cb04        0xc 
 .text._unhandled_exception
                0x000000000800cb10        0x4 build/obj/vectors.o
                0x000000000800cb10                Vector58
                0x000000000800cb10                VectorE8
                0x000000000800cb10                VectorAC
                0x000000000800cb10                DebugMon_Handler
                0x000000000800cb10                Vector1A0
                0x000000000800cb10                Vector5C
                0x000000000800cb10                Vector11C
                0x000000000800cb10                HardFault_Handler
                0x000000000800cb10                Vector1B8
                0x000000000800cb10                Vector19C
                0x000000000800cb10                Vector168
                0x000000000800cb10                NMI_Handler
                0x000000000800cb10                VectorA8
                0x000000000800cb10                Vector160
                0x000000000800cb10                Vector1B0
                0x000000000800cb10                UsageFault_Handler
                0x000000000800cb10                VectorEC
                0x000000000800cb10                Vector40
                0x000000000800cb10                Vector108
                0x000000000800cb10                VectorBC
                0x000000000800cb10                Vector190
                0x000000000800cb10                Vector148
                0x000000000800cb10                Vector188
                0x000000000800cb10                Vector198
                0x000000000800cb10                Vector118
                0x000000000800cb10                Vector64
                0x000000000800cb10                VectorCC
                0x000000000800cb10                Vector54
                0x000000000800cb10                VectorD8
                0x000000000800cb10                Vector138
                0x000000000800cb10                Vector24
                0x000000000800cb10                Vector1AC
                0x000000000800cb10                Vector178
                0x000000000800cb10                Vector1A4
                0x000000000800cb10                VectorD0
                0x000000000800cb10                Vector1B4
                0x000000000800cb10                Vector140
                0x000000000800cb10                VectorE4
                0x000000000800cb10                VectorC0
                0x000000000800cb10                Vector134
                0x000000000800cb10                VectorF0
                0x000000000800cb10                Vector13C
                0x000000000800cb10                Vector100
                0x000000000800cb10                VectorE0
                0x000000000800cb10                VectorF4
                0x000000000800cb10                MemManage_Handler
                0x000000000800cb10                VectorA0
                0x000000000800cb10                SVC_Handler
                0x000000000800cb10                Vector180
                0x000000000800cb10                VectorB0
                0x000000000800cb10                Vector114
                0x000000000800cb10                Vector60
                0x000000000800cb10                Vector164
                0x000000000800cb10                Vector1C
                0x000000000800cb10                Vector1BC
                0x000000000800cb10                Vector17C
                0x000000000800cb10                Vector48
                0x000000000800cb10                Vector1A8
                0x000000000800cb10                Vector16C
                0x000000000800cb10                VectorD4
                0x000000000800cb10                Vector4C
                0x000000000800cb10                Vector144
                0x000000000800cb10                Vector68
                0x000000000800cb10                _unhandled_exception
                0x000000000800cb10                Vector170
                0x000000000800cb10                Vector104
                0x000000000800cb10                Vector184
                0x000000000800cb10                Vector10C
                0x000000000800cb10                BusFault_Handler
                0x000000000800cb10                Vector50
                0x000000000800cb10                Vector194
                0x000000000800cb10                Vector28
                0x000000000800cb10                Vector34
                0x000000000800cb10                VectorA4
                0x000000000800cb10                Vector20
                0x000000000800cb10                Vector18C
                0x000000000800cb10                Vector174
 *fill*         0x000000000800cb14        0xc 
 .text._idle_thread
                0x000000000800cb20        0x4 build/obj/chsys.o
 *fill*         0x000000000800cb24        0xc 
 .text.chSysInit
                0x000000000800cb30       0x98 build/obj/chsys.o
                0x000000000800cb30                chSysInit
 *fill*         0x000000000800cbc8        0x8 
 .text.chSysTimerHandlerI
                0x000000000800cbd0       0x50 build/obj/chsys.o
                0x000000000800cbd0                chSysTimerHandlerI
 .text.chSysPolledDelayX
                0x000000000800cc20       0x14 build/obj/chsys.o
                0x000000000800cc20                chSysPolledDelayX
 *fill*         0x000000000800cc34        0xc 
 .text._vt_init
                0x000000000800cc40       0x1c build/obj/chvt.o
                0x000000000800cc40                _vt_init
 *fill*         0x000000000800cc5c        0x4 
 .text.chVTDoSetI
                0x000000000800cc60       0x3c build/obj/chvt.o
                0x000000000800cc60                chVTDoSetI
 *fill*         0x000000000800cc9c        0x4 
 .text.chVTDoResetI
                0x000000000800cca0       0x28 build/obj/chvt.o
                0x000000000800cca0                chVTDoResetI
 *fill*         0x000000000800ccc8        0x8 
 .text.wakeup   0x000000000800ccd0       0x60 build/obj/chschd.o
 .text._scheduler_init
                0x000000000800cd30       0x14 build/obj/chschd.o
                0x000000000800cd30                _scheduler_init
 *fill*         0x000000000800cd44        0xc 
 .text.chSchReadyI
                0x000000000800cd50       0x24 build/obj/chschd.o
                0x000000000800cd50                chSchReadyI
 *fill*         0x000000000800cd74        0xc 
 .text.chSchGoSleepS
                0x000000000800cd80       0x28 build/obj/chschd.o
                0x000000000800cd80                chSchGoSleepS
 *fill*         0x000000000800cda8        0x8 
 .text.chSchGoSleepTimeoutS
                0x000000000800cdb0       0x44 build/obj/chschd.o
                0x000000000800cdb0                chSchGoSleepTimeoutS
 *fill*         0x000000000800cdf4        0xc 
 .text.chSchWakeupS
                0x000000000800ce00       0x58 build/obj/chschd.o
                0x000000000800ce00                chSchWakeupS
 *fill*         0x000000000800ce58        0x8 
 .text.chSchIsPreemptionRequired
                0x000000000800ce60       0x28 build/obj/chschd.o
                0x000000000800ce60                chSchIsPreemptionRequired
 *fill*         0x000000000800ce88        0x8 
 .text.chSchDoRescheduleBehind
                0x000000000800ce90       0x3c build/obj/chschd.o
                0x000000000800ce90                chSchDoRescheduleBehind
 *fill*         0x000000000800cecc        0x4 
 .text.chSchDoRescheduleAhead
                0x000000000800ced0       0x38 build/obj/chschd.o
                0x000000000800ced0                chSchDoRescheduleAhead
 *fill*         0x000000000800cf08        0x8 
 .text.chSchDoReschedule
                0x000000000800cf10       0x14 build/obj/chschd.o
                0x000000000800cf10                chSchDoReschedule
 *fill*         0x000000000800cf24        0xc 
 .text._thread_init
                0x000000000800cf30       0x40 build/obj/chthreads.o
                0x000000000800cf30                _thread_init
 .text.chThdCreateStatic
                0x000000000800cf70       0x5c build/obj/chthreads.o
                0x000000000800cf70                chThdCreateStatic
 *fill*         0x000000000800cfcc        0x4 
 .text.chThdSleep
                0x000000000800cfd0       0x10 build/obj/chthreads.o
                0x000000000800cfd0                chThdSleep
 .text.chThdExitS
                0x000000000800cfe0       0x40 build/obj/chthreads.o
                0x000000000800cfe0                chThdExitS
 .text.chThdExit
                0x000000000800d020        0x8 build/obj/chthreads.o
                0x000000000800d020                chThdExit
 *fill*         0x000000000800d028        0x8 
 .text.chThdResumeI
                0x000000000800d030       0x14 build/obj/chthreads.o
                0x000000000800d030                chThdResumeI
 *fill*         0x000000000800d044        0xc 
 .text.chThdEnqueueTimeoutS
                0x000000000800d050       0x28 build/obj/chthreads.o
                0x000000000800d050                chThdEnqueueTimeoutS
 *fill*         0x000000000800d078        0x8 
 .text.chThdDequeueNextI
                0x000000000800d080       0x20 build/obj/chthreads.o
                0x000000000800d080                chThdDequeueNextI
 .text.chThdDequeueAllI
                0x000000000800d0a0       0x24 build/obj/chthreads.o
                0x000000000800d0a0                chThdDequeueAllI
 *fill*         0x000000000800d0c4        0xc 
 .text.chTMStartMeasurementX
                0x000000000800d0d0        0xc build/obj/chtm.o
                0x000000000800d0d0                chTMStartMeasurementX
 *fill*         0x000000000800d0dc        0x4 
 .text.chTMStopMeasurementX
                0x000000000800d0e0       0x48 build/obj/chtm.o
                0x000000000800d0e0                chTMStopMeasurementX
 *fill*         0x000000000800d128        0x8 
 .text._tm_init
                0x000000000800d130       0x38 build/obj/chtm.o
                0x000000000800d130                _tm_init
 *fill*         0x000000000800d168        0x8 
 .text.chMtxObjectInit
                0x000000000800d170        0xc build/obj/chmtx.o
                0x000000000800d170                chMtxObjectInit
 *fill*         0x000000000800d17c        0x4 
 .text.chEvtSignalI
                0x000000000800d180       0x28 build/obj/chevents.o
                0x000000000800d180                chEvtSignalI
 *fill*         0x000000000800d1a8        0x8 
 .text.chEvtBroadcastFlagsI
                0x000000000800d1b0       0x2c build/obj/chevents.o
                0x000000000800d1b0                chEvtBroadcastFlagsI
 *fill*         0x000000000800d1dc        0x4 
 .text.chIQObjectInit
                0x000000000800d1e0       0x20 build/obj/chqueues.o
                0x000000000800d1e0                chIQObjectInit
 .text.chIQPutI
                0x000000000800d200       0x38 build/obj/chqueues.o
                0x000000000800d200                chIQPutI
 *fill*         0x000000000800d238        0x8 
 .text.chIQGetTimeout
                0x000000000800d240       0x40 build/obj/chqueues.o
                0x000000000800d240                chIQGetTimeout
 .text.chIQReadTimeout
                0x000000000800d280       0x5c build/obj/chqueues.o
                0x000000000800d280                chIQReadTimeout
 *fill*         0x000000000800d2dc        0x4 
 .text.chOQObjectInit
                0x000000000800d2e0       0x1c build/obj/chqueues.o
                0x000000000800d2e0                chOQObjectInit
 *fill*         0x000000000800d2fc        0x4 
 .text.chOQPutTimeout
                0x000000000800d300       0x48 build/obj/chqueues.o
                0x000000000800d300                chOQPutTimeout
 *fill*         0x000000000800d348        0x8 
 .text.chOQGetI
                0x000000000800d350       0x38 build/obj/chqueues.o
                0x000000000800d350                chOQGetI
 *fill*         0x000000000800d388        0x8 
 .text.chOQWriteTimeout
                0x000000000800d390       0x70 build/obj/chqueues.o
                0x000000000800d390                chOQWriteTimeout
 .text._core_init
                0x000000000800d400       0x28 build/obj/chmemcore.o
                0x000000000800d400                _core_init
 *fill*         0x000000000800d428        0x8 
 .text.chCoreAlloc
                0x000000000800d430       0x2c build/obj/chmemcore.o
                0x000000000800d430                chCoreAlloc
 *fill*         0x000000000800d45c        0x4 
 .text._heap_init
                0x000000000800d460       0x1c build/obj/chheap.o
                0x000000000800d460                _heap_init
 *fill*         0x000000000800d47c        0x4 
 .text.PendSV_Handler
                0x000000000800d480       0x24 build/obj/chcore_v7m.o
                0x000000000800d480                PendSV_Handler
 *fill*         0x000000000800d4a4        0xc 
 .text._port_irq_epilogue
                0x000000000800d4b0       0x58 build/obj/chcore_v7m.o
                0x000000000800d4b0                _port_irq_epilogue
 *fill*         0x000000000800d508        0x8 
 .text.halInit  0x000000000800d510       0x38 build/obj/hal.o
                0x000000000800d510                halInit
 *fill*         0x000000000800d548        0x8 
 .text.stInit   0x000000000800d550        0x4 build/obj/st.o
                0x000000000800d550                stInit
 *fill*         0x000000000800d554        0xc 
 .text.canInit  0x000000000800d560        0x4 build/obj/can.o
                0x000000000800d560                canInit
 *fill*         0x000000000800d564        0xc 
 .text.canObjectInit
                0x000000000800d570       0x3c build/obj/can.o
                0x000000000800d570                canObjectInit
 *fill*         0x000000000800d5ac        0x4 
 .text.i2cInit  0x000000000800d5b0        0x4 build/obj/i2c.o
                0x000000000800d5b0                i2cInit
 *fill*         0x000000000800d5b4        0xc 
 .text.i2cObjectInit
                0x000000000800d5c0       0x10 build/obj/i2c.o
                0x000000000800d5c0                i2cObjectInit
 .text.icuInit  0x000000000800d5d0        0x4 build/obj/icu.o
                0x000000000800d5d0                icuInit
 *fill*         0x000000000800d5d4        0xc 
 .text.icuObjectInit
                0x000000000800d5e0        0xc build/obj/icu.o
                0x000000000800d5e0                icuObjectInit
 *fill*         0x000000000800d5ec        0x4 
 .text.readt    0x000000000800d5f0        0x8 build/obj/serial.o
 *fill*         0x000000000800d5f8        0x8 
 .text.read     0x000000000800d600        0xc build/obj/serial.o
 *fill*         0x000000000800d60c        0x4 
 .text.writet   0x000000000800d610        0x8 build/obj/serial.o
 *fill*         0x000000000800d618        0x8 
 .text.write    0x000000000800d620        0xc build/obj/serial.o
 *fill*         0x000000000800d62c        0x4 
 .text.gett     0x000000000800d630        0x8 build/obj/serial.o
 *fill*         0x000000000800d638        0x8 
 .text.get      0x000000000800d640        0xc build/obj/serial.o
 *fill*         0x000000000800d64c        0x4 
 .text.putt     0x000000000800d650        0x8 build/obj/serial.o
 *fill*         0x000000000800d658        0x8 
 .text.put      0x000000000800d660        0xc build/obj/serial.o
 *fill*         0x000000000800d66c        0x4 
 .text.sdInit   0x000000000800d670        0x4 build/obj/serial.o
                0x000000000800d670                sdInit
 *fill*         0x000000000800d674        0xc 
 .text.sdObjectInit
                0x000000000800d680       0x40 build/obj/serial.o
                0x000000000800d680                sdObjectInit
 .text.sdIncomingDataI
                0x000000000800d6c0       0x3c build/obj/serial.o
                0x000000000800d6c0                sdIncomingDataI
 *fill*         0x000000000800d6fc        0x4 
 .text.sduInit  0x000000000800d700        0x4 build/obj/serial_usb.o
                0x000000000800d700                sduInit
 *fill*         0x000000000800d704        0xc 
 .text.spiInit  0x000000000800d710        0x4 build/obj/spi.o
                0x000000000800d710                spiInit
 *fill*         0x000000000800d714        0xc 
 .text.spiObjectInit
                0x000000000800d720       0x10 build/obj/spi.o
                0x000000000800d720                spiObjectInit
 .text.usbInit  0x000000000800d730        0x4 build/obj/usb.o
                0x000000000800d730                usbInit
 *fill*         0x000000000800d734        0xc 
 .text.usbObjectInit
                0x000000000800d740       0x18 build/obj/usb.o
                0x000000000800d740                usbObjectInit
 *fill*         0x000000000800d758        0x8 
 .text._usb_reset
                0x000000000800d760       0x1c build/obj/usb.o
                0x000000000800d760                _usb_reset
 *fill*         0x000000000800d77c        0x4 
 .text._usb_ep0setup
                0x000000000800d780      0x330 build/obj/usb.o
                0x000000000800d780                _usb_ep0setup
 .text._usb_ep0in
                0x000000000800dab0       0xd4 build/obj/usb.o
                0x000000000800dab0                _usb_ep0in
 *fill*         0x000000000800db84        0xc 
 .text._usb_ep0out
                0x000000000800db90       0x90 build/obj/usb.o
                0x000000000800db90                _usb_ep0out
 .text.nvicSetSystemHandlerPriority
                0x000000000800dc20       0x10 build/obj/nvic.o
                0x000000000800dc20                nvicSetSystemHandlerPriority
 .text.Vector6C
                0x000000000800dc30       0x28 build/obj/stm32_dma.o
                0x000000000800dc30                Vector6C
 *fill*         0x000000000800dc58        0x8 
 .text.Vector70
                0x000000000800dc60       0x2c build/obj/stm32_dma.o
                0x000000000800dc60                Vector70
 *fill*         0x000000000800dc8c        0x4 
 .text.Vector74
                0x000000000800dc90       0x2c build/obj/stm32_dma.o
                0x000000000800dc90                Vector74
 *fill*         0x000000000800dcbc        0x4 
 .text.Vector78
                0x000000000800dcc0       0x2c build/obj/stm32_dma.o
                0x000000000800dcc0                Vector78
 *fill*         0x000000000800dcec        0x4 
 .text.Vector7C
                0x000000000800dcf0       0x28 build/obj/stm32_dma.o
                0x000000000800dcf0                Vector7C
 *fill*         0x000000000800dd18        0x8 
 .text.Vector80
                0x000000000800dd20       0x2c build/obj/stm32_dma.o
                0x000000000800dd20                Vector80
 *fill*         0x000000000800dd4c        0x4 
 .text.Vector84
                0x000000000800dd50       0x2c build/obj/stm32_dma.o
                0x000000000800dd50                Vector84
 *fill*         0x000000000800dd7c        0x4 
 .text.VectorFC
                0x000000000800dd80       0x2c build/obj/stm32_dma.o
                0x000000000800dd80                VectorFC
 *fill*         0x000000000800ddac        0x4 
 .text.Vector120
                0x000000000800ddb0       0x28 build/obj/stm32_dma.o
                0x000000000800ddb0                Vector120
 *fill*         0x000000000800ddd8        0x8 
 .text.Vector124
                0x000000000800dde0       0x2c build/obj/stm32_dma.o
                0x000000000800dde0                Vector124
 *fill*         0x000000000800de0c        0x4 
 .text.Vector128
                0x000000000800de10       0x2c build/obj/stm32_dma.o
                0x000000000800de10                Vector128
 *fill*         0x000000000800de3c        0x4 
 .text.Vector12C
                0x000000000800de40       0x2c build/obj/stm32_dma.o
                0x000000000800de40                Vector12C
 *fill*         0x000000000800de6c        0x4 
 .text.Vector130
                0x000000000800de70       0x28 build/obj/stm32_dma.o
                0x000000000800de70                Vector130
 *fill*         0x000000000800de98        0x8 
 .text.Vector150
                0x000000000800dea0       0x2c build/obj/stm32_dma.o
                0x000000000800dea0                Vector150
 *fill*         0x000000000800decc        0x4 
 .text.Vector154
                0x000000000800ded0       0x2c build/obj/stm32_dma.o
                0x000000000800ded0                Vector154
 *fill*         0x000000000800defc        0x4 
 .text.Vector158
                0x000000000800df00       0x2c build/obj/stm32_dma.o
                0x000000000800df00                Vector158
 *fill*         0x000000000800df2c        0x4 
 .text.dmaInit  0x000000000800df30       0x54 build/obj/stm32_dma.o
                0x000000000800df30                dmaInit
 *fill*         0x000000000800df84        0xc 
 .text.hal_lld_init
                0x000000000800df90       0x6c build/obj/hal_lld.o
                0x000000000800df90                hal_lld_init
 *fill*         0x000000000800dffc        0x4 
 .text.stm32_clock_init
                0x000000000800e000       0xc0 build/obj/hal_lld.o
                0x000000000800e000                stm32_clock_init
 .text.SysTick_Handler
                0x000000000800e0c0       0x14 build/obj/st_lld.o
                0x000000000800e0c0                SysTick_Handler
 *fill*         0x000000000800e0d4        0xc 
 .text.st_lld_init
                0x000000000800e0e0       0x1c build/obj/st_lld.o
                0x000000000800e0e0                st_lld_init
 *fill*         0x000000000800e0fc        0x4 
 .text.can_lld_set_filters
                0x000000000800e100      0x11c build/obj/can_lld.o
 *fill*         0x000000000800e21c        0x4 
 .text.Vector8C
                0x000000000800e220       0x34 build/obj/can_lld.o
                0x000000000800e220                Vector8C
 *fill*         0x000000000800e254        0xc 
 .text.Vector90
                0x000000000800e260       0x54 build/obj/can_lld.o
                0x000000000800e260                Vector90
 *fill*         0x000000000800e2b4        0xc 
 .text.Vector94
                0x000000000800e2c0       0x54 build/obj/can_lld.o
                0x000000000800e2c0                Vector94
 *fill*         0x000000000800e314        0xc 
 .text.Vector98
                0x000000000800e320       0x68 build/obj/can_lld.o
                0x000000000800e320                Vector98
 *fill*         0x000000000800e388        0x8 
 .text.can_lld_init
                0x000000000800e390       0x24 build/obj/can_lld.o
                0x000000000800e390                can_lld_init
 *fill*         0x000000000800e3b4        0xc 
 .text._pal_lld_init
                0x000000000800e3c0      0x1b0 build/obj/pal_lld.o
                0x000000000800e3c0                _pal_lld_init
 .text.VectorC4
                0x000000000800e570       0xec build/obj/i2c_lld.o
                0x000000000800e570                VectorC4
 *fill*         0x000000000800e65c        0x4 
 .text.VectorC8
                0x000000000800e660       0xd4 build/obj/i2c_lld.o
                0x000000000800e660                VectorC8
 *fill*         0x000000000800e734        0xc 
 .text.i2c_lld_init
                0x000000000800e740       0x2c build/obj/i2c_lld.o
                0x000000000800e740                i2c_lld_init
 *fill*         0x000000000800e76c        0x4 
 .text.usb_lld_init
                0x000000000800e770       0x24 build/obj/usb_lld.o
                0x000000000800e770                usb_lld_init
 *fill*         0x000000000800e794        0xc 
 .text.usb_lld_reset
                0x000000000800e7a0       0xbc build/obj/usb_lld.o
                0x000000000800e7a0                usb_lld_reset
 *fill*         0x000000000800e85c        0x4 
 .text.usb_lld_set_address
                0x000000000800e860       0x18 build/obj/usb_lld.o
                0x000000000800e860                usb_lld_set_address
 *fill*         0x000000000800e878        0x8 
 .text.usb_lld_get_status_out
                0x000000000800e880       0x1c build/obj/usb_lld.o
                0x000000000800e880                usb_lld_get_status_out
 *fill*         0x000000000800e89c        0x4 
 .text.usb_lld_get_status_in
                0x000000000800e8a0       0x1c build/obj/usb_lld.o
                0x000000000800e8a0                usb_lld_get_status_in
 *fill*         0x000000000800e8bc        0x4 
 .text.usb_lld_read_setup
                0x000000000800e8c0       0x14 build/obj/usb_lld.o
                0x000000000800e8c0                usb_lld_read_setup
 *fill*         0x000000000800e8d4        0xc 
 .text.usb_lld_prepare_receive
                0x000000000800e8e0       0x40 build/obj/usb_lld.o
                0x000000000800e8e0                usb_lld_prepare_receive
 .text.otg_epout_handler.constprop.7
                0x000000000800e920       0x94 build/obj/usb_lld.o
 *fill*         0x000000000800e9b4        0xc 
 .text.usb_lld_prepare_transmit
                0x000000000800e9c0       0x4c build/obj/usb_lld.o
                0x000000000800e9c0                usb_lld_prepare_transmit
 *fill*         0x000000000800ea0c        0x4 
 .text.otg_epin_handler.constprop.8
                0x000000000800ea10       0xc0 build/obj/usb_lld.o
 .text.Vector14C
                0x000000000800ead0       0xec build/obj/usb_lld.o
                0x000000000800ead0                Vector14C
 *fill*         0x000000000800ebbc        0x4 
 .text.usb_lld_start_out
                0x000000000800ebc0       0x14 build/obj/usb_lld.o
                0x000000000800ebc0                usb_lld_start_out
 *fill*         0x000000000800ebd4        0xc 
 .text.usb_lld_start_in
                0x000000000800ebe0       0x2c build/obj/usb_lld.o
                0x000000000800ebe0                usb_lld_start_in
 *fill*         0x000000000800ec0c        0x4 
 .text.usb_lld_stall_out
                0x000000000800ec10       0x14 build/obj/usb_lld.o
                0x000000000800ec10                usb_lld_stall_out
 *fill*         0x000000000800ec24        0xc 
 .text.usb_lld_stall_in
                0x000000000800ec30       0x14 build/obj/usb_lld.o
                0x000000000800ec30                usb_lld_stall_in
 *fill*         0x000000000800ec44        0xc 
 .text.usb_lld_clear_out
                0x000000000800ec50       0x14 build/obj/usb_lld.o
                0x000000000800ec50                usb_lld_clear_out
 *fill*         0x000000000800ec64        0xc 
 .text.usb_lld_clear_in
                0x000000000800ec70       0x14 build/obj/usb_lld.o
                0x000000000800ec70                usb_lld_clear_in
 *fill*         0x000000000800ec84        0xc 
 .text.spi_lld_init
                0x000000000800ec90       0x44 build/obj/spi_lld.o
                0x000000000800ec90                spi_lld_init
 *fill*         0x000000000800ecd4        0xc 
 .text.VectorB8
                0x000000000800ece0       0xa0 build/obj/icu_lld.o
                0x000000000800ece0                VectorB8
 .text.icu_lld_init
                0x000000000800ed80       0x18 build/obj/icu_lld.o
                0x000000000800ed80                icu_lld_init
 *fill*         0x000000000800ed98        0x8 
 .text.notify3  0x000000000800eda0       0x10 build/obj/serial_lld.o
 .text.notify4  0x000000000800edb0       0x10 build/obj/serial_lld.o
 .text.notify6  0x000000000800edc0       0x10 build/obj/serial_lld.o
 .text.serve_interrupt
                0x000000000800edd0       0xf4 build/obj/serial_lld.o
 *fill*         0x000000000800eec4        0xc 
 .text.VectorDC
                0x000000000800eed0       0x14 build/obj/serial_lld.o
                0x000000000800eed0                VectorDC
 *fill*         0x000000000800eee4        0xc 
 .text.Vector110
                0x000000000800eef0       0x14 build/obj/serial_lld.o
                0x000000000800eef0                Vector110
 *fill*         0x000000000800ef04        0xc 
 .text.Vector15C
                0x000000000800ef10       0x14 build/obj/serial_lld.o
                0x000000000800ef10                Vector15C
 *fill*         0x000000000800ef24        0xc 
 .text.sd_lld_init
                0x000000000800ef30       0x60 build/obj/serial_lld.o
                0x000000000800ef30                sd_lld_init
 .text.__early_init
                0x000000000800ef90        0x4 build/obj/board.o
                0x000000000800ef90                __early_init
 *fill*         0x000000000800ef94        0xc 
 .text.boardInit
                0x000000000800efa0        0x4 build/obj/board.o
                0x000000000800efa0                boardInit
 *fill*         0x000000000800efa4        0xc 
 .text.SPI_Config
                0x000000000800efb0       0x54 build/obj/main.o
                0x000000000800efb0                SPI_Config
 *fill*         0x000000000800f004        0xc 
 .text.SPI_Transmit
                0x000000000800f010       0x44 build/obj/main.o
                0x000000000800f010                SPI_Transmit
 *fill*         0x000000000800f054        0xc 
 .text.senddata
                0x000000000800f060       0x30 build/obj/main.o
                0x000000000800f060                senddata
 .text.startup.main
                0x000000000800f090       0x58 build/obj/main.o
                0x000000000800f090                main
 *fill*         0x000000000800f0e8        0x8 
 .text.Vector88
                0x000000000800f0f0       0x1c build/obj/irq_handlers.o
                0x000000000800f0f0                Vector88
 *fill*         0x000000000800f10c        0x4 
 .text.Vector9C
                0x000000000800f110       0x20 build/obj/irq_handlers.o
                0x000000000800f110                Vector9C
 .text.VectorB4
                0x000000000800f130       0x24 build/obj/irq_handlers.o
                0x000000000800f130                VectorB4
 *fill*         0x000000000800f154        0xc 
 .text.VectorF8
                0x000000000800f160       0x24 build/obj/irq_handlers.o
                0x000000000800f160                VectorF8
 *fill*         0x000000000800f184        0xc 
 .text.Vector44
                0x000000000800f190       0x28 build/obj/irq_handlers.o
                0x000000000800f190                Vector44
 *fill*         0x000000000800f1b8        0x8 
 .text.filter_run_fir_iteration
                0x000000000800f1c0       0x4c build/obj/digital_filter.o
                0x000000000800f1c0                filter_run_fir_iteration
 *fill*         0x000000000800f20c        0x4 
 .text.filter_add_sample
                0x000000000800f210       0x24 build/obj/digital_filter.o
                0x000000000800f210                filter_add_sample
 *fill*         0x000000000800f234        0xc 
 .text.ledpwm_update_pwm
                0x000000000800f240       0x40 build/obj/ledpwm.o
                0x000000000800f240                ledpwm_update_pwm
 .text.update_adc_sample_pos
                0x000000000800f280      0x1dc build/obj/mcpwm.o
 *fill*         0x000000000800f45c        0x4 
 .text.update_timer_attempt
                0x000000000800f460       0x7c build/obj/mcpwm.o
 *fill*         0x000000000800f4dc        0x4 
 .text.set_next_timer_settings
                0x000000000800f4e0       0x2c build/obj/mcpwm.o
 *fill*         0x000000000800f50c        0x4 
 .text.set_switching_frequency
                0x000000000800f510       0x54 build/obj/mcpwm.o
 *fill*         0x000000000800f564        0xc 
 .text.set_duty_cycle_hw
                0x000000000800f570      0x118 build/obj/mcpwm.o
 *fill*         0x000000000800f688        0x8 
 .text.set_next_comm_step
                0x000000000800f690      0x460 build/obj/mcpwm.o
 .text.stop_pwm_hw
                0x000000000800faf0       0x80 build/obj/mcpwm.o
 .text.mcpwm_get_rpm.part.0
                0x000000000800fb70       0x24 build/obj/mcpwm.o
 *fill*         0x000000000800fb94        0xc 
 .text.mcpwm_get_comm_step
                0x000000000800fba0        0xc build/obj/mcpwm.o
                0x000000000800fba0                mcpwm_get_comm_step
 *fill*         0x000000000800fbac        0x4 
 .text.mcpwm_get_duty_cycle_now
                0x000000000800fbb0        0xc build/obj/mcpwm.o
                0x000000000800fbb0                mcpwm_get_duty_cycle_now
 *fill*         0x000000000800fbbc        0x4 
 .text.mcpwm_get_switching_frequency_now
                0x000000000800fbc0        0xc build/obj/mcpwm.o
                0x000000000800fbc0                mcpwm_get_switching_frequency_now
 *fill*         0x000000000800fbcc        0x4 
 .text.mcpwm_get_rpm
                0x000000000800fbd0       0x2c build/obj/mcpwm.o
                0x000000000800fbd0                mcpwm_get_rpm
 *fill*         0x000000000800fbfc        0x4 
 .text.mcpwm_get_state
                0x000000000800fc00        0xc build/obj/mcpwm.o
                0x000000000800fc00                mcpwm_get_state
 *fill*         0x000000000800fc0c        0x4 
 .text.mcpwm_get_tot_current
                0x000000000800fc10        0xc build/obj/mcpwm.o
                0x000000000800fc10                mcpwm_get_tot_current
 *fill*         0x000000000800fc1c        0x4 
 .text.mcpwm_get_tot_current_filtered
                0x000000000800fc20        0xc build/obj/mcpwm.o
                0x000000000800fc20                mcpwm_get_tot_current_filtered
 *fill*         0x000000000800fc2c        0x4 
 .text.mcpwm_get_tot_current_in_filtered
                0x000000000800fc30       0x20 build/obj/mcpwm.o
                0x000000000800fc30                mcpwm_get_tot_current_in_filtered
 .text.mcpwm_get_tachometer_value
                0x000000000800fc50       0x14 build/obj/mcpwm.o
                0x000000000800fc50                mcpwm_get_tachometer_value
 *fill*         0x000000000800fc64        0xc 
 .text.mcpwm_stop_pwm
                0x000000000800fc70       0x28 build/obj/mcpwm.o
                0x000000000800fc70                mcpwm_stop_pwm
 *fill*         0x000000000800fc98        0x8 
 .text.mcpwm_adc_inj_int_handler
                0x000000000800fca0      0x468 build/obj/mcpwm.o
                0x000000000800fca0                mcpwm_adc_inj_int_handler
 *fill*         0x0000000008010108        0x8 
 .text.mcpwm_get_last_inj_adc_isr_duration
                0x0000000008010110        0xc build/obj/mcpwm.o
                0x0000000008010110                mcpwm_get_last_inj_adc_isr_duration
 *fill*         0x000000000801011c        0x4 
 .text.mcpwm_is_dccal_done
                0x0000000008010120        0xc build/obj/mcpwm.o
                0x0000000008010120                mcpwm_is_dccal_done
 *fill*         0x000000000801012c        0x4 
 .text.mcpwm_read_hall_phase
                0x0000000008010130       0x38 build/obj/mcpwm.o
                0x0000000008010130                mcpwm_read_hall_phase
 *fill*         0x0000000008010168        0x8 
 .text.utils_norm_angle
                0x0000000008010170       0x34 build/obj/utils.o
                0x0000000008010170                utils_norm_angle
 *fill*         0x00000000080101a4        0xc 
 .text.utils_norm_angle_rad
                0x00000000080101b0       0x5c build/obj/utils.o
                0x00000000080101b0                utils_norm_angle_rad
 *fill*         0x000000000801020c        0x4 
 .text.utils_truncate_number
                0x0000000008010210       0x2c build/obj/utils.o
                0x0000000008010210                utils_truncate_number
 *fill*         0x000000000801023c        0x4 
 .text.utils_truncate_number_int
                0x0000000008010240       0x18 build/obj/utils.o
                0x0000000008010240                utils_truncate_number_int
 *fill*         0x0000000008010258        0x8 
 .text.utils_truncate_number_abs
                0x0000000008010260       0x28 build/obj/utils.o
                0x0000000008010260                utils_truncate_number_abs
 *fill*         0x0000000008010288        0x8 
 .text.utils_map
                0x0000000008010290       0x1c build/obj/utils.o
                0x0000000008010290                utils_map
 *fill*         0x00000000080102ac        0x4 
 .text.utils_angle_difference
                0x00000000080102b0       0x54 build/obj/utils.o
                0x00000000080102b0                utils_angle_difference
 *fill*         0x0000000008010304        0xc 
 .text.utils_angle_difference_rad
                0x0000000008010310       0x54 build/obj/utils.o
                0x0000000008010310                utils_angle_difference_rad
 *fill*         0x0000000008010364        0xc 
 .text.utils_middle_of_3_int
                0x0000000008010370       0x34 build/obj/utils.o
                0x0000000008010370                utils_middle_of_3_int
 *fill*         0x00000000080103a4        0xc 
 .text.utils_fast_atan2
                0x00000000080103b0       0x7c build/obj/utils.o
                0x00000000080103b0                utils_fast_atan2
 *fill*         0x000000000801042c        0x4 
 .text.utils_saturate_vector_2d
                0x0000000008010430       0x90 build/obj/utils.o
                0x0000000008010430                utils_saturate_vector_2d
 .text.utils_fast_sincos_better
                0x00000000080104c0      0x114 build/obj/utils.o
                0x00000000080104c0                utils_fast_sincos_better
 *fill*         0x00000000080105d4        0xc 
 .text.utils_max_abs
                0x00000000080105e0       0x18 build/obj/utils.o
                0x00000000080105e0                utils_max_abs
 *fill*         0x00000000080105f8        0x8 
 .text.utils_sys_lock_cnt
                0x0000000008010600       0x14 build/obj/utils.o
                0x0000000008010600                utils_sys_lock_cnt
 *fill*         0x0000000008010614        0xc 
 .text.utils_sys_unlock_cnt
                0x0000000008010620       0x18 build/obj/utils.o
                0x0000000008010620                utils_sys_unlock_cnt
 *fill*         0x0000000008010638        0x8 
 .text.terminal_add_fault_data
                0x0000000008010640       0x30 build/obj/terminal.o
                0x0000000008010640                terminal_add_fault_data
 .text.timeout_feed_WDT
                0x0000000008010670       0x14 build/obj/timeout.o
                0x0000000008010670                timeout_feed_WDT
 *fill*         0x0000000008010684        0xc 
 .text.encoder_is_configured
                0x0000000008010690       0x10 build/obj/encoder.o
                0x0000000008010690                encoder_is_configured
 .text.encoder_read_deg
                0x00000000080106a0       0x6c build/obj/encoder.o
                0x00000000080106a0                encoder_read_deg
 *fill*         0x000000000801070c        0x4 
 .text.encoder_reset
                0x0000000008010710       0x74 build/obj/encoder.o
                0x0000000008010710                encoder_reset
 *fill*         0x0000000008010784        0xc 
 .text.encoder_tim_isr
                0x0000000008010790      0x10c build/obj/encoder.o
                0x0000000008010790                encoder_tim_isr
 *fill*         0x000000000801089c        0x4 
 .text.encoder_index_found
                0x00000000080108a0        0xc build/obj/encoder.o
                0x00000000080108a0                encoder_index_found
 *fill*         0x00000000080108ac        0x4 
 .text.spi_transfer.isra.0.constprop.1
                0x00000000080108b0       0x6c build/obj/encoder.o
 *fill*         0x000000000801091c        0x4 
 .text.mc_interface_dccal_done
                0x0000000008010920       0x24 build/obj/mc_interface.o
                0x0000000008010920                mc_interface_dccal_done
 *fill*         0x0000000008010944        0xc 
 .text.mc_interface_get_fault
                0x0000000008010950        0xc build/obj/mc_interface.o
                0x0000000008010950                mc_interface_get_fault
 *fill*         0x000000000801095c        0x4 
 .text.mc_interface_get_state
                0x0000000008010960       0x20 build/obj/mc_interface.o
                0x0000000008010960                mc_interface_get_state
 .text.mc_interface_get_enviro
                0x0000000008010980        0xc build/obj/mc_interface.o
                0x0000000008010980                mc_interface_get_enviro
 *fill*         0x000000000801098c        0x4 
 .text.mc_interface_get_duty_cycle_now
                0x0000000008010990       0x38 build/obj/mc_interface.o
                0x0000000008010990                mc_interface_get_duty_cycle_now
 *fill*         0x00000000080109c8        0x8 
 .text.mc_interface_get_sampling_frequency_now
                0x00000000080109d0       0x2c build/obj/mc_interface.o
                0x00000000080109d0                mc_interface_get_sampling_frequency_now
 *fill*         0x00000000080109fc        0x4 
 .text.mc_interface_get_rpm
                0x0000000008010a00       0x38 build/obj/mc_interface.o
                0x0000000008010a00                mc_interface_get_rpm
 *fill*         0x0000000008010a38        0x8 
 .text.mc_interface_get_tot_current
                0x0000000008010a40       0x24 build/obj/mc_interface.o
                0x0000000008010a40                mc_interface_get_tot_current
 *fill*         0x0000000008010a64        0xc 
 .text.mc_interface_get_tot_current_filtered
                0x0000000008010a70       0x24 build/obj/mc_interface.o
                0x0000000008010a70                mc_interface_get_tot_current_filtered
 *fill*         0x0000000008010a94        0xc 
 .text.mc_interface_get_tot_current_in_filtered
                0x0000000008010aa0       0x40 build/obj/mc_interface.o
                0x0000000008010aa0                mc_interface_get_tot_current_in_filtered
 .text.mc_interface_get_tachometer_value
                0x0000000008010ae0       0x4c build/obj/mc_interface.o
                0x0000000008010ae0                mc_interface_get_tachometer_value
 *fill*         0x0000000008010b2c        0x4 
 .text.mc_interface_fault_stop.part.5
                0x0000000008010b30      0x1a4 build/obj/mc_interface.o
 *fill*         0x0000000008010cd4        0xc 
 .text.mc_interface_get_last_inj_adc_isr_duration
                0x0000000008010ce0       0x2c build/obj/mc_interface.o
                0x0000000008010ce0                mc_interface_get_last_inj_adc_isr_duration
 *fill*         0x0000000008010d0c        0x4 
 .text.mc_interface_temp_motor_filtered
                0x0000000008010d10        0xc build/obj/mc_interface.o
                0x0000000008010d10                mc_interface_temp_motor_filtered
 *fill*         0x0000000008010d1c        0x4 
 .text.mc_interface_fault_stop
                0x0000000008010d20       0x24 build/obj/mc_interface.o
                0x0000000008010d20                mc_interface_fault_stop
 *fill*         0x0000000008010d44        0xc 
 .text.mc_interface_mc_timer_isr
                0x0000000008010d50      0x9fc build/obj/mc_interface.o
                0x0000000008010d50                mc_interface_mc_timer_isr
 *fill*         0x000000000801174c        0x4 
 .text.mc_interface_adc_inj_int_handler
                0x0000000008011750       0x14 build/obj/mc_interface.o
                0x0000000008011750                mc_interface_adc_inj_int_handler
 *fill*         0x0000000008011764        0xc 
 .text.correct_encoder
                0x0000000008011770       0x74 build/obj/mcpwm_foc.o
 *fill*         0x00000000080117e4        0xc 
 .text.start_pwm_hw
                0x00000000080117f0       0x70 build/obj/mcpwm_foc.o
 .text.stop_pwm_hw
                0x0000000008011860       0x78 build/obj/mcpwm_foc.o
 *fill*         0x00000000080118d8        0x8 
 .text.read_hall
                0x00000000080118e0       0x64 build/obj/mcpwm_foc.o
 *fill*         0x0000000008011944        0xc 
 .text.correct_hall
                0x0000000008011950      0x1f0 build/obj/mcpwm_foc.o
 .text.mcpwm_foc_get_state
                0x0000000008011b40        0xc build/obj/mcpwm_foc.o
                0x0000000008011b40                mcpwm_foc_get_state
 *fill*         0x0000000008011b4c        0x4 
 .text.mcpwm_foc_is_dccal_done
                0x0000000008011b50        0xc build/obj/mcpwm_foc.o
                0x0000000008011b50                mcpwm_foc_is_dccal_done
 *fill*         0x0000000008011b5c        0x4 
 .text.mcpwm_foc_set_current
                0x0000000008011b60       0xa0 build/obj/mcpwm_foc.o
                0x0000000008011b60                mcpwm_foc_set_current
 .text.mcpwm_foc_stop_pwm
                0x0000000008011c00        0xc build/obj/mcpwm_foc.o
                0x0000000008011c00                mcpwm_foc_stop_pwm
 *fill*         0x0000000008011c0c        0x4 
 .text.mcpwm_foc_get_duty_cycle_now
                0x0000000008011c10        0xc build/obj/mcpwm_foc.o
                0x0000000008011c10                mcpwm_foc_get_duty_cycle_now
 *fill*         0x0000000008011c1c        0x4 
 .text.mcpwm_foc_get_sampling_frequency_now
                0x0000000008011c20       0x18 build/obj/mcpwm_foc.o
                0x0000000008011c20                mcpwm_foc_get_sampling_frequency_now
 *fill*         0x0000000008011c38        0x8 
 .text.mcpwm_foc_get_rpm
                0x0000000008011c40       0x18 build/obj/mcpwm_foc.o
                0x0000000008011c40                mcpwm_foc_get_rpm
 *fill*         0x0000000008011c58        0x8 
 .text.mcpwm_foc_get_tot_current
                0x0000000008011c60       0x2c build/obj/mcpwm_foc.o
                0x0000000008011c60                mcpwm_foc_get_tot_current
 *fill*         0x0000000008011c8c        0x4 
 .text.mcpwm_foc_get_tot_current_filtered
                0x0000000008011c90       0x2c build/obj/mcpwm_foc.o
                0x0000000008011c90                mcpwm_foc_get_tot_current_filtered
 *fill*         0x0000000008011cbc        0x4 
 .text.mcpwm_foc_get_abs_motor_current
                0x0000000008011cc0        0xc build/obj/mcpwm_foc.o
                0x0000000008011cc0                mcpwm_foc_get_abs_motor_current
 *fill*         0x0000000008011ccc        0x4 
 .text.mcpwm_foc_get_abs_motor_current_unbalance
                0x0000000008011cd0       0x1c build/obj/mcpwm_foc.o
                0x0000000008011cd0                mcpwm_foc_get_abs_motor_current_unbalance
 *fill*         0x0000000008011cec        0x4 
 .text.mcpwm_foc_get_abs_motor_current_filtered
                0x0000000008011cf0        0xc build/obj/mcpwm_foc.o
                0x0000000008011cf0                mcpwm_foc_get_abs_motor_current_filtered
 *fill*         0x0000000008011cfc        0x4 
 .text.mcpwm_foc_get_id
                0x0000000008011d00        0xc build/obj/mcpwm_foc.o
                0x0000000008011d00                mcpwm_foc_get_id
 *fill*         0x0000000008011d0c        0x4 
 .text.mcpwm_foc_get_iq
                0x0000000008011d10        0xc build/obj/mcpwm_foc.o
                0x0000000008011d10                mcpwm_foc_get_iq
 *fill*         0x0000000008011d1c        0x4 
 .text.mcpwm_foc_get_tot_current_in_filtered
                0x0000000008011d20        0xc build/obj/mcpwm_foc.o
                0x0000000008011d20                mcpwm_foc_get_tot_current_in_filtered
 *fill*         0x0000000008011d2c        0x4 
 .text.mcpwm_foc_get_tachometer_value
                0x0000000008011d30       0x14 build/obj/mcpwm_foc.o
                0x0000000008011d30                mcpwm_foc_get_tachometer_value
 *fill*         0x0000000008011d44        0xc 
 .text.mcpwm_foc_get_phase
                0x0000000008011d50       0x30 build/obj/mcpwm_foc.o
                0x0000000008011d50                mcpwm_foc_get_phase
 .text.mcpwm_foc_get_vd
                0x0000000008011d80        0xc build/obj/mcpwm_foc.o
                0x0000000008011d80                mcpwm_foc_get_vd
 *fill*         0x0000000008011d8c        0x4 
 .text.mcpwm_foc_get_vq
                0x0000000008011d90        0xc build/obj/mcpwm_foc.o
                0x0000000008011d90                mcpwm_foc_get_vq
 *fill*         0x0000000008011d9c        0x4 
 .text.mcpwm_foc_get_last_adc_isr_duration
                0x0000000008011da0        0xc build/obj/mcpwm_foc.o
                0x0000000008011da0                mcpwm_foc_get_last_adc_isr_duration
 *fill*         0x0000000008011dac        0x4 
 .text.mcpwm_foc_tim_sample_int_handler
                0x0000000008011db0       0x30 build/obj/mcpwm_foc.o
                0x0000000008011db0                mcpwm_foc_tim_sample_int_handler
 .text.observer_update
                0x0000000008011de0      0x1e8 build/obj/mcpwm_foc.o
                0x0000000008011de0                observer_update
 *fill*         0x0000000008011fc8        0x8 
 .text.mcpwm_foc_adc_int_handler
                0x0000000008011fd0     0x1858 build/obj/mcpwm_foc.o
                0x0000000008011fd0                mcpwm_foc_adc_int_handler
 *fill*         0x0000000008013828        0x8 
 .text.stop_pwm_hw
                0x0000000008013830       0x6c build/obj/gpdrive.o
 *fill*         0x000000000801389c        0x4 
 .text.gpdrive_is_dccal_done
                0x00000000080138a0        0xc build/obj/gpdrive.o
                0x00000000080138a0                gpdrive_is_dccal_done
 *fill*         0x00000000080138ac        0x4 
 .text.gpdrive_get_switching_frequency_now
                0x00000000080138b0        0xc build/obj/gpdrive.o
                0x00000000080138b0                gpdrive_get_switching_frequency_now
 *fill*         0x00000000080138bc        0x4 
 .text.gpdrive_set_mode
                0x00000000080138c0       0x14 build/obj/gpdrive.o
                0x00000000080138c0                gpdrive_set_mode
 *fill*         0x00000000080138d4        0xc 
 .text.gpdrive_get_last_adc_isr_duration
                0x00000000080138e0        0xc build/obj/gpdrive.o
                0x00000000080138e0                gpdrive_get_last_adc_isr_duration
 *fill*         0x00000000080138ec        0x4 
 .text.timer_time_now
                0x00000000080138f0        0xc build/obj/timer.o
                0x00000000080138f0                timer_time_now
 *fill*         0x00000000080138fc        0x4 
 .text.timer_seconds_elapsed_since
                0x0000000008013900       0x20 build/obj/timer.o
                0x0000000008013900                timer_seconds_elapsed_since
 .text.virtual_motor_int_handler
                0x0000000008013920      0x384 build/obj/virtual_motor.o
                0x0000000008013920                virtual_motor_int_handler
 *fill*         0x0000000008013ca4        0xc 
 .text.virtual_motor_is_connected
                0x0000000008013cb0        0xc build/obj/virtual_motor.o
                0x0000000008013cb0                virtual_motor_is_connected
 *fill*         0x0000000008013cbc        0x4 
 .text.virtual_motor_get_angle_deg
                0x0000000008013cc0       0x24 build/obj/virtual_motor.o
                0x0000000008013cc0                virtual_motor_get_angle_deg
 *fill*         0x0000000008013ce4        0xc 
 .text.spi_exchange
                0x0000000008013cf0       0xec build/obj/drv8350.o
 *fill*         0x0000000008013ddc        0x4 
 .text.drv8350_read_faults
                0x0000000008013de0       0x28 build/obj/drv8350.o
                0x0000000008013de0                drv8350_read_faults
 *fill*         0x0000000008013e08        0x8 
 .text.ADC_GetInjectedConversionValue
                0x0000000008013e10       0x1c build/obj/stm32f4xx_adc.o
                0x0000000008013e10                ADC_GetInjectedConversionValue
 *fill*         0x0000000008013e2c        0x4 
 .text.ADC_ClearITPendingBit
                0x0000000008013e30        0x8 build/obj/stm32f4xx_adc.o
                0x0000000008013e30                ADC_ClearITPendingBit
 *fill*         0x0000000008013e38        0x8 
 .text.EXTI_GetFlagStatus
                0x0000000008013e40       0x14 build/obj/stm32f4xx_exti.o
                0x0000000008013e40                EXTI_GetFlagStatus
 *fill*         0x0000000008013e54        0xc 
 .text.EXTI_ClearFlag
                0x0000000008013e60        0xc build/obj/stm32f4xx_exti.o
                0x0000000008013e60                EXTI_ClearFlag
 *fill*         0x0000000008013e6c        0x4 
 .text.EXTI_GetITStatus
                0x0000000008013e70        0x4 build/obj/stm32f4xx_exti.o
                0x0000000008013e70                EXTI_GetITStatus
 *fill*         0x0000000008013e74        0xc 
 .text.EXTI_ClearITPendingBit
                0x0000000008013e80        0xc build/obj/stm32f4xx_exti.o
                0x0000000008013e80                EXTI_ClearITPendingBit
 *fill*         0x0000000008013e8c        0x4 
 .text.TIM_SelectOCxM
                0x0000000008013e90       0x50 build/obj/stm32f4xx_tim.o
                0x0000000008013e90                TIM_SelectOCxM
 .text.TIM_CCxCmd
                0x0000000008013ee0       0x24 build/obj/stm32f4xx_tim.o
                0x0000000008013ee0                TIM_CCxCmd
 *fill*         0x0000000008013f04        0xc 
 .text.TIM_CCxNCmd
                0x0000000008013f10       0x24 build/obj/stm32f4xx_tim.o
                0x0000000008013f10                TIM_CCxNCmd
 *fill*         0x0000000008013f34        0xc 
 .text.TIM_GenerateEvent
                0x0000000008013f40        0x4 build/obj/stm32f4xx_tim.o
                0x0000000008013f40                TIM_GenerateEvent
 *fill*         0x0000000008013f44        0xc 
 .text.TIM_GetITStatus
                0x0000000008013f50       0x14 build/obj/stm32f4xx_tim.o
                0x0000000008013f50                TIM_GetITStatus
 *fill*         0x0000000008013f64        0xc 
 .text.TIM_ClearITPendingBit
                0x0000000008013f70        0x8 build/obj/stm32f4xx_tim.o
                0x0000000008013f70                TIM_ClearITPendingBit
 *fill*         0x0000000008013f78        0x8 
 .text.floorf   0x0000000008013f80       0x8c /usr/bin/../lib/gcc/arm-none-eabi/7.3.1/../../../../arm-none-eabi/lib/thumb/v7e-m/fpv4-sp/hard/libm.a(lib_a-sf_floor.o)
                0x0000000008013f80                floorf
 *fill*         0x000000000801400c        0x4 
 .text.fmodf    0x0000000008014010       0xc0 /usr/bin/../lib/gcc/arm-none-eabi/7.3.1/../../../../arm-none-eabi/lib/thumb/v7e-m/fpv4-sp/hard/libm.a(lib_a-wf_fmod.o)
                0x0000000008014010                fmodf
 .text.logf     0x00000000080140d0       0xf8 /usr/bin/../lib/gcc/arm-none-eabi/7.3.1/../../../../arm-none-eabi/lib/thumb/v7e-m/fpv4-sp/hard/libm.a(lib_a-wf_log.o)
                0x00000000080140d0                logf
 *fill*         0x00000000080141c8        0x8 
 .text.sqrtf    0x00000000080141d0       0xac /usr/bin/../lib/gcc/arm-none-eabi/7.3.1/../../../../arm-none-eabi/lib/thumb/v7e-m/fpv4-sp/hard/libm.a(lib_a-wf_sqrt.o)
                0x00000000080141d0                sqrtf
 *fill*         0x000000000801427c        0x4 
 .text.__ieee754_fmodf
                0x0000000008014280      0x12c /usr/bin/../lib/gcc/arm-none-eabi/7.3.1/../../../../arm-none-eabi/lib/thumb/v7e-m/fpv4-sp/hard/libm.a(lib_a-ef_fmod.o)
                0x0000000008014280                __ieee754_fmodf
 *fill*         0x00000000080143ac        0x4 
 .text.__ieee754_logf
                0x00000000080143b0      0x20c /usr/bin/../lib/gcc/arm-none-eabi/7.3.1/../../../../arm-none-eabi/lib/thumb/v7e-m/fpv4-sp/hard/libm.a(lib_a-ef_log.o)
                0x00000000080143b0                __ieee754_logf
 *fill*         0x00000000080145bc        0x4 
 .text.__ieee754_sqrtf
                0x00000000080145c0        0x8 /usr/bin/../lib/gcc/arm-none-eabi/7.3.1/../../../../arm-none-eabi/lib/thumb/v7e-m/fpv4-sp/hard/libm.a(lib_a-ef_sqrt.o)
                0x00000000080145c0                __ieee754_sqrtf
 *fill*         0x00000000080145c8        0x8 
 .text.matherr  0x00000000080145d0        0x4 /usr/bin/../lib/gcc/arm-none-eabi/7.3.1/../../../../arm-none-eabi/lib/thumb/v7e-m/fpv4-sp/hard/libm.a(lib_a-s_matherr.o)
                0x00000000080145d0                matherr
 *fill*         0x00000000080145d4        0xc 
 .text.nan      0x00000000080145e0       0x10 /usr/bin/../lib/gcc/arm-none-eabi/7.3.1/../../../../arm-none-eabi/lib/thumb/v7e-m/fpv4-sp/hard/libm.a(lib_a-s_nan.o)
                0x00000000080145e0                nan
 .text.__errno  0x00000000080145f0        0xc /usr/bin/../lib/gcc/arm-none-eabi/7.3.1/../../../../arm-none-eabi/lib/thumb/v7e-m/fpv4-sp/hard/libg.a(lib_a-errno.o)
                0x00000000080145f0                __errno
 *(.rodata)
 *(.rodata.*)
 *fill*         0x00000000080145fc        0x4 
 .rodata.chSysInit.str1.4
                0x0000000008014600        0x5 build/obj/chsys.o
 *fill*         0x0000000008014605        0xb 
 .rodata.ch_debug
                0x0000000008014610       0x16 build/obj/chregistry.o
                0x0000000008014610                ch_debug
 *fill*         0x0000000008014626        0xa 
 .rodata.vmt    0x0000000008014630       0x20 build/obj/serial.o
 .rodata.active_status
                0x0000000008014650        0x2 build/obj/usb.o
 *fill*         0x0000000008014652        0xe 
 .rodata.halted_status
                0x0000000008014660        0x2 build/obj/usb.o
 *fill*         0x0000000008014662        0xe 
 .rodata.zero_status
                0x0000000008014670        0x2 build/obj/usb.o
 *fill*         0x0000000008014672        0xe 
 .rodata._stm32_dma_streams
                0x0000000008014680       0xc0 build/obj/stm32_dma.o
                0x0000000008014680                _stm32_dma_streams
 .rodata.ep0config
                0x0000000008014740       0x24 build/obj/usb_lld.o
 *fill*         0x0000000008014764        0xc 
 .rodata.fsparams
                0x0000000008014770        0xc build/obj/usb_lld.o
 *fill*         0x000000000801477c        0x4 
 .rodata.pal_default_config
                0x0000000008014780       0xfc build/obj/board.o
                0x0000000008014780                pal_default_config
 *fill*         0x000000000801487c        0x4 
 .rodata.fmodf.str1.4
                0x0000000008014880        0x6 /usr/bin/../lib/gcc/arm-none-eabi/7.3.1/../../../../arm-none-eabi/lib/thumb/v7e-m/fpv4-sp/hard/libm.a(lib_a-wf_fmod.o)
 *fill*         0x0000000008014886        0xa 
 .rodata.logf.str1.4
                0x0000000008014890        0x5 /usr/bin/../lib/gcc/arm-none-eabi/7.3.1/../../../../arm-none-eabi/lib/thumb/v7e-m/fpv4-sp/hard/libm.a(lib_a-wf_log.o)
                                          0x9 (size before relaxing)
 *fill*         0x0000000008014895        0xb 
 .rodata.sqrtf.str1.4
                0x00000000080148a0        0x8 /usr/bin/../lib/gcc/arm-none-eabi/7.3.1/../../../../arm-none-eabi/lib/thumb/v7e-m/fpv4-sp/hard/libm.a(lib_a-wf_sqrt.o)
                                          0x6 (size before relaxing)
 *fill*         0x00000000080148a8        0x8 
 .rodata.Zero   0x00000000080148b0        0x8 /usr/bin/../lib/gcc/arm-none-eabi/7.3.1/../../../../arm-none-eabi/lib/thumb/v7e-m/fpv4-sp/hard/libm.a(lib_a-ef_fmod.o)
 *(.glue_7t)
 .glue_7t       0x00000000080148b8        0x0 linker stubs
 *(.glue_7)
 .glue_7        0x00000000080148b8        0x0 linker stubs
 *(.gcc*)

.vfp11_veneer   0x00000000080148b8        0x0
 .vfp11_veneer  0x00000000080148b8        0x0 linker stubs

.v4_bx          0x00000000080148b8        0x0
 .v4_bx         0x00000000080148b8        0x0 linker stubs

.iplt           0x00000000080148b8        0x0
 .iplt          0x00000000080148b8        0x0 build/obj/crt0_v7m.o

.ARM.extab
 *(.ARM.extab* .gnu.linkonce.armextab.*)

.ARM.exidx      0x00000000080148b8        0x0
                [!provide]                        PROVIDE (__exidx_start = .)
 *(.ARM.exidx* .gnu.linkonce.armexidx.*)
                [!provide]                        PROVIDE (__exidx_end = .)

.eh_frame_hdr
 *(.eh_frame_hdr)

.eh_frame
 *(.eh_frame)

.textalign      0x00000000080148b8        0x0
                0x00000000080148b8                . = ALIGN (0x8)
                0x00000000080148b8                . = ALIGN (0x4)
                0x00000000080148b8                _etext = .
                0x00000000080148b8                _textdata = _etext
                0x000000000805fff0                _crcinfo_start_address = 0x805fff0

.crcinfo        0x000000000805fff0        0x8
 *(.crcinfo)
 .crcinfo       0x000000000805fff0        0x8 build/obj/flash_helper.o
                0x000000000805fff0                crc_info

.rel.dyn        0x000000000805fff8        0x0
 .rel.iplt      0x000000000805fff8        0x0 build/obj/crt0_v7m.o

.mstack         0x0000000020000000      0x800
                0x0000000020000000                . = ALIGN (0x8)
                0x0000000020000000                __main_stack_base__ = .
                0x0000000020000800                . = (. + __main_stack_size__)
 *fill*         0x0000000020000000      0x800 
                0x0000000020000800                . = ALIGN (0x8)
                0x0000000020000800                __main_stack_end__ = .

.pstack         0x0000000020000800      0x800
                0x0000000020000800                __process_stack_base__ = .
                0x0000000020000800                __main_thread_stack_base__ = .
                0x0000000020001000                . = (. + __process_stack_size__)
 *fill*         0x0000000020000800      0x800 
                0x0000000020001000                . = ALIGN (0x8)
                0x0000000020001000                __process_stack_end__ = .
                0x0000000020001000                __main_thread_stack_end__ = .

.data           0x0000000020001000      0x440 load address 0x00000000080148b8
                0x0000000020001000                . = ALIGN (0x4)
                0x0000000020001000                PROVIDE (_data = .)
 *(.data)
 *(.data.*)
 .data.comm_step_prev.13926
                0x0000000020001000        0x4 build/obj/mcpwm.o
 .data.enc_counts
                0x0000000020001004        0x4 build/obj/encoder.o
 .data.ang_hall_int_prev.13584
                0x0000000020001008        0x4 build/obj/mcpwm_foc.o
 .data.using_hall.13586
                0x000000002000100c        0x1 build/obj/mcpwm_foc.o
 .data.__fdlib_version
                0x000000002000100d        0x1 /usr/bin/../lib/gcc/arm-none-eabi/7.3.1/../../../../arm-none-eabi/lib/thumb/v7e-m/fpv4-sp/hard/libm.a(lib_a-s_lib_ver.o)
                0x000000002000100d                __fdlib_version
 *fill*         0x000000002000100e        0x2 
 .data._impure_ptr
                0x0000000020001010        0x4 /usr/bin/../lib/gcc/arm-none-eabi/7.3.1/../../../../arm-none-eabi/lib/thumb/v7e-m/fpv4-sp/hard/libg.a(lib_a-impure.o)
                0x0000000020001010                _impure_ptr
 *fill*         0x0000000020001014        0x4 
 .data.impure_data
                0x0000000020001018      0x428 /usr/bin/../lib/gcc/arm-none-eabi/7.3.1/../../../../arm-none-eabi/lib/thumb/v7e-m/fpv4-sp/hard/libg.a(lib_a-impure.o)
 *(.ramtext)
                0x0000000020001440                . = ALIGN (0x4)
                0x0000000020001440                PROVIDE (_edata = .)

.igot.plt       0x0000000020001440        0x0 load address 0x0000000008014cf8
 .igot.plt      0x0000000020001440        0x0 build/obj/crt0_v7m.o

.bss            0x0000000020001440     0x38e0 load address 0x0000000008014cf8
                0x0000000020001440                . = ALIGN (0x4)
                0x0000000020001440                PROVIDE (_bss_start = .)
 *(.bss)
 *(.bss.*)
 .bss.ch        0x0000000020001440      0x258 build/obj/chschd.o
                0x0000000020001440                ch
 .bss.endmem    0x0000000020001698        0x4 build/obj/chmemcore.o
 .bss.nextmem   0x000000002000169c        0x4 build/obj/chmemcore.o
 .bss.default_heap
                0x00000000200016a0       0x20 build/obj/chheap.o
 .bss.dma_isr_redir
                0x00000000200016c0       0x80 build/obj/stm32_dma.o
 .bss.dma_streams_mask
                0x0000000020001740        0x4 build/obj/stm32_dma.o
 .bss.CAND1     0x0000000020001744       0x30 build/obj/can_lld.o
                0x0000000020001744                CAND1
 .bss.I2CD2     0x0000000020001774       0x38 build/obj/i2c_lld.o
                0x0000000020001774                I2CD2
 *fill*         0x00000000200017ac        0x4 
 .bss.USBD1     0x00000000200017b0      0x280 build/obj/usb_lld.o
                0x00000000200017b0                USBD1
 .bss.ep0_state
                0x0000000020001a30       0x14 build/obj/usb_lld.o
 .bss.ep0setup_buffer
                0x0000000020001a44        0x8 build/obj/usb_lld.o
 .bss.SPID1     0x0000000020001a4c       0x30 build/obj/spi_lld.o
                0x0000000020001a4c                SPID1
 .bss.dummytx   0x0000000020001a7c        0x2 build/obj/spi_lld.o
 *fill*         0x0000000020001a7e        0x2 
 .bss.ICUD4     0x0000000020001a80       0x18 build/obj/icu_lld.o
                0x0000000020001a80                ICUD4
 .bss.SD3       0x0000000020001a98      0x158 build/obj/serial_lld.o
                0x0000000020001a98                SD3
 .bss.SD4       0x0000000020001bf0      0x158 build/obj/serial_lld.o
                0x0000000020001bf0                SD4
 .bss.SD6       0x0000000020001d48      0x158 build/obj/serial_lld.o
                0x0000000020001d48                SD6
 .bss.data      0x0000000020001ea0        0x8 build/obj/main.o
                0x0000000020001ea0                data
 .bss.cnt.11740
                0x0000000020001ea8        0x4 build/obj/ledpwm.o
 .bss.led_values
                0x0000000020001eac        0x8 build/obj/ledpwm.o
 .bss.comm_step
                0x0000000020001eb4        0x4 build/obj/mcpwm.o
 .bss.conf      0x0000000020001eb8        0x4 build/obj/mcpwm.o
 .bss.control_mode
                0x0000000020001ebc        0x1 build/obj/mcpwm.o
 *fill*         0x0000000020001ebd        0x3 
 .bss.curr0_offset
                0x0000000020001ec0        0x4 build/obj/mcpwm.o
 .bss.curr0_sum
                0x0000000020001ec4        0x4 build/obj/mcpwm.o
 .bss.curr1_offset
                0x0000000020001ec8        0x4 build/obj/mcpwm.o
 .bss.curr1_sum
                0x0000000020001ecc        0x4 build/obj/mcpwm.o
 .bss.curr2_offset
                0x0000000020001ed0        0x4 build/obj/mcpwm.o
 .bss.curr2_sum
                0x0000000020001ed4        0x4 build/obj/mcpwm.o
 .bss.curr_samp_volt
                0x0000000020001ed8        0x4 build/obj/mcpwm.o
 .bss.curr_start_samples
                0x0000000020001edc        0x4 build/obj/mcpwm.o
 .bss.current_fir_coeffs
                0x0000000020001ee0       0x40 build/obj/mcpwm.o
 .bss.current_fir_index
                0x0000000020001f20        0x4 build/obj/mcpwm.o
 .bss.current_fir_samples
                0x0000000020001f24       0x40 build/obj/mcpwm.o
 .bss.dccal_done
                0x0000000020001f64        0x1 build/obj/mcpwm.o
 *fill*         0x0000000020001f65        0x3 
 .bss.detect_now.13905
                0x0000000020001f68        0x4 build/obj/mcpwm.o
 .bss.detect_step
                0x0000000020001f6c        0x4 build/obj/mcpwm.o
 .bss.direction
                0x0000000020001f70        0x4 build/obj/mcpwm.o
 .bss.dutycycle_now
                0x0000000020001f74        0x4 build/obj/mcpwm.o
 .bss.hall_to_phase_table
                0x0000000020001f78       0x40 build/obj/mcpwm.o
 .bss.ignore_iterations
                0x0000000020001fb8        0x4 build/obj/mcpwm.o
 .bss.last_current_sample
                0x0000000020001fbc        0x4 build/obj/mcpwm.o
 .bss.last_current_sample_filtered
                0x0000000020001fc0        0x4 build/obj/mcpwm.o
 .bss.last_inj_adc_isr_duration
                0x0000000020001fc4        0x4 build/obj/mcpwm.o
 .bss.m_pll_speed
                0x0000000020001fc8        0x4 build/obj/mcpwm.o
 .bss.mcpwm_detect_avg_samples
                0x0000000020001fcc       0x18 build/obj/mcpwm.o
 .bss.mcpwm_detect_currents
                0x0000000020001fe4       0x18 build/obj/mcpwm.o
                0x0000000020001fe4                mcpwm_detect_currents
 .bss.mcpwm_detect_currents_avg
                0x0000000020001ffc       0x18 build/obj/mcpwm.o
 .bss.mcpwm_detect_currents_diff
                0x0000000020002014       0x18 build/obj/mcpwm.o
                0x0000000020002014                mcpwm_detect_currents_diff
 .bss.mcpwm_detect_voltages
                0x000000002000202c       0x18 build/obj/mcpwm.o
                0x000000002000202c                mcpwm_detect_voltages
 .bss.mcpwm_vzero
                0x0000000020002044        0x4 build/obj/mcpwm.o
                0x0000000020002044                mcpwm_vzero
 .bss.prev_tot_sample.13927
                0x0000000020002048        0x4 build/obj/mcpwm.o
 .bss.rpm_now   0x000000002000204c        0x4 build/obj/mcpwm.o
 .bss.state     0x0000000020002050        0x1 build/obj/mcpwm.o
 *fill*         0x0000000020002051        0x3 
 .bss.switching_frequency_now
                0x0000000020002054        0x4 build/obj/mcpwm.o
 .bss.tachometer
                0x0000000020002058        0x4 build/obj/mcpwm.o
 .bss.timer_struct
                0x000000002000205c       0x1c build/obj/mcpwm.o
 .bss.sys_lock_cnt
                0x0000000020002078        0x4 build/obj/utils.o
 .bss.fault_vec
                0x000000002000207c      0x7d0 build/obj/terminal.o
 .bss.fault_vec_write
                0x000000002000284c        0x4 build/obj/terminal.o
 .bss.feed_counter
                0x0000000020002850       0x28 build/obj/timeout.o
 .bss.angle.11921
                0x0000000020002878        0x4 build/obj/encoder.o
 .bss.bad_pulses.11932
                0x000000002000287c        0x4 build/obj/encoder.o
 .bss.index_found
                0x0000000020002880        0x1 build/obj/encoder.o
 *fill*         0x0000000020002881        0x3 
 .bss.last_enc_angle
                0x0000000020002884        0x4 build/obj/encoder.o
 .bss.mode      0x0000000020002888        0x1 build/obj/encoder.o
 *fill*         0x0000000020002889        0x3 
 .bss.spi_error_cnt
                0x000000002000288c        0x4 build/obj/encoder.o
 .bss.spi_error_rate
                0x0000000020002890        0x4 build/obj/encoder.o
 .bss.spi_val   0x0000000020002894        0x2 build/obj/encoder.o
 *fill*         0x0000000020002896        0x2 
 .bss.ADC_Value
                0x0000000020002898       0x1e build/obj/mc_interface.o
                0x0000000020002898                ADC_Value
 *fill*         0x00000000200028b6        0x2 
 .bss.ADC_curr_norm_value
                0x00000000200028b8        0xc build/obj/mc_interface.o
                0x00000000200028b8                ADC_curr_norm_value
 .bss.a.13672   0x00000000200028c4        0x4 build/obj/mc_interface.o
 .bss.curr_diff_samples.13660
                0x00000000200028c8        0x4 build/obj/mc_interface.o
 .bss.curr_diff_sum.13659
                0x00000000200028cc        0x4 build/obj/mc_interface.o
 .bss.drv_config_fault
                0x00000000200028d0        0x1 build/obj/mc_interface.o
 *fill*         0x00000000200028d1        0x3 
 .bss.m_amp_seconds
                0x00000000200028d4        0x4 build/obj/mc_interface.o
 .bss.m_amp_seconds_charged
                0x00000000200028d8        0x4 build/obj/mc_interface.o
 .bss.m_bms_fet_status
                0x00000000200028dc        0x2 build/obj/mc_interface.o
 *fill*         0x00000000200028de        0x2 
 .bss.m_conf    0x00000000200028e0      0x1c8 build/obj/mc_interface.o
 .bss.m_current_bms
                0x0000000020002aa8        0x4 build/obj/mc_interface.o
 .bss.m_cycles_running
                0x0000000020002aac        0x4 build/obj/mc_interface.o
 .bss.m_enviro  0x0000000020002ab0        0x2 build/obj/mc_interface.o
 .bss.m_fault_now
                0x0000000020002ab2        0x1 build/obj/mc_interface.o
 *fill*         0x0000000020002ab3        0x1 
 .bss.m_gate_driver_voltage
                0x0000000020002ab4        0x4 build/obj/mc_interface.o
 .bss.m_ignore_iterations
                0x0000000020002ab8        0x4 build/obj/mc_interface.o
 .bss.m_input_current_iterations
                0x0000000020002abc        0x4 build/obj/mc_interface.o
 .bss.m_input_current_sum
                0x0000000020002ac0        0x4 build/obj/mc_interface.o
 .bss.m_last_adc_duration_sample
                0x0000000020002ac4        0x4 build/obj/mc_interface.o
 .bss.m_motor_current_iterations
                0x0000000020002ac8        0x4 build/obj/mc_interface.o
 .bss.m_motor_current_sum
                0x0000000020002acc        0x4 build/obj/mc_interface.o
 .bss.m_motor_current_unbalance
                0x0000000020002ad0        0x4 build/obj/mc_interface.o
 .bss.m_motor_current_unbalance_error_rate
                0x0000000020002ad4        0x4 build/obj/mc_interface.o
 .bss.m_motor_id_iterations
                0x0000000020002ad8        0x4 build/obj/mc_interface.o
 .bss.m_motor_id_sum
                0x0000000020002adc        0x4 build/obj/mc_interface.o
 .bss.m_motor_iq_iterations
                0x0000000020002ae0        0x4 build/obj/mc_interface.o
 .bss.m_motor_iq_sum
                0x0000000020002ae4        0x4 build/obj/mc_interface.o
 .bss.m_motor_vd_iterations
                0x0000000020002ae8        0x4 build/obj/mc_interface.o
 .bss.m_motor_vd_sum
                0x0000000020002aec        0x4 build/obj/mc_interface.o
 .bss.m_motor_vq_iterations
                0x0000000020002af0        0x4 build/obj/mc_interface.o
 .bss.m_motor_vq_sum
                0x0000000020002af4        0x4 build/obj/mc_interface.o
 .bss.m_raw_gas_value
                0x0000000020002af8        0x2 build/obj/mc_interface.o
 .bss.m_raw_reku_value
                0x0000000020002afa        0x2 build/obj/mc_interface.o
 .bss.m_sample_int
                0x0000000020002afc        0x4 build/obj/mc_interface.o
 .bss.m_sample_len
                0x0000000020002b00        0x4 build/obj/mc_interface.o
 .bss.m_sample_mode
                0x0000000020002b04        0x1 build/obj/mc_interface.o
 .bss.m_sample_mode_last
                0x0000000020002b05        0x1 build/obj/mc_interface.o
 *fill*         0x0000000020002b06        0x2 
 .bss.m_sample_now
                0x0000000020002b08        0x4 build/obj/mc_interface.o
 .bss.m_sample_trigger
                0x0000000020002b0c        0x4 build/obj/mc_interface.o
 .bss.m_temp_motor
                0x0000000020002b10        0x4 build/obj/mc_interface.o
 .bss.m_voltage_bms
                0x0000000020002b14        0x4 build/obj/mc_interface.o
 .bss.m_voltage_display
                0x0000000020002b18        0x4 build/obj/mc_interface.o
 .bss.m_watt_seconds
                0x0000000020002b1c        0x4 build/obj/mc_interface.o
 .bss.m_watt_seconds_charged
                0x0000000020002b20        0x4 build/obj/mc_interface.o
 .bss.pwn_done_func
                0x0000000020002b24        0x4 build/obj/mc_interface.o
 .bss.sample_send_tp
                0x0000000020002b28        0x4 build/obj/mc_interface.o
 .bss.wrong_DRV_iterations.13656
                0x0000000020002b2c        0x4 build/obj/mc_interface.o
 .bss.wrong_voltage_iterations.13651
                0x0000000020002b30        0x4 build/obj/mc_interface.o
 .bss.ang_hall.13589
                0x0000000020002b34        0x4 build/obj/mcpwm_foc.o
 .bss.angle_last.13406
                0x0000000020002b38        0x4 build/obj/mcpwm_foc.o
 .bss.d_filter.13541
                0x0000000020002b3c        0x4 build/obj/mcpwm_foc.o
 .bss.dt_int.13540
                0x0000000020002b40        0x4 build/obj/mcpwm_foc.o
 .bss.duty_filtered.13367
                0x0000000020002b44        0x4 build/obj/mcpwm_foc.o
 .bss.duty_i_term.13371
                0x0000000020002b48        0x4 build/obj/mcpwm_foc.o
 .bss.i_term.13535
                0x0000000020002b4c        0x4 build/obj/mcpwm_foc.o
 .bss.id_set_boost.13382
                0x0000000020002b50        0x4 build/obj/mcpwm_foc.o
 .bss.id_set_boost.13385
                0x0000000020002b54        0x4 build/obj/mcpwm_foc.o
 .bss.id_set_fw.13378
                0x0000000020002b58        0x4 build/obj/mcpwm_foc.o
 .bss.id_set_fw.13381
                0x0000000020002b5c        0x4 build/obj/mcpwm_foc.o
 .bss.id_set_fw.13384
                0x0000000020002b60        0x4 build/obj/mcpwm_foc.o
 .bss.inductance_state.13358
                0x0000000020002b64        0x4 build/obj/mcpwm_foc.o
 .bss.m_conf    0x0000000020002b68        0x4 build/obj/mcpwm_foc.o
 .bss.m_control_mode
                0x0000000020002b6c        0x1 build/obj/mcpwm_foc.o
 *fill*         0x0000000020002b6d        0x3 
 .bss.m_curr0_offset
                0x0000000020002b70        0x4 build/obj/mcpwm_foc.o
 .bss.m_curr0_sum
                0x0000000020002b74        0x4 build/obj/mcpwm_foc.o
 .bss.m_curr1_offset
                0x0000000020002b78        0x4 build/obj/mcpwm_foc.o
 .bss.m_curr1_sum
                0x0000000020002b7c        0x4 build/obj/mcpwm_foc.o
 .bss.m_curr2_offset
                0x0000000020002b80        0x4 build/obj/mcpwm_foc.o
 .bss.m_curr2_sum
                0x0000000020002b84        0x4 build/obj/mcpwm_foc.o
 .bss.m_curr_samples
                0x0000000020002b88        0x4 build/obj/mcpwm_foc.o
 .bss.m_curr_unbalance
                0x0000000020002b8c        0x4 build/obj/mcpwm_foc.o
 .bss.m_dccal_done
                0x0000000020002b90        0x1 build/obj/mcpwm_foc.o
 *fill*         0x0000000020002b91        0x3 
 .bss.m_duty_cycle_set
                0x0000000020002b94        0x4 build/obj/mcpwm_foc.o
 .bss.m_gamma_now
                0x0000000020002b98        0x4 build/obj/mcpwm_foc.o
 .bss.m_id_set  0x0000000020002b9c        0x4 build/obj/mcpwm_foc.o
 .bss.m_init_done
                0x0000000020002ba0        0x1 build/obj/mcpwm_foc.o
 *fill*         0x0000000020002ba1        0x3 
 .bss.m_iq_set  0x0000000020002ba4        0x4 build/obj/mcpwm_foc.o
 .bss.m_last_adc_isr_duration
                0x0000000020002ba8        0x4 build/obj/mcpwm_foc.o
 .bss.m_motor_state
                0x0000000020002bac       0x60 build/obj/mcpwm_foc.o
 .bss.m_observer_x1
                0x0000000020002c0c        0x4 build/obj/mcpwm_foc.o
 .bss.m_observer_x2
                0x0000000020002c10        0x4 build/obj/mcpwm_foc.o
 .bss.m_openloop_phase
                0x0000000020002c14        0x4 build/obj/mcpwm_foc.o
 .bss.m_openloop_speed
                0x0000000020002c18        0x4 build/obj/mcpwm_foc.o
 .bss.m_output_on
                0x0000000020002c1c        0x1 build/obj/mcpwm_foc.o
 *fill*         0x0000000020002c1d        0x3 
 .bss.m_phase_now_encoder
                0x0000000020002c20        0x4 build/obj/mcpwm_foc.o
 .bss.m_phase_now_encoder_no_index
                0x0000000020002c24        0x4 build/obj/mcpwm_foc.o
 .bss.m_phase_now_observer
                0x0000000020002c28        0x4 build/obj/mcpwm_foc.o
 .bss.m_phase_now_observer_override
                0x0000000020002c2c        0x4 build/obj/mcpwm_foc.o
 .bss.m_phase_now_override
                0x0000000020002c30        0x4 build/obj/mcpwm_foc.o
 .bss.m_phase_observer_override
                0x0000000020002c34        0x1 build/obj/mcpwm_foc.o
 .bss.m_phase_override
                0x0000000020002c35        0x1 build/obj/mcpwm_foc.o
 *fill*         0x0000000020002c36        0x2 
 .bss.m_pll_phase
                0x0000000020002c38        0x4 build/obj/mcpwm_foc.o
 .bss.m_pll_speed
                0x0000000020002c3c        0x4 build/obj/mcpwm_foc.o
 .bss.m_pos_pid_now
                0x0000000020002c40        0x4 build/obj/mcpwm_foc.o
 .bss.m_pos_pid_set
                0x0000000020002c44        0x4 build/obj/mcpwm_foc.o
 .bss.m_samples
                0x0000000020002c48       0x14 build/obj/mcpwm_foc.o
 .bss.m_speed_pid_set_rpm
                0x0000000020002c5c        0x4 build/obj/mcpwm_foc.o
 .bss.m_state   0x0000000020002c60        0x1 build/obj/mcpwm_foc.o
 *fill*         0x0000000020002c61        0x3 
 .bss.m_tachometer
                0x0000000020002c64        0x4 build/obj/mcpwm_foc.o
 .bss.m_tachometer_abs
                0x0000000020002c68        0x4 build/obj/mcpwm_foc.o
 .bss.m_using_encoder
                0x0000000020002c6c        0x1 build/obj/mcpwm_foc.o
 *fill*         0x0000000020002c6d        0x3 
 .bss.openloop_angle.13386
                0x0000000020002c70        0x4 build/obj/mcpwm_foc.o
 .bss.prev_error.13536
                0x0000000020002c74        0x4 build/obj/mcpwm_foc.o
 .bss.rpm_now.13376
                0x0000000020002c78        0x4 build/obj/mcpwm_foc.o
 .bss.skip.13345
                0x0000000020002c7c        0x4 build/obj/mcpwm_foc.o
 .bss.step_last.13403
                0x0000000020002c80        0x4 build/obj/mcpwm_foc.o
 .bss.was_full_brake.13370
                0x0000000020002c84        0x1 build/obj/mcpwm_foc.o
 .bss.m_dccal_done
                0x0000000020002c85        0x1 build/obj/gpdrive.o
 *fill*         0x0000000020002c86        0x2 
 .bss.m_fsw_now
                0x0000000020002c88        0x4 build/obj/gpdrive.o
 .bss.m_is_running
                0x0000000020002c8c        0x1 build/obj/gpdrive.o
 *fill*         0x0000000020002c8d        0x3 
 .bss.m_last_adc_isr_duration
                0x0000000020002c90        0x4 build/obj/gpdrive.o
 .bss.m_output_mode
                0x0000000020002c94        0x1 build/obj/gpdrive.o
 *fill*         0x0000000020002c95        0x3 
 .bss.m_sample_buffer
                0x0000000020002c98     0x2008 build/obj/gpdrive.o
 .bss.virtual_motor
                0x0000000020004ca0       0x80 build/obj/virtual_motor.o
 *(COMMON)
                0x0000000020004d20                . = ALIGN (0x4)
                0x0000000020004d20                PROVIDE (_bss_end = .)
                [!provide]                        PROVIDE (end = .)

.ram0           0x0000000020004d20        0x0 load address 0x0000000008014cf8
                0x0000000020004d20                . = ALIGN (0x4)
 *(.ram0)
 *(.ram0.*)
                0x0000000020004d20                . = ALIGN (0x4)
                0x0000000020004d20                __ram0_free__ = .

.ram1           0x0000000020000000        0x0
                0x0000000020000000                . = ALIGN (0x4)
 *(.ram1)
 *(.ram1.*)
                0x0000000020000000                . = ALIGN (0x4)
                0x0000000020000000                __ram1_free__ = .

.ram2           0x000000002001c000        0x0
                0x000000002001c000                . = ALIGN (0x4)
 *(.ram2)
 *(.ram2.*)
                0x000000002001c000                . = ALIGN (0x4)
                0x000000002001c000                __ram2_free__ = .

.ram3           0x0000000000000000        0x0
                0x0000000000000000                . = ALIGN (0x4)
 *(.ram3)
 *(.ram3.*)
                0x0000000000000000                . = ALIGN (0x4)
                0x0000000000000000                __ram3_free__ = .

.ram4           0x0000000010000000     0x4650
                0x0000000010000000                . = ALIGN (0x4)
 *(.ram4)
 .ram4          0x0000000010000000     0x4650 build/obj/mc_interface.o
 *(.ram4.*)
                0x0000000010004650                . = ALIGN (0x4)
                0x0000000010004650                __ram4_free__ = .

.ram5           0x0000000040024000        0x0
                0x0000000040024000                . = ALIGN (0x4)
 *(.ram5)
 *(.ram5.*)
                0x0000000040024000                . = ALIGN (0x4)
                0x0000000040024000                __ram5_free__ = .

.ram6           0x0000000000000000        0x0
                0x0000000000000000                . = ALIGN (0x4)
 *(.ram6)
 *(.ram6.*)
                0x0000000000000000                . = ALIGN (0x4)
                0x0000000000000000                __ram6_free__ = .

.ram7           0x0000000000000000        0x0
                0x0000000000000000                . = ALIGN (0x4)
 *(.ram7)
 *(.ram7.*)
                0x0000000000000000                . = ALIGN (0x4)
                0x0000000000000000                __ram7_free__ = .
                0x0000000020004d20                __heap_base__ = __ram0_free__
                0x0000000020020000                __heap_end__ = __ram0_end__
                0x0000000000000800                __process_stack_size__ = 0x800
                0x0000000000000800                __main_stack_size__ = 0x800