 speedgoat_IO316_CI_01476_R15b_laeuft_slrt

 Timestamp is 5c90f838 (Tue Mar 19 15:10:00 2019)

 Preferred load address is 10000000

 Start         Length     Name                   Class
 0001:00000000 00042fa2H .text$mn                CODE
 0002:00000000 00000104H .CRT$XCA                DATA
 0002:00000104 00000104H .CRT$XCZ                DATA
 0002:00000208 00000104H .CRT$XIA                DATA
 0002:0000030c 00000113H .CRT$XIC                DATA
 0002:00000420 00000104H .CRT$XIZ                DATA
 0002:00000524 00000104H .CRT$XPA                DATA
 0002:00000628 00000109H .CRT$XPX                DATA
 0002:00000734 00000104H .CRT$XPXA               DATA
 0002:00000838 00000104H .CRT$XPZ                DATA
 0002:0000093c 00000104H .CRT$XTA                DATA
 0002:00000a40 00000104H .CRT$XTZ                DATA
 0002:00000b50 0000ccb8H .rdata                  DATA
 0002:0000d808 000001f4H .rdata$debug            DATA
 0002:0000da00 0000010eH .rdata$sxdata           DATA
 0002:0000db10 00000104H .rtc$IAA                DATA
 0002:0000dc14 00000104H .rtc$IZZ                DATA
 0002:0000dd18 00000104H .rtc$TAA                DATA
 0002:0000de1c 00000104H .rtc$TZZ                DATA
 0002:0000df20 00000991H .xdata$x                DATA
 0002:0000e8c0 00000203H .edata                  DATA
 0003:00000000 00d9aa2cH .data                   DATA
 0003:00d9aa40 00015c04H .bss                    DATA
 0004:00000000 000001b0H .idata$5                DATA
 0004:000001b0 00000014H .idata$2                DATA
 0004:000001c4 00000014H .idata$3                DATA
 0004:000001d8 000001b0H .idata$4                DATA
 0004:00000388 0000076bH .idata$6                DATA

  Address         Publics by Value              Rva+Base       Lib:Object

 0000:00000000       ___guard_flags             00000000     <absolute>
 0000:00000000       ___guard_fids_count        00000000     <absolute>
 0000:00000000       ___guard_fids_table        00000000     <absolute>
 0000:00000000       __except_list              00000000     <absolute>
 0000:00000003       ___safe_se_handler_count   00000003     <absolute>
 0000:00000000       ___ImageBase               10000000     <linker-defined>
 0001:000004a0       _MdlInitialize             100014a0 f   speedgoat_IO316_CI_01476_R15b_laeuft.obj
 0001:000004b0       _MdlInitializeSampleTimes  100014b0 f   speedgoat_IO316_CI_01476_R15b_laeuft.obj
 0001:000004c0       _MdlInitializeSizes        100014c0 f   speedgoat_IO316_CI_01476_R15b_laeuft.obj
 0001:000004d0       _MdlOutputs                100014d0 f   speedgoat_IO316_CI_01476_R15b_laeuft.obj
 0001:000004e0       _MdlStart                  100014e0 f   speedgoat_IO316_CI_01476_R15b_laeuft.obj
 0001:000004f0       _MdlTerminate              100014f0 f   speedgoat_IO316_CI_01476_R15b_laeuft.obj
 0001:00000550       _MdlUpdate                 10001550 f   speedgoat_IO316_CI_01476_R15b_laeuft.obj
 0001:00000560       _speedgoat_IO316_CI_01476_R15b_laeuft 10001560 f   speedgoat_IO316_CI_01476_R15b_laeuft.obj
 0001:00002530       _rt_mxCreateCharMatrixFromStrings 10003530 f   rt_matrx.obj
 0001:00002680       _rt_mxCreateDoubleMatrix   10003680 f   rt_matrx.obj
 0001:000026e0       _rt_mxCreateNumericArray   100036e0 f   rt_matrx.obj
 0001:00002760       _rt_mxCreateString         10003760 f   rt_matrx.obj
 0001:000027f0       _rt_mxDuplicateArray       100037f0 f   rt_matrx.obj
 0001:00002850       _rt_mxGetDimensions        10003850 f   rt_matrx.obj
 0001:00002890       _rt_mxGetEps               10003890 f   rt_matrx.obj
 0001:000028a0       _rt_mxGetString            100038a0 f   rt_matrx.obj
 0001:00002920       _rtPrintfNoOp              10003920 f   rt_printf.obj
 0001:00002930       _rtGetInf                  10003930 f   rtGetInf.obj
 0001:00002960       _rtGetInfF                 10003960 f   rtGetInf.obj
 0001:00002980       _rtGetMinusInf             10003980 f   rtGetInf.obj
 0001:000029b0       _rtGetMinusInfF            100039b0 f   rtGetInf.obj
 0001:000029d0       _rtGetNaN                  100039d0 f   rtGetNaN.obj
 0001:00002a00       _rtGetNaNF                 10003a00 f   rtGetNaN.obj
 0001:00002a20       _rtIsInf                   10003a20 f   rt_nonfinite.obj
 0001:00002a60       _rtIsInfF                  10003a60 f   rt_nonfinite.obj
 0001:00002aa0       _rtIsNaN                   10003aa0 f   rt_nonfinite.obj
 0001:00002ac0       _rtIsNaNF                  10003ac0 f   rt_nonfinite.obj
 0001:00002ae0       _rt_InitInfAndNaN          10003ae0 f   rt_nonfinite.obj
 0001:00002b40       _speedgoat_IO316_CI_01476_R15b_laeuft_GetCAPIStaticMap 10003b40 f   speedgoat_IO316_CI_01476_R15b_laeuft_capi.obj
 0001:00002b50       _speedgoat_IO316_CI_01476_R15b_laeuft_InitializeDataMapInfo 10003b50 f   speedgoat_IO316_CI_01476_R15b_laeuft_capi.obj
 0001:00002be0       _rt_CleanUpForStateLogWithMMI 10003be0 f   rt_logging_mmi.obj
 0001:00002cf0       _rt_FillStateSigInfoFromMMI 10003cf0 f   rt_logging_mmi.obj
 0001:000030a0       _rtwCAPI_CountSysRan       100040a0 f   rtw_modelmap_utils.obj
 0001:00003140       _rtwCAPI_EncodePath        10004140 f   rtw_modelmap_utils.obj
 0001:00003230       _rtwCAPI_FillSysRan        10004230 f   rtw_modelmap_utils.obj
 0001:00003320       _rtwCAPI_FreeFullPaths     10004320 f   rtw_modelmap_utils.obj
 0001:000033b0       _rtwCAPI_GetFullStateBlockPath 100043b0 f   rtw_modelmap_utils.obj
 0001:00003560       _rtwCAPI_GetNumContStateRecords 10004560 f   rtw_modelmap_utils.obj
 0001:00003620       _rtwCAPI_GetNumSigLogRecords 10004620 f   rtw_modelmap_utils.obj
 0001:00003670       _rtwCAPI_GetNumSigLogRecordsForRTWLogging 10004670 f   rtw_modelmap_utils.obj
 0001:00003700       _rtwCAPI_GetNumStateRecords 10004700 f   rtw_modelmap_utils.obj
 0001:00003750       _rtwCAPI_GetNumStateRecordsForRTWLogging 10004750 f   rtw_modelmap_utils.obj
 0001:000037e0       _rtwCAPI_GetSigAddrFromMap 100047e0 f   rtw_modelmap_utils.obj
 0001:000038a0       _rtwCAPI_GetSigLogRecordInfo 100048a0 f   rtw_modelmap_utils.obj
 0001:00003cd0       _rtwCAPI_GetStateRecordInfo 10004cd0 f   rtw_modelmap_utils.obj
 0001:00004180       _rtwCAPI_GetStateWidth     10005180 f   rtw_modelmap_utils.obj
 0001:000041e0       _rtwCAPI_HasStates         100051e0 f   rtw_modelmap_utils.obj
 0001:00004250       _rtwCAPI_UpdateFullPaths   10005250 f   rtw_modelmap_utils.obj
 0001:00004d40       _rt_CreateLogVar           10005d40 f   rt_logging.obj
 0001:00004dd0       _rt_CreateLogVarWithConvert 10005dd0 f   rt_logging.obj
 0001:00005750       _rt_CreateStructLogVar     10006750 f   rt_logging.obj
 0001:000064c0       _rt_GetMxIdFromDTypeId     100074c0 f   rt_logging.obj
 0001:000064f0       _rt_GetMxIdFromDTypeIdForRSim 100074f0 f   rt_logging.obj
 0001:00008e30       _rt_StartDataLogging       10009e30 f   rt_logging.obj
 0001:000092f0       _rt_StartDataLoggingWithStartTime 1000a2f0 f   rt_logging.obj
 0001:00009c50       _rt_StopDataLogging        1000ac50 f   rt_logging.obj
 0001:00009c70       _rt_StopDataLoggingImpl    1000ac70 f   rt_logging.obj
 0001:00009f90       _rt_UpdateLogVar           1000af90 f   rt_logging.obj
 0001:0000b350       _rt_UpdateStructLogVar     1000c350 f   rt_logging.obj
 0001:0000b3e0       _rt_UpdateTXXFYLogVars     1000c3e0 f   rt_logging.obj
 0001:0000b720       _rt_UpdateTXYLogVars       1000c720 f   rt_logging.obj
 0001:0000b970       _sg_fpga_IO3xxGetModuleId  1000c970 f   sg_fpga_io3xx_util.obj
 0001:0000bf00       _DllMain@12                1000cf00 f   xpctarget.obj
 0001:0000bf10       _SLRTSetErrorStatus        1000cf10 f   xpctarget.obj
 0001:0000bf30       _changeStepSize            1000cf30 f   xpctarget.obj
 0001:0000bfa0       _getDLMVersion             1000cfa0 f   xpctarget.obj
 0001:0000bfb0       _getRefMdlPath             1000cfb0 f   xpctarget.obj
 0001:0000c030       _getRefMdlSignalNumber     1000d030 f   xpctarget.obj
 0001:0000c0e0       _getrlmdlinfo              1000d0e0 f   xpctarget.obj
 0001:0000c2c0       _speedgoat_IO316_CI_01476_R15b_laeuft_ChangeStepSize 1000d2c0 f   xpctarget.obj
 0001:0000c330       _updateDiscreteEvents      1000d330 f   xpctarget.obj
 0001:0000c340       _getNumRef                 1000d340 f   appmappingData.obj
 0001:0000ca10       _sg_fpga_di_sf_a2          1000da10 f   sg_fpga_di_sf_a2.obj
 0001:0000d380       _sg_fpga_do_sf_a2          1000e380 f   sg_fpga_do_sf_a2.obj
 0001:0000d7e0       _sg_fpga_setup_sf_3        1000e7e0 f   sg_fpga_setup_sf_3.obj
 0001:0000d830       _z070ae92654               1000e830 f   sg_fpga_setup_sf_3.obj
 0001:0000da30       _z0b57aa50e1               1000ea30 f   sg_fpga_setup_sf_3.obj
 0001:0000df00       _z10dff60fae               1000ef00 f   sg_fpga_setup_sf_3.obj
 0001:0000e380       _z13c010fc93               1000f380 f   sg_fpga_setup_sf_3.obj
 0001:0000e470       _z2127420848               1000f470 f   sg_fpga_setup_sf_3.obj
 0001:0000e9d0       _z2afd378cd7               1000f9d0 f   sg_fpga_setup_sf_3.obj
 0001:0000f400       _z32392d7a44               10010400 f   sg_fpga_setup_sf_3.obj
 0001:0000f450       _z33ddbe722a               10010450 f   sg_fpga_setup_sf_3.obj
 0001:0000f770       _z3483200c6b               10010770 f   sg_fpga_setup_sf_3.obj
 0001:0000f8b0       _z3c5e6500be               100108b0 f   sg_fpga_setup_sf_3.obj
 0001:0000f9e0       _z400d9d3de3               100109e0 f   sg_fpga_setup_sf_3.obj
 0001:0000faf0       _z484653a0f1               10010af0 f   sg_fpga_setup_sf_3.obj
 0001:0000fc80       _z602d1d6328               10010c80 f   sg_fpga_setup_sf_3.obj
 0001:0000fed0       _z60a644eb80               10010ed0 f   sg_fpga_setup_sf_3.obj
 0001:0000ff60       _z82b5f8ddea               10010f60 f   sg_fpga_setup_sf_3.obj
 0001:000100b0       _z85dc0630c4               100110b0 f   sg_fpga_setup_sf_3.obj
 0001:00010450       _z8f6246335c               10011450 f   sg_fpga_setup_sf_3.obj
 0001:00010510       _z950e08fd5e               10011510 f   sg_fpga_setup_sf_3.obj
 0001:00010650       _za302a29b4b               10011650 f   sg_fpga_setup_sf_3.obj
 0001:000107a0       _za518f13bf4               100117a0 f   sg_fpga_setup_sf_3.obj
 0001:00010910       _zad1156101c               10011910 f   sg_fpga_setup_sf_3.obj
 0001:00010df0       _zb0671b5b1f               10011df0 f   sg_fpga_setup_sf_3.obj
 0001:00010e40       _zb16b3bc77f               10011e40 f   sg_fpga_setup_sf_3.obj
 0001:00011030       _zbb9e9b554c               10012030 f   sg_fpga_setup_sf_3.obj
 0001:000112b0       _zbd43af33cd               100122b0 f   sg_fpga_setup_sf_3.obj
 0001:00011610       _zbd86078d47               10012610 f   sg_fpga_setup_sf_3.obj
 0001:000116e0       _zc06d52d14f               100126e0 f   sg_fpga_setup_sf_3.obj
 0001:00011840       _zcac85afeba               10012840 f   sg_fpga_setup_sf_3.obj
 0001:00011b60       _zcc4ca80ab6               10012b60 f   sg_fpga_setup_sf_3.obj
 0001:00011da0       _zd460749fdc               10012da0 f   sg_fpga_setup_sf_3.obj
 0001:00011f40       _zdf223dd217               10012f40 f   sg_fpga_setup_sf_3.obj
 0001:000120a0       _zdf9b030801               100130a0 f   sg_fpga_setup_sf_3.obj
 0001:00012230       _ze5de0e8794               10013230 f   sg_fpga_setup_sf_3.obj
 0001:00012370       _zec95e0d1ee               10013370 f   sg_fpga_setup_sf_3.obj
 0001:00012490       _zf32562f9c4               10013490 f   sg_fpga_setup_sf_3.obj
 0001:000124b0       _zf364bde6b4               100134b0 f   sg_fpga_setup_sf_3.obj
 0001:000124f0       _zf69355bf64               100134f0 f   sg_fpga_setup_sf_3.obj
 0001:00012550       _zfb2ef5d44e               10013550 f   sg_fpga_setup_sf_3.obj
 0001:000126c0       _zffd367e2a3               100136c0 f   sg_fpga_setup_sf_3.obj
 0001:00013700       _sg_fpga_spi_sf_1          10014700 f   sg_fpga_spi_sf_1.obj
 0001:00013750       _z068d5ded6b               10014750 f   sg_fpga_spi_sf_1.obj
 0001:00013850       _zf42bec4a5a               10014850 f   sg_fpga_spi_sf_1.obj
 0001:000139d0       _GetPCIDeviceFull          100149d0 f   xpcruntime:xpcimports.obj
 0001:00013a00       _ShowPCIDevice             10014a00 f   xpcruntime:xpcimports.obj
 0001:00014070       _xpcGetPciConfigAtSlot     10015070 f   xpcruntime:xpcimports.obj
 0001:000142f0       _xpcInitProcs              100152f0 f   xpcruntime:xpcimports.obj
 0001:00015270       _xpceuploadevent           10016270 f   xpcruntime:xpcimports.obj
 0001:00015280       _restoreInterrupts         10016280 f   xpcruntime:xpcPCFunctions.obj
 0001:00015290       _rl32eGetTicksDouble       10016290 f   xpcruntime:xpcPCFunctions.obj
 0001:00015300       _saveAndDisableInterrupts  10016300 f   xpcruntime:xpcPCFunctions.obj
 0001:00015320       _xPCSubtractTime           10016320 f   xpcruntime:xpcPCFunctions.obj
 0001:00015340       _xpcSubtractTime           10016340 f   xpcruntime:xpcPCFunctions.obj
 0001:000153e8       __heap_alloc               100163e8 f i LIBCMT:malloc.obj
 0001:00015425       _malloc                    10016425 f   LIBCMT:malloc.obj
 0001:000154b7       __get_printf_count_output  100164b7 f   LIBCMT:printf.obj
 0001:000154cc       __printf_l                 100164cc f   LIBCMT:printf.obj
 0001:000154e3       __printf_p                 100164e3 f   LIBCMT:printf.obj
 0001:000154f9       __printf_p_l               100164f9 f   LIBCMT:printf.obj
 0001:00015510       __printf_s_l               10016510 f   LIBCMT:printf.obj
 0001:00015527       __set_printf_count_output  10016527 f   LIBCMT:printf.obj
 0001:0001554f       _printf                    1001654f f   LIBCMT:printf.obj
 0001:000155fe       _printf_s                  100165fe f   LIBCMT:printf.obj
 0001:00015620       _fmod                      10016620 f   LIBCMT:87fmod.obj
 0001:0001562a       __CIfmod                   1001662a f   LIBCMT:87fmod.obj
 0001:00015650       __ftoui3                   10016650 f   LIBCMT:ftol3.obj
 0001:0001565f       __ftoul3                   1001665f f   LIBCMT:ftol3.obj
 0001:0001566e       __ftol3                    1001666e f   LIBCMT:ftol3.obj
 0001:0001567b       __ftol3_NaN                1001667b f   LIBCMT:ftol3.obj
 0001:00015693       __ftol3_work               10016693 f   LIBCMT:ftol3.obj
 0001:00015719       __ftol3_common             10016719 f   LIBCMT:ftol3.obj
 0001:000157db       __ftol3_arg_error          100167db f   LIBCMT:ftol3.obj
 0001:000157ed       __ftol3_except             100167ed f   LIBCMT:ftol3.obj
 0001:0001582f       __dtoui3                   1001682f f   LIBCMT:ftol3.obj
 0001:0001583e       __dtoul3                   1001683e f   LIBCMT:ftol3.obj
 0001:0001584d       __dtol3                    1001684d f   LIBCMT:ftol3.obj
 0001:0001585a       __dtol3_NaN                1001685a f   LIBCMT:ftol3.obj
 0001:00015877       __dtol3_work               10016877 f   LIBCMT:ftol3.obj
 0001:0001595c       __ultod3                   1001695c f   LIBCMT:ftol3.obj
 0001:000159ed       __ltod3                    100169ed f   LIBCMT:ftol3.obj
 0001:00015a20       _memset                    10016a20 f   LIBCMT:memset.obj
 0001:00015ab0       __fpmath                   10016ab0 f   LIBCMT:fpinit.obj
 0001:00015ac7       ___setfflag                10016ac7 f   LIBCMT:fpinit.obj
 0001:00015ada       __cfltcvt_init             10016ada f   LIBCMT:fpinit.obj
 0001:00015b3a       _calloc                    10016b3a f   LIBCMT:calloc.obj
 0001:00015b80       _memcpy                    10016b80 f   LIBCMT:memcpy.obj
 0001:000161c4       _free                      100171c4 f   LIBCMT:free.obj
 0001:000161fc       __invoke_watson_if_error   100171fc f i LIBCMT:wassert.obj
 0001:0001621c       __wassert                  1001721c f   LIBCMT:wassert.obj
 0001:000168c0       ___raise_securityfailure   100178c0 f   LIBCMT:gs_report.obj
 0001:000168fd       ___report_gsfailure        100178fd f   LIBCMT:gs_report.obj
 0001:000169f8       ___report_rangecheckfailure 100179f8 f   LIBCMT:gs_report.obj
 0001:00016a04       ___report_securityfailure  10017a04 f   LIBCMT:gs_report.obj
 0001:00016ad4       ___report_securityfailureEx 10017ad4 f   LIBCMT:gs_report.obj
 0001:00016bea       ___copy_path_to_wide_string 10017bea f   LIBCMT:crt0dat.obj
 0001:00016c9c       ___copy_to_char            10017c9c f   LIBCMT:crt0dat.obj
 0001:00016d51       ___crtCorExitProcess       10017d51 f   LIBCMT:crt0dat.obj
 0001:00016d85       ___crtExitProcess          10017d85 f   LIBCMT:crt0dat.obj
 0001:00016d9b       ___freeCrtMemory           10017d9b f   LIBCMT:crt0dat.obj
 0001:00016ea8       __amsg_exit                10017ea8 f   LIBCMT:crt0dat.obj
 0001:00016ec4       __c_exit                   10017ec4 f   LIBCMT:crt0dat.obj
 0001:00016ed3       __cexit                    10017ed3 f   LIBCMT:crt0dat.obj
 0001:00016ee2       __cinit                    10017ee2 f   LIBCMT:crt0dat.obj
 0001:00016f66       __exit                     10017f66 f   LIBCMT:crt0dat.obj
 0001:00016f7a       __exit_app                 10017f7a f   LIBCMT:crt0dat.obj
 0001:00016f88       __get_pgmptr               10017f88 f   LIBCMT:crt0dat.obj
 0001:00016fb7       __get_wpgmptr              10017fb7 f   LIBCMT:crt0dat.obj
 0001:00016fe6       __init_pointers            10017fe6 f   LIBCMT:crt0dat.obj
 0001:00017054       __initterm_e               10018054 f   LIBCMT:crt0dat.obj
 0001:00017076       __lockexit                 10018076 f   LIBCMT:crt0dat.obj
 0001:0001707f       __unlockexit               1001807f f   LIBCMT:crt0dat.obj
 0001:000171b7       _exit                      100181b7 f   LIBCMT:crt0dat.obj
 0001:000171cb       _realloc                   100181cb f   LIBCMT:realloc.obj
 0001:00017280       _memmove                   10018280 f   LIBCMT:memmove.obj
 0001:000178d0       _strchr                    100188d0 f   LIBCMT:strchr.obj
 0001:0001793e       ___from_strstr_to_strchr   1001893e     LIBCMT:strchr.obj
 0001:00017a00       _strncat                   10018a00 f   LIBCMT:strncat.obj
 0001:00017b40       _strncpy                   10018b40 f   LIBCMT:strncpy.obj
 0001:00017c64       ___initstdio               10018c64 f   LIBCMT:_file.obj
 0001:00017cd7       ___endstdio                10018cd7 f   LIBCMT:_file.obj
 0001:00017cfe       ___iob_func                10018cfe f   LIBCMT:_file.obj
 0001:00017d04       __lock_file                10018d04 f   LIBCMT:_file.obj
 0001:00017d43       __lock_file2               10018d43 f   LIBCMT:_file.obj
 0001:00017d73       __unlock_file              10018d73 f   LIBCMT:_file.obj
 0001:00017dad       __unlock_file2             10018dad f   LIBCMT:_file.obj
 0001:00017dda       __fclose_nolock            10018dda f   LIBCMT:fclose.obj
 0001:00017e46       _fclose                    10018e46 f   LIBCMT:fclose.obj
 0001:00017ebd       __fsopen                   10018ebd f   LIBCMT:fopen.obj
 0001:00017f81       _fopen                     10018f81 f   LIBCMT:fopen.obj
 0001:00017f96       _fopen_s                   10018f96 f   LIBCMT:fopen.obj
 0001:00017fdb       __fprintf_l                10018fdb f   LIBCMT:fprintf.obj
 0001:00017ff5       __fprintf_p                10018ff5 f   LIBCMT:fprintf.obj
 0001:0001800e       __fprintf_p_l              1001900e f   LIBCMT:fprintf.obj
 0001:00018028       __fprintf_s_l              10019028 f   LIBCMT:fprintf.obj
 0001:00018042       _fprintf                   10019042 f   LIBCMT:fprintf.obj
 0001:00018154       _fprintf_s                 10019154 f   LIBCMT:fprintf.obj
 0001:0001816d       __fread_nolock             1001916d f   LIBCMT:fread.obj
 0001:00018188       __fread_nolock_s           10019188 f   LIBCMT:fread.obj
 0001:0001834d       _fread                     1001934d f   LIBCMT:fread.obj
 0001:00018368       _fread_s                   10019368 f   LIBCMT:fread.obj
 0001:000183f9       __fwrite_nolock            100193f9 f   LIBCMT:fwrite.obj
 0001:00018552       _fwrite                    10019552 f   LIBCMT:fwrite.obj
 0001:000185d4       __unlink                   100195d4 f   LIBCMT:unlink.obj
 0001:000185dd       _remove                    100195dd f   LIBCMT:unlink.obj
 0001:0001861f       _rewind                    1001961f f   LIBCMT:rewind.obj
 0001:000186de       __scprintf                 100196de f   LIBCMT:sprintf.obj
 0001:000186f1       __scprintf_l               100196f1 f   LIBCMT:sprintf.obj
 0001:00018708       __scprintf_p               10019708 f   LIBCMT:sprintf.obj
 0001:0001871b       __scprintf_p_l             1001971b f   LIBCMT:sprintf.obj
 0001:00018732       __snprintf_s               10019732 f   LIBCMT:sprintf.obj
 0001:00018751       __snprintf_s_l             10019751 f   LIBCMT:sprintf.obj
 0001:00018771       __sprintf_l                10019771 f   LIBCMT:sprintf.obj
 0001:0001878b       __sprintf_p                1001978b f   LIBCMT:sprintf.obj
 0001:000187a7       __sprintf_p_l              100197a7 f   LIBCMT:sprintf.obj
 0001:000187c4       __sprintf_s_l              100197c4 f   LIBCMT:sprintf.obj
 0001:000187e1       _sprintf                   100197e1 f   LIBCMT:sprintf.obj
 0001:00018865       _sprintf_s                 10019865 f   LIBCMT:sprintf.obj
 0001:00018881       _ldexp                     10019881 f   LIBCMT:ldexp.obj
 0001:00018a6d       @__security_check_cookie@4 10019a6d f   LIBCMT:secchk.obj
 0001:00018a7c       ___isa_available_init      10019a7c f   LIBCMT:cpu_disp.obj
 0001:00018c00       __alldiv                   10019c00 f   LIBCMT:lldiv.obj
 0001:00018cb0       __allrem                   10019cb0 f   LIBCMT:llrem.obj
 0001:00018d62       __CRT_INIT@12              10019d62 f   LIBCMT:dllcrt0.obj
 0001:00018ed4       __DllMainCRTStartup@12     10019ed4 f   LIBCMT:dllcrt0.obj
 0001:00019005       ___DllXcptFilter           1001a005 f   LIBCMT:dllcrt0.obj
 0001:0001902a       ?_query_new_handler@@YAP6AHI@ZXZ 1001a02a f   LIBCMT:handler.obj
 0001:00019037       ?_set_new_handler@@YAP6AHI@ZH@Z 1001a037 f   LIBCMT:handler.obj
 0001:00019040       ?_set_new_handler@@YAP6AHI@ZP6AHI@Z@Z 1001a040 f   LIBCMT:handler.obj
 0001:00019075       __callnewh                 1001a075 f   LIBCMT:handler.obj
 0001:0001909b       __initp_heap_handler       1001a09b f   LIBCMT:handler.obj
 0001:000190a8       __FF_MSGBANNER             1001a0a8 f   LIBCMT:crt0msg.obj
 0001:000190e1       __GET_RTERRMSG             1001a0e1 f   LIBCMT:crt0msg.obj
 0001:00019105       __NMSG_WRITE               1001a105 f   LIBCMT:crt0msg.obj
 0001:000192c2       ___doserrno                1001a2c2 f   LIBCMT:dosmap.obj
 0001:000192d5       __dosmaperr                1001a2d5 f   LIBCMT:dosmap.obj
 0001:000192f6       __errno                    1001a2f6 f   LIBCMT:dosmap.obj
 0001:00019309       __get_doserrno             1001a309 f   LIBCMT:dosmap.obj
 0001:0001932c       __get_errno                1001a32c f   LIBCMT:dosmap.obj
 0001:0001934f       __get_errno_from_oserr     1001a34f f   LIBCMT:dosmap.obj
 0001:00019390       __set_doserrno             1001a390 f   LIBCMT:dosmap.obj
 0001:000193af       __set_errno                1001a3af f   LIBCMT:dosmap.obj
 0001:000193ce       __get_heap_handle          1001a3ce f   LIBCMT:heapinit.obj
 0001:000193d4       __heap_init                1001a3d4 f   LIBCMT:heapinit.obj
 0001:000193e9       __heap_term                1001a3e9 f   LIBCMT:heapinit.obj
 0001:000193f1       ?_invalid_parameter@@YAXPBG00II@Z 1001a3f1 f   LIBCMT:invarg.obj
 0001:000193f6       ?_invoke_watson@@YAXPBG00II@Z 1001a3f6 f   LIBCMT:invarg.obj
 0001:0001940e       __call_reportfault         1001a40e f   LIBCMT:invarg.obj
 0001:00019533       __get_invalid_parameter_handler 1001a533 f   LIBCMT:invarg.obj
 0001:00019540       __initp_misc_invarg        1001a540 f   LIBCMT:invarg.obj
 0001:0001954d       __invalid_parameter        1001a54d f   LIBCMT:invarg.obj
 0001:00019578       __invalid_parameter_noinfo 1001a578 f   LIBCMT:invarg.obj
 0001:00019588       __invalid_parameter_noinfo_noreturn 1001a588 f   LIBCMT:invarg.obj
 0001:000195a3       __invoke_watson            1001a5a3 f   LIBCMT:invarg.obj
 0001:000195ce       __set_invalid_parameter_handler 1001a5ce f   LIBCMT:invarg.obj
 0001:000195f3       __vprintf_l                1001a5f3 f   LIBCMT:vprintf.obj
 0001:0001960e       __vprintf_p                1001a60e f   LIBCMT:vprintf.obj
 0001:00019628       __vprintf_p_l              1001a628 f   LIBCMT:vprintf.obj
 0001:00019643       __vprintf_s_l              1001a643 f   LIBCMT:vprintf.obj
 0001:0001965e       _vprintf                   1001a65e f   LIBCMT:vprintf.obj
 0001:00019678       _vprintf_helper            1001a678 f   LIBCMT:vprintf.obj
 0001:00019705       _vprintf_s                 1001a705 f   LIBCMT:vprintf.obj
 0001:0001971f       __ftbuf                    1001a71f f   LIBCMT:_sftbuf.obj
 0001:00019750       __stbuf                    1001a750 f   LIBCMT:_sftbuf.obj
 0001:000197f6       ??0_LocaleUpdate@@QAE@PAUlocaleinfo_struct@@@Z 1001a7f6 f i LIBCMT:output.obj
 0001:0001987e       ??1_LocaleUpdate@@QAE@XZ   1001a87e f i LIBCMT:output.obj
 0001:0001988c       ?GetLocaleT@_LocaleUpdate@@QAEPAUlocaleinfo_struct@@XZ 1001a88c f i LIBCMT:output.obj
 0001:0001988f       __output_l                 1001a88f f   LIBCMT:output.obj
 0001:0001a40f       _get_int64_arg             1001b40f f i LIBCMT:output.obj
 0001:0001a422       _get_int_arg               1001b422 f i LIBCMT:output.obj
 0001:0001a432       _get_short_arg             1001b432 f i LIBCMT:output.obj
 0001:0001a530       __SEH_prolog4              1001b530 f   LIBCMT:sehprolg4.obj
 0001:0001a575       __SEH_epilog4              1001b575 f   LIBCMT:sehprolg4.obj
 0001:0001a5d0       __except_handler4          1001b5d0 f   LIBCMT:chandler4.obj
 0001:0001a770       __cintrindisp2             1001b770 f   LIBCMT:87cdisp.obj
 0001:0001a7ae       __cintrindisp1             1001b7ae f   LIBCMT:87cdisp.obj
 0001:0001a7eb       __ctrandisp2               1001b7eb f   LIBCMT:87cdisp.obj
 0001:0001a97a       __ctrandisp1               1001b97a f   LIBCMT:87cdisp.obj
 0001:0001a9ad       __fload                    1001b9ad f   LIBCMT:87cdisp.obj
 0001:0001a9f0       __trandisp1                1001b9f0 f   LIBCMT:87disp.obj
 0001:0001aa57       __trandisp2                1001ba57 f   LIBCMT:87disp.obj
 0001:0001aae3       __rttospopde               1001bae3     LIBCMT:87disp.obj
 0001:0001aae8       __rttospop                 1001bae8     LIBCMT:87disp.obj
 0001:0001aaea       __rtnospop                 1001baea     LIBCMT:87disp.obj
 0001:0001aaec       __rttosnpop                1001baec     LIBCMT:87disp.obj
 0001:0001aaed       __rtnospopde               1001baed     LIBCMT:87disp.obj
 0001:0001aaf4       __rtzeropop                1001baf4     LIBCMT:87disp.obj
 0001:0001aaf6       __rtzeronpop               1001baf6     LIBCMT:87disp.obj
 0001:0001aafb       __rtonepop                 1001bafb     LIBCMT:87disp.obj
 0001:0001aafd       __rtonenpop                1001bafd     LIBCMT:87disp.obj
 0001:0001ab02       __tosnan1                  1001bb02     LIBCMT:87disp.obj
 0001:0001ab2d       __nosnan2                  1001bb2d     LIBCMT:87disp.obj
 0001:0001ab2f       __tosnan2                  1001bb2f     LIBCMT:87disp.obj
 0001:0001ab57       __nan2                     1001bb57     LIBCMT:87disp.obj
 0001:0001ab96       __rtindfpop                1001bb96     LIBCMT:87disp.obj
 0001:0001ab98       __rtindfnpop               1001bb98     LIBCMT:87disp.obj
 0001:0001aba9       __rttosnpopde              1001bba9     LIBCMT:87disp.obj
 0001:0001abb3       __rtchsifneg               1001bbb3     LIBCMT:87disp.obj
 0001:0001abba       __errcode                  1001bbba f   LIBCMT:fpexcept.obj
 0001:0001abec       __except1                  1001bbec f   LIBCMT:fpexcept.obj
 0001:0001acb4       __except2                  1001bcb4 f   LIBCMT:fpexcept.obj
 0001:0001adb4       __handle_exc               1001bdb4 f   LIBCMT:fpexcept.obj
 0001:0001af92       __handle_qnan1             1001bf92 f   LIBCMT:fpexcept.obj
 0001:0001afe2       __handle_qnan2             1001bfe2 f   LIBCMT:fpexcept.obj
 0001:0001b042       __raise_exc                1001c042 f   LIBCMT:fpexcept.obj
 0001:0001b063       __raise_exc_ex             1001c063 f   LIBCMT:fpexcept.obj
 0001:0001b348       __raise_excf               1001c348 f   LIBCMT:fpexcept.obj
 0001:0001b369       __set_errno_from_matherr   1001c369 f   LIBCMT:fpexcept.obj
 0001:0001b396       __umatherr                 1001c396 f   LIBCMT:fpexcept.obj
 0001:0001b436       __VEC_memset               1001c436 f   LIBCMT:p4_memset.obj
 0001:0001b4fe       ?strrchr@@YAPADPADH@Z      1001c4fe f i LIBCMT:cvt.obj
 0001:0001b507       __cfltcvt                  1001c507 f   LIBCMT:cvt.obj
 0001:0001b528       __cfltcvt_l                1001c528 f   LIBCMT:cvt.obj
 0001:0001b5ae       __cftoa                    1001c5ae f   LIBCMT:cvt.obj
 0001:0001b5cc       __cftoa_l                  1001c5cc f   LIBCMT:cvt.obj
 0001:0001b928       __cftoe                    1001c928 f   LIBCMT:cvt.obj
 0001:0001ba97       __cftoe_l                  1001ca97 f   LIBCMT:cvt.obj
 0001:0001bb65       __cftof                    1001cb65 f   LIBCMT:cvt.obj
 0001:0001bc6c       __cftof_l                  1001cc6c f   LIBCMT:cvt.obj
 0001:0001bd2d       __cftog                    1001cd2d f   LIBCMT:cvt.obj
 0001:0001bd4b       __cftog_l                  1001cd4b f   LIBCMT:cvt.obj
 0001:0001be4a       __cropzeros                1001ce4a f   LIBCMT:cvt.obj
 0001:0001be5b       __cropzeros_l              1001ce5b f   LIBCMT:cvt.obj
 0001:0001bedb       __fassign                  1001cedb f   LIBCMT:cvt.obj
 0001:0001bef3       __fassign_l                1001cef3 f   LIBCMT:cvt.obj
 0001:0001bf35       __forcdecpt                1001cf35 f   LIBCMT:cvt.obj
 0001:0001bf46       __forcdecpt_l              1001cf46 f   LIBCMT:cvt.obj
 0001:0001bfba       __positive                 1001cfba f   LIBCMT:cvt.obj
 0001:0001bffc       __setdefaultprecision      1001cffc f   LIBCMT:fp8.obj
 0001:0001c023       __initp_misc_cfltcvt_tab   1001d023 f   LIBCMT:cmiscdat.obj
 0001:0001c042       __calloc_impl              1001d042 f   LIBCMT:calloc_impl.obj
 0001:0001c0bc       _memcpy_s                  1001d0bc f   LIBCMT:memcpy_s.obj
 0001:0001c13b       _wcscat_s                  1001d13b f   LIBCMT:wcscat_s.obj
 0001:0001c1a7       _wcscpy_s                  1001d1a7 f   LIBCMT:wcscpy_s.obj
 0001:0001c203       _wcslen                    1001d203 f   LIBCMT:wcslen.obj
 0001:0001c21c       _wcsncat_s                 1001d21c f   LIBCMT:wcsncat_s.obj
 0001:0001c2ea       __set_abort_behavior       1001d2ea f   LIBCMT:abort.obj
 0001:0001c309       _abort                     1001d309 f   LIBCMT:abort.obj
 0001:0001c34c       ___set_app_type            1001d34c f   LIBCMT:errmode.obj
 0001:0001c359       __set_error_mode           1001d359 f   LIBCMT:errmode.obj
 0001:0001c4b5       __i64tow_s                 1001d4b5 f   LIBCMT:xtows.obj
 0001:0001c4e6       __itow_s                   1001d4e6 f   LIBCMT:xtows.obj
 0001:0001c50f       __ltow_s                   1001d50f f   LIBCMT:xtows.obj
 0001:0001c539       __ui64tow_s                1001d539 f   LIBCMT:xtows.obj
 0001:0001c554       __ultow_s                  1001d554 f   LIBCMT:xtows.obj
 0001:0001c65f       __fflush_nolock            1001d65f f   LIBCMT:fflush.obj
 0001:0001c6a5       __flush                    1001d6a5 f   LIBCMT:fflush.obj
 0001:0001c709       __flushall                 1001d709 f   LIBCMT:fflush.obj
 0001:0001c712       _fflush                    1001d712 f   LIBCMT:fflush.obj
 0001:0001c84f       _setvbuf                   1001d84f f   LIBCMT:setvbuf.obj
 0001:0001c955       __fwprintf_l               1001d955 f   LIBCMT:fwprintf.obj
 0001:0001c96f       __fwprintf_p               1001d96f f   LIBCMT:fwprintf.obj
 0001:0001c988       __fwprintf_p_l             1001d988 f   LIBCMT:fwprintf.obj
 0001:0001c9a2       __fwprintf_s_l             1001d9a2 f   LIBCMT:fwprintf.obj
 0001:0001c9bc       _fwprintf                  1001d9bc f   LIBCMT:fwprintf.obj
 0001:0001ca50       _fwprintf_s                1001da50 f   LIBCMT:fwprintf.obj
 0001:0001ca69       __vsnwprintf_s             1001da69 f   LIBCMT:vswprnc.obj
 0001:0001ca87       __vsnwprintf_s_l           1001da87 f   LIBCMT:vswprnc.obj
 0001:0001cb8b       __vswprintf_c              1001db8b f   LIBCMT:vswprnc.obj
 0001:0001cbb2       __vswprintf_c_l            1001dbb2 f   LIBCMT:vswprnc.obj
 0001:0001cbda       __vswprintf_helper         1001dbda f   LIBCMT:vswprnc.obj
 0001:0001ccd5       __vswprintf_p              1001dcd5 f   LIBCMT:vswprnc.obj
 0001:0001ccfc       __vswprintf_p_l            1001dcfc f   LIBCMT:vswprnc.obj
 0001:0001cd24       __vswprintf_s_l            1001dd24 f   LIBCMT:vswprnc.obj
 0001:0001cd9b       _vswprintf_s               1001dd9b f   LIBCMT:vswprnc.obj
 0001:0001cdb6       ___fpecode                 1001ddb6 f   LIBCMT:winsig.obj
 0001:0001cdbf       ___get_sigabrt             1001ddbf f   LIBCMT:winsig.obj
 0001:0001cdcc       ___pxcptinfoptrs           1001ddcc f   LIBCMT:winsig.obj
 0001:0001cdd5       __initp_misc_winsig        1001ddd5 f   LIBCMT:winsig.obj
 0001:0001ce96       _raise                     1001de96 f   LIBCMT:winsig.obj
 0001:0001d08b       _signal                    1001e08b f   LIBCMT:winsig.obj
 0001:0001d2e2       ___crtMessageBoxW          1001e2e2 f   LIBCMT:crtmboxw.obj
 0001:0001d4c8       ___crtMessageBoxWaitThreadW@4 1001e4c8 f   LIBCMT:crtmboxw.obj
 0001:0001d4e6       __crt_debugger_hook        1001e4e6 f   LIBCMT:dbghook.obj
 0001:0001d51b       ___crtCloseThreadpoolTimer 1001e51b f   LIBCMT:winapisupp.obj
 0001:0001d532       ___crtCloseThreadpoolWait  1001e532 f   LIBCMT:winapisupp.obj
 0001:0001d549       ___crtCreateEventExW       1001e549 f   LIBCMT:winapisupp.obj
 0001:0001d584       ___crtCreateSemaphoreExW   1001e584 f   LIBCMT:winapisupp.obj
 0001:0001d5be       ___crtCreateSymbolicLinkW  1001e5be f   LIBCMT:winapisupp.obj
 0001:0001d5e7       ___crtCreateThreadpoolTimer 1001e5e7 f   LIBCMT:winapisupp.obj
 0001:0001d608       ___crtCreateThreadpoolWait 1001e608 f   LIBCMT:winapisupp.obj
 0001:0001d629       ___crtFlsAlloc             1001e629 f   LIBCMT:winapisupp.obj
 0001:0001d647       ___crtFlsFree              1001e647 f   LIBCMT:winapisupp.obj
 0001:0001d666       ___crtFlsGetValue          1001e666 f   LIBCMT:winapisupp.obj
 0001:0001d685       ___crtFlsSetValue          1001e685 f   LIBCMT:winapisupp.obj
 0001:0001d6a7       ___crtFlushProcessWriteBuffers 1001e6a7 f   LIBCMT:winapisupp.obj
 0001:0001d6b7       ___crtFreeLibraryWhenCallbackReturns 1001e6b7 f   LIBCMT:winapisupp.obj
 0001:0001d6d1       ___crtGetCurrentProcessorNumber 1001e6d1 f   LIBCMT:winapisupp.obj
 0001:0001d6e3       ___crtGetFileInformationByHandleEx 1001e6e3 f   LIBCMT:winapisupp.obj
 0001:0001d70f       ___crtGetLogicalProcessorInformation 1001e70f f   LIBCMT:winapisupp.obj
 0001:0001d735       ___crtGetShowWindowMode    1001e735 f   LIBCMT:winapisupp.obj
 0001:0001d758       ___crtGetTickCount64       1001e758 f   LIBCMT:winapisupp.obj
 0001:0001d770       ___crtInitializeCriticalSectionEx 1001e770 f   LIBCMT:winapisupp.obj
 0001:0001d79e       ___crtIsPackagedApp        1001e79e f   LIBCMT:winapisupp.obj
 0001:0001d7de       ___crtLoadWinApiPointers   1001e7de f   LIBCMT:winapisupp.obj
 0001:0001da69       ___crtSetFileInformationByHandle 1001ea69 f   LIBCMT:winapisupp.obj
 0001:0001da95       ___crtSetThreadStackGuarantee 1001ea95 f   LIBCMT:winapisupp.obj
 0001:0001dab0       ___crtSetThreadpoolTimer   1001eab0 f   LIBCMT:winapisupp.obj
 0001:0001dad0       ___crtSetThreadpoolWait    1001ead0 f   LIBCMT:winapisupp.obj
 0001:0001daed       ___crtSetUnhandledExceptionFilter 1001eaed f   LIBCMT:winapisupp.obj
 0001:0001dafb       ___crtSleep                1001eafb f   LIBCMT:winapisupp.obj
 0001:0001db09       ___crtTerminateProcess     1001eb09 f   LIBCMT:winapisupp.obj
 0001:0001db1e       ___crtUnhandledException   1001eb1e f   LIBCMT:winapisupp.obj
 0001:0001db34       ___crtWaitForThreadpoolTimerCallbacks 1001eb34 f   LIBCMT:winapisupp.obj
 0001:0001db4e       __RTC_Initialize           1001eb4e f   LIBCMT:initsect.obj
 0001:0001db6e       __RTC_Terminate            1001eb6e f   LIBCMT:initsect.obj
 0001:0001db8e       __lock                     1001eb8e f   LIBCMT:mlock.obj
 0001:0001dbc2       __lockerr_exit             1001ebc2 f   LIBCMT:mlock.obj
 0001:0001dbe2       __mtdeletelocks            1001ebe2 f   LIBCMT:mlock.obj
 0001:0001dc36       __mtinitlocknum            1001ec36 f   LIBCMT:mlock.obj
 0001:0001dcdf       __mtinitlocks              1001ecdf f   LIBCMT:mlock.obj
 0001:0001dd18       __unlock                   1001ed18 f   LIBCMT:mlock.obj
 0001:0001dd30       __FindPESection            1001ed30 f   LIBCMT:pesect.obj
 0001:0001dd80       __IsNonwritableInCurrentImage 1001ed80 f   LIBCMT:pesect.obj
 0001:0001de40       __ValidateImageBase        1001ee40 f   LIBCMT:pesect.obj
 0001:0001de71       ___onexitinit              1001ee71 f   LIBCMT:onexit.obj
 0001:0001dea0       __onexit                   1001eea0 f   LIBCMT:onexit.obj
 0001:0001df9c       _atexit                    1001ef9c f   LIBCMT:onexit.obj
 0001:0001dfb1       __calloc_crt               1001efb1 f   LIBCMT:crtheap.obj
 0001:0001dff9       __malloc_crt               1001eff9 f   LIBCMT:crtheap.obj
 0001:0001e040       __realloc_crt              1001f040 f   LIBCMT:crtheap.obj
 0001:0001e08a       __recalloc_crt             1001f08a f   LIBCMT:crtheap.obj
 0001:0001e0d8       __set_malloc_crt_max_wait  1001f0d8 f   LIBCMT:crtheap.obj
 0001:0001e0eb       _wait_a_bit                1001f0eb f i LIBCMT:crtheap.obj
 0001:0001e10f       ?_inconsistency@@YAXXZ     1001f10f f   LIBCMT:hooks.obj
 0001:0001e147       ?terminate@@YAXXZ          1001f147 f   LIBCMT:hooks.obj
 0001:0001e17b       ?unexpected@@YAXXZ         1001f17b f   LIBCMT:hooks.obj
 0001:0001e18e       __initp_eh_hooks           1001f18e f   LIBCMT:hooks.obj
 0001:0001e19f       ___getlocaleinfo           1001f19f f   LIBCMT:inithelp.obj
 0001:0001e378       __initp_misc_purevirt      1001f378 f   LIBCMT:inithelp.obj
 0001:0001e385       __initp_misc_rand_s        1001f385 f   LIBCMT:rand_s.obj
 0001:0001e392       _rand_s                    1001f392 f   LIBCMT:rand_s.obj
 0001:0001e498       ___initmbctable            1001f498 f   LIBCMT:mbctype.obj
 0001:0001e74f       ___updatetmbcinfo          1001f74f f   LIBCMT:mbctype.obj
 0001:0001e7f5       __getmbcp                  1001f7f5 f   LIBCMT:mbctype.obj
 0001:0001e826       __setmbcp                  1001f826 f   LIBCMT:mbctype.obj
 0001:0001e9ce       __setmbcp_nolock           1001f9ce f   LIBCMT:mbctype.obj
 0001:0001ebb9       __fcloseall                1001fbb9 f   LIBCMT:closeall.obj
 0001:0001ec56       __fileno                   1001fc56 f   LIBCMT:fileno.obj
 0001:0001ec7a       __close                    1001fc7a f   LIBCMT:close.obj
 0001:0001ed55       __close_nolock             1001fd55 f   LIBCMT:close.obj
 0001:0001edef       __freebuf                  1001fdef f   LIBCMT:_freebuf.obj
 0001:0001ee1f       __getstream                1001fe1f f   LIBCMT:stream.obj
 0001:0001ef3e       __openfile                 1001ff3e f   LIBCMT:_open.obj
 0001:0001f1c0       __local_unwind4            100201c0 f   LIBCMT:exsup4.obj
 0001:0001f296       __seh_longjmp_unwind4@4    10020296 f   LIBCMT:exsup4.obj
 0001:0001f2b2       @_EH4_CallFilterFunc@8     100202b2 f   LIBCMT:exsup4.obj
 0001:0001f2c9       @_EH4_TransferToHandler@8  100202c9 f   LIBCMT:exsup4.obj
 0001:0001f2e2       @_EH4_GlobalUnwind2@8      100202e2 f   LIBCMT:exsup4.obj
 0001:0001f2fb       @_EH4_LocalUnwind@16       100202fb f   LIBCMT:exsup4.obj
 0001:0001f312       __vfprintf_l               10020312 f   LIBCMT:vfprintf.obj
 0001:0001f330       __vfprintf_p               10020330 f   LIBCMT:vfprintf.obj
 0001:0001f34d       __vfprintf_p_l             1002034d f   LIBCMT:vfprintf.obj
 0001:0001f36b       __vfprintf_s_l             1002036b f   LIBCMT:vfprintf.obj
 0001:0001f389       _vfprintf                  10020389 f   LIBCMT:vfprintf.obj
 0001:0001f3a6       _vfprintf_helper           100203a6 f   LIBCMT:vfprintf.obj
 0001:0001f4b7       _vfprintf_s                100204b7 f   LIBCMT:vfprintf.obj
 0001:0001f4d4       __ioinit                   100204d4 f   LIBCMT:ioinit.obj
 0001:0001f788       __ioterm                   10020788 f   LIBCMT:ioinit.obj
 0001:0001f7da       __filbuf                   100207da f   LIBCMT:_filbuf.obj
 0001:0001f8fb       __read                     100208fb f   LIBCMT:read.obj
 0001:0001fa0f       __read_nolock              10020a0f f   LIBCMT:read.obj
 0001:000201a0       __flsbuf                   100211a0 f   LIBCMT:_flsbuf.obj
 0001:000202ef       __write                    100212ef f   LIBCMT:write.obj
 0001:000203de       __write_nolock             100213de f   LIBCMT:write.obj
 0001:00020c43       __wremove                  10021c43 f   LIBCMT:wunlink.obj
 0001:00020c71       __wunlink                  10021c71 f   LIBCMT:wunlink.obj
 0001:00020c7a       __lseek                    10021c7a f   LIBCMT:lseek.obj
 0001:00020d69       __lseek_nolock             10021d69 f   LIBCMT:lseek.obj
 0001:00020e10       __vscprintf                10021e10 f   LIBCMT:vsprintf.obj
 0001:00020e2a       __vscprintf_helper         10021e2a f   LIBCMT:vsprintf.obj
 0001:00020e86       __vscprintf_l              10021e86 f   LIBCMT:vsprintf.obj
 0001:00020ea1       __vscprintf_p              10021ea1 f   LIBCMT:vsprintf.obj
 0001:00020ebb       __vscprintf_p_l            10021ebb f   LIBCMT:vsprintf.obj
 0001:00020ed6       __vsprintf_l               10021ed6 f   LIBCMT:vsprintf.obj
 0001:00020f5a       _vsprintf                  10021f5a f   LIBCMT:vsprintf.obj
 0001:00020f72       __vsnprintf_c              10021f72 f   LIBCMT:vsnprnc.obj
 0001:00020f99       __vsnprintf_c_l            10021f99 f   LIBCMT:vsnprnc.obj
 0001:00020fc1       __vsnprintf_helper         10021fc1 f   LIBCMT:vsnprnc.obj
 0001:0002108b       __vsnprintf_s              1002208b f   LIBCMT:vsnprnc.obj
 0001:000210a9       __vsnprintf_s_l            100220a9 f   LIBCMT:vsnprnc.obj
 0001:000211a9       __vsprintf_p               100221a9 f   LIBCMT:vsnprnc.obj
 0001:000211d0       __vsprintf_p_l             100221d0 f   LIBCMT:vsnprnc.obj
 0001:000211f8       __vsprintf_s_l             100221f8 f   LIBCMT:vsnprnc.obj
 0001:0002126d       _vsprintf_s                1002226d f   LIBCMT:vsnprnc.obj
 0001:00021288       __chgsign                  10022288 f   LIBCMT:ieeemisc.obj
 0001:000212b5       __chgsignf                 100222b5 f   LIBCMT:ieeemisc.obj
 0001:000212d6       __copysign                 100222d6 f   LIBCMT:ieeemisc.obj
 0001:000212fe       __copysignf                100222fe f   LIBCMT:ieeemisc.obj
 0001:0002131a       __finite                   1002231a f   LIBCMT:ieeemisc.obj
 0001:00021332       __fpclass                  10022332 f   LIBCMT:ieeemisc.obj
 0001:000213ce       __isnan                    100223ce f   LIBCMT:ieeemisc.obj
 0001:00021401       __logb                     10022401 f   LIBCMT:ieeemisc.obj
 0001:000214e2       __nextafter                100224e2 f   LIBCMT:ieeemisc.obj
 0001:00021782       __scalb                    10022782 f   LIBCMT:ieeemisc.obj
 0001:0002179a       __add_exp                  1002279a f   LIBCMT:util.obj
 0001:000217c9       __decomp                   100227c9 f   LIBCMT:util.obj
 0001:0002189b       __get_exp                  1002289b f   LIBCMT:util.obj
 0001:000218b4       __set_bexp                 100228b4 f   LIBCMT:util.obj
 0001:000218dd       __set_exp                  100228dd f   LIBCMT:util.obj
 0001:0002190c       __sptype                   1002290c f   LIBCMT:util.obj
 0001:00021967       ___clrfp_sse2              10022967 f   LIBCMT:fpctrl.obj
 0001:00021988       ___ctrlfp_sse2             10022988 f   LIBCMT:fpctrl.obj
 0001:000219c1       ___fclrf_sse2              100229c1 f   LIBCMT:fpctrl.obj
 0001:000219de       ___get_fpsr_sse2           100229de f   LIBCMT:fpctrl.obj
 0001:000219fa       ___set_fpsr_sse2           100229fa f   LIBCMT:fpctrl.obj
 0001:00021a70       ___set_statfp_sse2         10022a70 f   LIBCMT:fpctrl.obj
 0001:00021a89       ___statfp_sse2             10022a89 f   LIBCMT:fpctrl.obj
 0001:00021a9e       __clrfp                    10022a9e f   LIBCMT:fpctrl.obj
 0001:00021aaf       __ctrlfp                   10022aaf f   LIBCMT:fpctrl.obj
 0001:00021ada       __set_statfp               10022ada f   LIBCMT:fpctrl.obj
 0001:00021b32       __statfp                   10022b32 f   LIBCMT:fpctrl.obj
 0001:00021b42       __XcptFilter               10022b42 f   LIBCMT:winxfltr.obj
 0001:00021c9d       ___CppXcptFilter           10022c9d f   LIBCMT:winxfltr.obj
 0001:00021cef       ___get_flsindex            10022cef f   LIBCMT:tidtable.obj
 0001:00021cf5       ___threadhandle            10022cf5 f   LIBCMT:tidtable.obj
 0001:00021cfb       ___threadid                10022cfb f   LIBCMT:tidtable.obj
 0001:00021d01       __freefls@4                10022d01 f   LIBCMT:tidtable.obj
 0001:00021e36       __freeptd                  10022e36 f   LIBCMT:tidtable.obj
 0001:00021e6c       __getptd                   10022e6c f   LIBCMT:tidtable.obj
 0001:00021e84       __getptd_noexit            10022e84 f   LIBCMT:tidtable.obj
 0001:00021ef3       __initptd                  10022ef3 f   LIBCMT:tidtable.obj
 0001:00021fa6       __mtinit                   10022fa6 f   LIBCMT:tidtable.obj
 0001:0002201c       __mtterm                   1002301c f   LIBCMT:tidtable.obj
 0001:00022039       __set_pgmptr               10023039 f i LIBCMT:stdargv.obj
 0001:00022046       __setargv                  10023046 f   LIBCMT:stdargv.obj
 0001:00022275       __setenvp                  10023275 f   LIBCMT:stdenvp.obj
 0001:00022356       ___security_init_cookie    10023356 f   LIBCMT:gs_support.obj
 0001:000223f2       ___crtGetEnvironmentStringsA 100233f2 f   LIBCMT:a_env.obj
 0001:00022480       _strlen                    10023480 f   LIBCMT:strlen.obj
 0001:0002250b       _wcsncpy_s                 1002350b f   LIBCMT:wcsncpy_s.obj
 0001:000225c9       __output_s_l               100235c9 f   LIBCMT:outputs.obj
 0001:00023251       __output_p_l               10024251 f   LIBCMT:outputp.obj
 0001:00024589       __validate_param_reuseA    10025589 f   LIBCMT:outputp.obj
 0001:000246bf       _get_crtdouble_arg         100256bf f i LIBCMT:outputp.obj
 0001:000247be       __isatty                   100257be f   LIBCMT:isatty.obj
 0001:00024812       ___addlocaleref            10025812 f   LIBCMT:localref.obj
 0001:000248a7       ___freetlocinfo            100258a7 f   LIBCMT:localref.obj
 0001:00024a01       ___removelocaleref         10025a01 f   LIBCMT:localref.obj
 0001:00024aa1       ___updatetlocinfo          10025aa1 f   LIBCMT:localref.obj
 0001:00024b21       __updatetlocinfoEx_nolock  10025b21 f   LIBCMT:localref.obj
 0001:00024b6c       ___iswcsym                 10025b6c f i LIBCMT:_wctype.obj
 0001:00024b90       ___iswcsymf                10025b90 f i LIBCMT:_wctype.obj
 0001:00024bb4       __isleadbyte_l             10025bb4 f i LIBCMT:_wctype.obj
 0001:00024bee       __iswalnum_l               10025bee f i LIBCMT:_wctype.obj
 0001:00024c02       __iswalpha_l               10025c02 f i LIBCMT:_wctype.obj
 0001:00024c16       __iswblank_l               10025c16 f i LIBCMT:_wctype.obj
 0001:00024c31       __iswcntrl_l               10025c31 f i LIBCMT:_wctype.obj
 0001:00024c42       __iswcsym_l                10025c42 f i LIBCMT:_wctype.obj
 0001:00024c66       __iswcsymf_l               10025c66 f i LIBCMT:_wctype.obj
 0001:00024c8a       __iswdigit_l               10025c8a f i LIBCMT:_wctype.obj
 0001:00024c9b       __iswgraph_l               10025c9b f i LIBCMT:_wctype.obj
 0001:00024caf       __iswlower_l               10025caf f i LIBCMT:_wctype.obj
 0001:00024cc0       __iswprint_l               10025cc0 f i LIBCMT:_wctype.obj
 0001:00024cd4       __iswpunct_l               10025cd4 f i LIBCMT:_wctype.obj
 0001:00024ce5       __iswspace_l               10025ce5 f i LIBCMT:_wctype.obj
 0001:00024cf6       __iswupper_l               10025cf6 f i LIBCMT:_wctype.obj
 0001:00024d07       __iswxdigit_l              10025d07 f i LIBCMT:_wctype.obj
 0001:00024d1b       _isleadbyte                10025d1b f i LIBCMT:_wctype.obj
 0001:00024d2c       _iswalnum                  10025d2c f i LIBCMT:_wctype.obj
 0001:00024d40       _iswalpha                  10025d40 f i LIBCMT:_wctype.obj
 0001:00024d54       _iswascii                  10025d54 f i LIBCMT:_wctype.obj
 0001:00024d66       _iswblank                  10025d66 f i LIBCMT:_wctype.obj
 0001:00024d81       _iswcntrl                  10025d81 f i LIBCMT:_wctype.obj
 0001:00024d92       _iswdigit                  10025d92 f i LIBCMT:_wctype.obj
 0001:00024da3       _iswgraph                  10025da3 f i LIBCMT:_wctype.obj
 0001:00024db7       _iswlower                  10025db7 f i LIBCMT:_wctype.obj
 0001:00024dc8       _iswprint                  10025dc8 f i LIBCMT:_wctype.obj
 0001:00024ddc       _iswpunct                  10025ddc f i LIBCMT:_wctype.obj
 0001:00024ded       _iswspace                  10025ded f i LIBCMT:_wctype.obj
 0001:00024dfe       _iswupper                  10025dfe f i LIBCMT:_wctype.obj
 0001:00024e0f       _iswxdigit                 10025e0f f i LIBCMT:_wctype.obj
 0001:00024e23       __wctomb_l                 10025e23 f   LIBCMT:wctomb.obj
 0001:00024e72       __wctomb_s_l               10025e72 f   LIBCMT:wctomb.obj
 0001:00024f96       _wctomb                    10025f96 f   LIBCMT:wctomb.obj
 0001:00024fc9       _wctomb_s                  10025fc9 f   LIBCMT:wctomb.obj
 0001:00024ff0       __aulldvrm                 10025ff0 f   LIBCMT:ulldvrm.obj
 0001:00025085       __87except                 10026085 f   LIBCMT:87except.obj
 0001:0002518e       __matherr                  1002618e f   LIBCMT:matherr.obj
 0001:00025191       ___isascii                 10026191 f i LIBCMT:_ctype.obj
 0001:000251a1       ___iscsym                  100261a1 f i LIBCMT:_ctype.obj
 0001:000251c1       ___iscsymf                 100261c1 f i LIBCMT:_ctype.obj
 0001:000251de       ___toascii                 100261de f i LIBCMT:_ctype.obj
 0001:000251e9       __isalnum_l                100261e9 f i LIBCMT:_ctype.obj
 0001:00025241       __isalpha_l                10026241 f i LIBCMT:_ctype.obj
 0001:00025299       __isblank_l                10026299 f i LIBCMT:_ctype.obj
 0001:000252f3       __iscntrl_l                100262f3 f i LIBCMT:_ctype.obj
 0001:00025345       __iscsym_l                 10026345 f i LIBCMT:_ctype.obj
 0001:00025366       __iscsymf_l                10026366 f i LIBCMT:_ctype.obj
 0001:00025387       __isdigit_l                10026387 f i LIBCMT:_ctype.obj
 0001:000253d9       __isgraph_l                100263d9 f i LIBCMT:_ctype.obj
 0001:00025431       __islower_l                10026431 f i LIBCMT:_ctype.obj
 0001:00025483       __isprint_l                10026483 f i LIBCMT:_ctype.obj
 0001:000254db       __ispunct_l                100264db f i LIBCMT:_ctype.obj
 0001:0002552d       __isspace_l                1002652d f i LIBCMT:_ctype.obj
 0001:0002557f       __isupper_l                1002657f f i LIBCMT:_ctype.obj
 0001:000255d1       __isxdigit_l               100265d1 f i LIBCMT:_ctype.obj
 0001:00025629       _isalnum                   10026629 f i LIBCMT:_ctype.obj
 0001:00025656       _isalpha                   10026656 f i LIBCMT:_ctype.obj
 0001:00025683       _isblank                   10026683 f i LIBCMT:_ctype.obj
 0001:000256b8       _iscntrl                   100266b8 f i LIBCMT:_ctype.obj
 0001:000256e3       _isdigit                   100266e3 f i LIBCMT:_ctype.obj
 0001:0002570e       _isgraph                   1002670e f i LIBCMT:_ctype.obj
 0001:0002573b       _islower                   1002673b f i LIBCMT:_ctype.obj
 0001:00025766       _isprint                   10026766 f i LIBCMT:_ctype.obj
 0001:00025793       _ispunct                   10026793 f i LIBCMT:_ctype.obj
 0001:000257be       _isspace                   100267be f i LIBCMT:_ctype.obj
 0001:000257e9       _isupper                   100267e9 f i LIBCMT:_ctype.obj
 0001:00025814       _isxdigit                  10026814 f i LIBCMT:_ctype.obj
 0001:00025841       __tolower                  10026841 f   LIBCMT:tolower.obj
 0001:0002584c       __tolower_l                1002684c f   LIBCMT:tolower.obj
 0001:0002598f       _tolower                   1002698f f   LIBCMT:tolower.obj
 0001:000259bb       _strcpy_s                  100269bb f   LIBCMT:strcpy_s.obj
 0001:00025a10       _strrchr                   10026a10 f   LIBCMT:strrchr.obj
 0001:00025b47       __fptostr                  10026b47 f   LIBCMT:_fptostr.obj
 0001:00025bf7       ___crt_atoflt_l            10026bf7 f   LIBCMT:atodbl.obj
 0001:00025c9b       __atodbl                   10026c9b f   LIBCMT:atodbl.obj
 0001:00025cb0       __atodbl_l                 10026cb0 f   LIBCMT:atodbl.obj
 0001:00025d3e       __atoflt                   10026d3e f   LIBCMT:atodbl.obj
 0001:00025d53       __atoflt_l                 10026d53 f   LIBCMT:atodbl.obj
 0001:00025d6b       __atoldbl                  10026d6b f   LIBCMT:atodbl.obj
 0001:00025d80       __atoldbl_l                10026d80 f   LIBCMT:atodbl.obj
 0001:00025e0f       ___dtold                   10026e0f f   LIBCMT:cfout.obj
 0001:00025ed7       __fltout2                  10026ed7 f   LIBCMT:cfout.obj
 0001:00025f70       __alldvrm                  10026f70 f   LIBCMT:lldvrm.obj
 0001:00026050       __aullshr                  10027050 f   LIBCMT:ullshr.obj
 0001:0002606f       __get_output_format        1002706f f   LIBCMT:outputformat.obj
 0001:00026075       __set_output_format        10027075 f   LIBCMT:outputformat.obj
 0001:000260a7       __controlfp_s              100270a7 f   LIBCMT:contrlfp.obj
 0001:00026104       __fptrap                   10027104 f   LIBCMT:crt0fp.obj
 0001:0002610d       __commit                   1002710d f   LIBCMT:commit.obj
 0001:000261f6       __vfwprintf_l              100271f6 f   LIBCMT:vfwprint.obj
 0001:00026214       __vfwprintf_p              10027214 f   LIBCMT:vfwprint.obj
 0001:00026231       __vfwprintf_p_l            10027231 f   LIBCMT:vfwprint.obj
 0001:0002624f       __vfwprintf_s_l            1002724f f   LIBCMT:vfwprint.obj
 0001:0002626d       _vfwprintf                 1002726d f   LIBCMT:vfwprint.obj
 0001:0002628a       _vfwprintf_helper          1002728a f   LIBCMT:vfwprint.obj
 0001:0002631d       _vfwprintf_s               1002731d f   LIBCMT:vfwprint.obj
 0001:0002633a       __woutput_l                1002733a f   LIBCMT:woutput.obj
 0001:00027019       __woutput_s_l              10028019 f   LIBCMT:woutputs.obj
 0001:00027d30       __validate_param_reuseW    10028d30 f   LIBCMT:woutputp.obj
 0001:00027ea8       __woutput_p_l              10028ea8 f   LIBCMT:woutputp.obj
 0001:00029277       __msize                    1002a277 f   LIBCMT:msize.obj
 0001:000292a8       __recalloc                 1002a2a8 f   LIBCMT:recalloc.obj
 0001:00029311       _strncpy_s                 1002a311 f   LIBCMT:strncpy_s.obj
 0001:00029499       __MallocaIsSizeInRange     1002a499 f i LIBCMT:a_loc.obj
 0001:000294aa       __MarkAllocaS              1002a4aa f i LIBCMT:a_loc.obj
 0001:000294be       ___crtGetLocaleInfoA       1002a4be f   LIBCMT:a_loc.obj
 0001:000294f8       __freea                    1002a4f8 f i LIBCMT:a_loc.obj
 0001:00029516       _GetTableIndexFromLcid     1002a516 f   LIBCMT:winapinls.obj
 0001:0002954b       _GetTableIndexFromLocaleName 1002a54b f   LIBCMT:winapinls.obj
 0001:00029599       ___crtCompareStringEx      1002a599 f   LIBCMT:winapinls.obj
 0001:000295e5       ___crtDownlevelLCIDToLocaleName 1002a5e5 f   LIBCMT:winapinls.obj
 0001:00029661       ___crtDownlevelLocaleNameToLCID 1002a661 f   LIBCMT:winapinls.obj
 0001:0002969f       ___crtEnumSystemLocalesEx  1002a69f f   LIBCMT:winapinls.obj
 0001:000296dc       ___crtGetDateFormatEx      1002a6dc f   LIBCMT:winapinls.obj
 0001:00029725       ___crtGetLocaleInfoEx      1002a725 f   LIBCMT:winapinls.obj
 0001:00029754       ___crtGetTimeFormatEx      1002a754 f   LIBCMT:winapinls.obj
 0001:00029789       ___crtGetUserDefaultLocaleName 1002a789 f   LIBCMT:winapinls.obj
 0001:000297b4       ___crtIsValidLocaleName    1002a7b4 f   LIBCMT:winapinls.obj
 0001:000297df       ___crtLCMapStringEx        1002a7df f   LIBCMT:winapinls.obj
 0001:0002982b       ___wcsnicmp_ascii          1002a82b f   LIBCMT:winapinls.obj
 0001:00029abd       ___crtLCMapStringA         1002aabd f   LIBCMT:a_map.obj
 0001:00029bfb       ___crtGetStringTypeA       1002abfb f   LIBCMT:a_str.obj
 0001:00029c3b       ___lock_fhandle            1002ac3b f   LIBCMT:osfinfo.obj
 0001:00029cc9       __alloc_osfhnd             1002acc9 f   LIBCMT:osfinfo.obj
 0001:00029e72       __free_osfhnd              1002ae72 f   LIBCMT:osfinfo.obj
 0001:00029ef8       __get_osfhandle            1002aef8 f   LIBCMT:osfinfo.obj
 0001:00029f5f       __open_osfhandle           1002af5f f   LIBCMT:osfinfo.obj
 0001:0002a075       __set_osfhnd               1002b075 f   LIBCMT:osfinfo.obj
 0001:0002a0f7       __unlock_fhandle           1002b0f7 f   LIBCMT:osfinfo.obj
 0001:0002a11d       __open                     1002b11d f   LIBCMT:open.obj
 0001:0002a1cd       __sopen                    1002b1cd f   LIBCMT:open.obj
 0001:0002a200       __sopen_helper             1002b200 f   LIBCMT:open.obj
 0001:0002a2c9       __sopen_nolock             1002b2c9 f   LIBCMT:open.obj
 0001:0002a317       __sopen_s                  1002b317 f   LIBCMT:open.obj
 0001:0002a335       __mbsnbcmp                 1002b335 f   LIBCMT:mbsnbcmp.obj
 0001:0002a34d       __mbsnbcmp_l               1002b34d f   LIBCMT:mbsnbcmp.obj
 0001:0002a464       __mbsnbicmp                1002b464 f   LIBCMT:mbsnbicm.obj
 0001:0002a47c       __mbsnbicmp_l              1002b47c f   LIBCMT:mbsnbicm.obj
 0001:0002a640       __global_unwind2           1002b640 f   LIBCMT:exsup.obj
 0001:0002a6a5       __local_unwind2            1002b6a5 f   LIBCMT:exsup.obj
 0001:0002a729       __abnormal_termination     1002b729 f   LIBCMT:exsup.obj
 0001:0002a74c       __NLG_Notify1              1002b74c f   LIBCMT:exsup.obj
 0001:0002a755       __NLG_Notify               1002b755 f   LIBCMT:exsup.obj
 0001:0002a76c       __NLG_Dispatch             1002b76c     LIBCMT:exsup.obj
 0001:0002a76c       __NLG_Dispatch2            1002b76c     LIBCMT:exsup.obj
 0001:0002a774       __NLG_Call                 1002b774 f   LIBCMT:exsup.obj
 0001:0002a776       __NLG_Return2              1002b776     LIBCMT:exsup.obj
 0001:0002a777       __getbuf                   1002b777 f   LIBCMT:_getbuf.obj
 0001:0002a7bd       __lseeki64                 1002b7bd f   LIBCMT:lseeki64.obj
 0001:0002a8b9       __lseeki64_nolock          1002b8b9 f   LIBCMT:lseeki64.obj
 0001:0002a92c       __mbtowc_l                 1002b92c f   LIBCMT:mbtowc.obj
 0001:0002aa21       _mbtowc                    1002ba21 f   LIBCMT:mbtowc.obj
 0001:0002aa39       __putwch                   1002ba39 f   LIBCMT:putwch.obj
 0001:0002aa85       __putwch_nolock            1002ba85 f   LIBCMT:putwch.obj
 0001:0002aad0       __alloca_probe             1002bad0 f   LIBCMT:chkstk.obj
 0001:0002aad0       __chkstk                   1002bad0 f   LIBCMT:chkstk.obj
 0001:0002ab55       __ismbbalnum               1002bb55 f   LIBCMT:ismbbyte.obj
 0001:0002ab6e       __ismbbalnum_l             1002bb6e f   LIBCMT:ismbbyte.obj
 0001:0002ab88       __ismbbalpha               1002bb88 f   LIBCMT:ismbbyte.obj
 0001:0002aba1       __ismbbalpha_l             1002bba1 f   LIBCMT:ismbbyte.obj
 0001:0002abbb       __ismbbblank               1002bbbb f   LIBCMT:ismbbyte.obj
 0001:0002abdc       __ismbbblank_l             1002bbdc f   LIBCMT:ismbbyte.obj
 0001:0002abfe       __ismbbgraph               1002bbfe f   LIBCMT:ismbbyte.obj
 0001:0002ac17       __ismbbgraph_l             1002bc17 f   LIBCMT:ismbbyte.obj
 0001:0002ac31       __ismbbkalnum              1002bc31 f   LIBCMT:ismbbyte.obj
 0001:0002ac47       __ismbbkalnum_l            1002bc47 f   LIBCMT:ismbbyte.obj
 0001:0002ac5e       __ismbbkana                1002bc5e f   LIBCMT:ismbbyte.obj
 0001:0002ac6f       __ismbbkana_l              1002bc6f f   LIBCMT:ismbbyte.obj
 0001:0002acbb       __ismbbkprint              1002bcbb f   LIBCMT:ismbbyte.obj
 0001:0002acd1       __ismbbkprint_l            1002bcd1 f   LIBCMT:ismbbyte.obj
 0001:0002ace8       __ismbbkpunct              1002bce8 f   LIBCMT:ismbbyte.obj
 0001:0002acfe       __ismbbkpunct_l            1002bcfe f   LIBCMT:ismbbyte.obj
 0001:0002ad15       __ismbblead                1002bd15 f   LIBCMT:ismbbyte.obj
 0001:0002ad2b       __ismbblead_l              1002bd2b f   LIBCMT:ismbbyte.obj
 0001:0002ad42       __ismbbprint               1002bd42 f   LIBCMT:ismbbyte.obj
 0001:0002ad5b       __ismbbprint_l             1002bd5b f   LIBCMT:ismbbyte.obj
 0001:0002ad75       __ismbbpunct               1002bd75 f   LIBCMT:ismbbyte.obj
 0001:0002ad8b       __ismbbpunct_l             1002bd8b f   LIBCMT:ismbbyte.obj
 0001:0002ada2       __ismbbtrail               1002bda2 f   LIBCMT:ismbbyte.obj
 0001:0002adb8       __ismbbtrail_l             1002bdb8 f   LIBCMT:ismbbyte.obj
 0001:0002aff5       __strtol_l                 1002bff5 f   LIBCMT:strtol.obj
 0001:0002b010       __strtoul_l                1002c010 f   LIBCMT:strtol.obj
 0001:0002b02b       _strtol                    1002c02b f   LIBCMT:strtol.obj
 0001:0002b055       _strtoul                   1002c055 f   LIBCMT:strtol.obj
 0001:0002b07f       ___free_lconv_mon          1002c07f f   LIBCMT:initmon.obj
 0001:0002b17b       ___init_monetary           1002c17b f   LIBCMT:initmon.obj
 0001:0002b554       ___free_lconv_num          1002c554 f   LIBCMT:initnum.obj
 0001:0002b5bb       ___init_numeric            1002c5bb f   LIBCMT:initnum.obj
 0001:0002b7f9       ___free_lc_time            1002c7f9 f   LIBCMT:inittime.obj
 0001:0002bb79       ___init_time               1002cb79 f   LIBCMT:inittime.obj
 0001:0002c3e8       _localeconv                1002d3e8 f   LIBCMT:lconv.obj
 0001:0002c40e       __iswctype_l               1002d40e f   LIBCMT:iswctype.obj
 0001:0002c420       _is_wctype                 1002d420 f   LIBCMT:iswctype.obj
 0001:0002c429       _iswctype                  1002d429 f   LIBCMT:iswctype.obj
 0001:0002c47f       ____lc_codepage_func       1002d47f f   LIBCMT:initctyp.obj
 0001:0002c4a5       ____lc_collate_cp_func     1002d4a5 f   LIBCMT:initctyp.obj
 0001:0002c4cb       ____lc_locale_name_func    1002d4cb f   LIBCMT:initctyp.obj
 0001:0002c4f3       ____mb_cur_max_func        1002d4f3 f   LIBCMT:initctyp.obj
 0001:0002c519       ____mb_cur_max_l_func      1002d519 f   LIBCMT:initctyp.obj
 0001:0002c530       ___init_ctype              1002d530 f   LIBCMT:initctyp.obj
 0001:0002c8c8       ___pctype_func             1002d8c8 f   LIBCMT:ctype.obj
 0001:0002c8f1       ___pwctype_func            1002d8f1 f   LIBCMT:ctype.obj
 0001:0002c8f7       __isctype                  1002d8f7 f   LIBCMT:isctype.obj
 0001:0002c926       __isctype_l                1002d926 f   LIBCMT:isctype.obj
 0001:0002c9d7       ___init_dummy              1002d9d7 f   LIBCMT:wsetloca.obj
 0001:0002c9da       __locterm                  1002d9da f   LIBCMT:wsetloca.obj
 0001:0002ca2c       ____setlc_active_func      1002da2c f   LIBCMT:wsetloca.obj
 0001:0002ca32       ____unguarded_readlc_active_add_func 1002da32 f   LIBCMT:wsetloca.obj
 0001:0002ca38       ___copy_locale_name        1002da38 f   LIBCMT:wsetloca.obj
 0001:0002ca9c       ___create_locale           1002da9c f   LIBCMT:wsetloca.obj
 0001:0002caa5       ___free_locale             1002daa5 f   LIBCMT:wsetloca.obj
 0001:0002caaa       ___get_current_locale      1002daaa f   LIBCMT:wsetloca.obj
 0001:0002caaf       ___lc_lctowcs              1002daaf f   LIBCMT:wsetloca.obj
 0001:0002cb1d       ___lc_wcstolc              1002db1d f   LIBCMT:wsetloca.obj
 0001:0002cc49       __configthreadlocale       1002dc49 f   LIBCMT:wsetloca.obj
 0001:0002cccf       __create_locale            1002dccf f   LIBCMT:wsetloca.obj
 0001:0002cd31       __expandlocale             1002dd31 f   LIBCMT:wsetloca.obj
 0001:0002d028       __free_locale              1002e028 f   LIBCMT:wsetloca.obj
 0001:0002d0df       __get_current_locale       1002e0df f   LIBCMT:wsetloca.obj
 0001:0002d18e       __wcreate_locale           1002e18e f   LIBCMT:wsetloca.obj
 0001:0002d265       __wcscats                  1002e265 f   LIBCMT:wsetloca.obj
 0001:0002d2a4       __wsetlocale               1002e2a4 f   LIBCMT:wsetloca.obj
 0001:0002dbe6       __CopyMan                  1002ebe6 f i LIBCMT:intrncvt.obj
 0001:0002dc03       __FillZeroMan              1002ec03 f i LIBCMT:intrncvt.obj
 0001:0002dc12       __IncMan                   1002ec12 f i LIBCMT:intrncvt.obj
 0001:0002dc74       __IsZeroMan                1002ec74 f i LIBCMT:intrncvt.obj
 0001:0002dc91       __RoundMan                 1002ec91 f i LIBCMT:intrncvt.obj
 0001:0002dd92       __ShrMan                   1002ed92 f i LIBCMT:intrncvt.obj
 0001:0002de20       __ZeroTail                 1002ee20 f i LIBCMT:intrncvt.obj
 0001:0002de68       ___addl                    1002ee68 f i LIBCMT:intrncvt.obj
 0001:0002de8c       __ld12cvt                  1002ee8c f i LIBCMT:intrncvt.obj
 0001:0002e3f7       __ld12tod                  1002f3f7 f   LIBCMT:intrncvt.obj
 0001:0002e969       __ld12tof                  1002f969 f   LIBCMT:intrncvt.obj
 0001:0002eedb       __ld12told                 1002fedb f   LIBCMT:intrncvt.obj
 0001:0002efaa       ___STRINGTOLD_L            1002ffaa f   LIBCMT:strgtold.obj
 0001:0002f005       ___ld12mul                 10030005 f i LIBCMT:strgtold.obj
 0001:0002f2d1       ___multtenpow12            100302d1 f i LIBCMT:strgtold.obj
 0001:0002f624       ___shl_12                  10030624 f i LIBCMT:strgtold.obj
 0001:0002f655       ___shr_12                  10030655 f i LIBCMT:strgtold.obj
 0001:0002f685       ___strgtold12_l            10030685 f   LIBCMT:strgtold.obj
 0001:0002fe2d       _$I10_OUTPUT               10030e2d f   LIBCMT:x10fout.obj
 0001:00030801       ___add_12                  10031801 f i LIBCMT:x10fout.obj
 0001:000309ad       ___control87_2             100319ad f   LIBCMT:ieee87.obj
 0001:00031021       __clearfp                  10032021 f   LIBCMT:ieee87.obj
 0001:00031101       __control87                10032101 f i LIBCMT:ieee87.obj
 0001:00031403       __controlfp                10032403 f   LIBCMT:ieee87.obj
 0001:0003170e       __fpreset                  1003270e f   LIBCMT:ieee87.obj
 0001:000317db       __set_controlfp            100327db f   LIBCMT:ieee87.obj
 0001:0003184e       __statusfp                 1003284e f   LIBCMT:ieee87.obj
 0001:000318e8       __statusfp2                100328e8 f   LIBCMT:ieee87.obj
 0001:00031947       __fputwc_nolock            10032947 f   LIBCMT:fputwc.obj
 0001:00031acd       _fputwc                    10032acd f   LIBCMT:fputwc.obj
 0001:00031b44       _putwc                     10032b44 f   LIBCMT:fputwc.obj
 0001:00031d2e       __wcstol_l                 10032d2e f   LIBCMT:wcstol.obj
 0001:00031d46       __wcstoul_l                10032d46 f   LIBCMT:wcstol.obj
 0001:00031d5e       _wcstol                    10032d5e f   LIBCMT:wcstol.obj
 0001:00031d76       _wcstoul                   10032d76 f   LIBCMT:wcstol.obj
 0001:00031d90       __alloca_probe_16          10032d90 f   LIBCMT:alloca16.obj
 0001:00031da6       __alloca_probe_8           10032da6     LIBCMT:alloca16.obj
 0001:00031dbc       _wcsnlen                   10032dbc f   LIBCMT:wcslen_s.obj
 0001:00031e63       __wopen                    10032e63 f   LIBCMT:wopen.obj
 0001:00031f13       __wsopen                   10032f13 f   LIBCMT:wopen.obj
 0001:00031f46       __wsopen_helper            10032f46 f   LIBCMT:wopen.obj
 0001:0003200f       __wsopen_nolock            1003300f f   LIBCMT:wopen.obj
 0001:00032762       __wsopen_s                 10033762 f   LIBCMT:wopen.obj
 0001:00032780       _strncmp                   10033780 f   LIBCMT:strncmp.obj
 0001:000327f8       __strnicmp                 100337f8 f   LIBCMT:strnicmp.obj
 0001:00032863       __strnicmp_l               10033863 f   LIBCMT:strnicmp.obj
 0001:00032914       ___termconout              10033914 f   LIBCMT:initcon.obj
 0001:0003292b       ___initconout              1003392b f   LIBCMT:initcon.obj
 0001:0003294a       ___init_collate            1003394a f   LIBCMT:initcoll.obj
 0001:00032a6a       _memcmp                    10033a6a f   LIBCMT:memcmp.obj
 0001:0003597e       _wcscmp                    1003697e f   LIBCMT:wcscmp.obj
 0001:000359bc       _wcscspn                   100369bc f   LIBCMT:wcscspn.obj
 0001:00035a07       _wcsncmp                   10036a07 f   LIBCMT:wcsncmp.obj
 0001:00035a3d       _wcspbrk                   10036a3d f   LIBCMT:wcspbrk.obj
 0001:00036041       ___get_qualified_locale    10037041 f   LIBCMT:getqloc.obj
 0001:000368b1       ___get_qualified_locale_downlevel 100378b1 f   LIBCMT:getqloc_downlevel.obj
 0001:00036acd       ___mtold12                 10037acd f   LIBCMT:mantold.obj
 0001:00036cad       __flswbuf                  10037cad f   LIBCMT:_flswbuf.obj
 0001:00036e0f       __wchartodigit             10037e0f f   LIBCMT:wchtodig.obj
 0001:00036fae       __chsize                   10037fae f   LIBCMT:chsize.obj
 0001:00036fc8       __chsize_nolock            10037fc8 f   LIBCMT:chsize.obj
 0001:0003717e       __chsize_s                 1003817e f   LIBCMT:chsize.obj
 0001:0003726c       __get_fmode                1003826c f   LIBCMT:setmode.obj
 0001:00037296       __set_fmode                10038296 f   LIBCMT:setmode.obj
 0001:000372d1       __setmode                  100382d1 f   LIBCMT:setmode.obj
 0001:000373d6       __setmode_nolock           100383d6 f   LIBCMT:setmode.obj
 0001:000374b0       ___ascii_strnicmp          100384b0 f   LIBCMT:_strnicm.obj
 0001:00037511       __wtoi                     10038511 f   LIBCMT:wtox.obj
 0001:0003751a       __wtoi64                   1003851a f   LIBCMT:wtox.obj
 0001:0003752e       __wtoi64_l                 1003852e f   LIBCMT:wtox.obj
 0001:00037545       __wtoi_l                   10038545 f   LIBCMT:wtox.obj
 0001:0003754e       __wtol                     1003854e f   LIBCMT:wtox.obj
 0001:00037562       __wtol_l                   10038562 f   LIBCMT:wtox.obj
 0001:00037579       __wtoll                    10038579 f   LIBCMT:wtox.obj
 0001:0003758d       __wtoll_l                  1003858d f   LIBCMT:wtox.obj
 0001:000375a4       _wcschr                    100385a4 f   LIBCMT:wcschr.obj
 0001:00037652       __wcsicmp                  10038652 f   LIBCMT:wcsicmp.obj
 0001:000376e5       __wcsicmp_l                100386e5 f   LIBCMT:wcsicmp.obj
 0001:000377c0       __wcsnicmp                 100387c0 f   LIBCMT:wcsnicmp.obj
 0001:00037876       __wcsnicmp_l               10038876 f   LIBCMT:wcsnicmp.obj
 0001:00037c3f       __wcstof_l                 10038c3f f   LIBCMT:wcstoq.obj
 0001:00037cf2       __wcstoi64                 10038cf2 f   LIBCMT:wcstoq.obj
 0001:00037d1c       __wcstoi64_l               10038d1c f   LIBCMT:wcstoq.obj
 0001:00037d37       __wcstoimax_l              10038d37 f   LIBCMT:wcstoq.obj
 0001:00037d40       __wcstold_l                10038d40 f   LIBCMT:wcstoq.obj
 0001:00037d49       __wcstoll_l                10038d49 f   LIBCMT:wcstoq.obj
 0001:00037d52       __wcstoui64                10038d52 f   LIBCMT:wcstoq.obj
 0001:00037d7c       __wcstoui64_l              10038d7c f   LIBCMT:wcstoq.obj
 0001:00037d97       __wcstoull_l               10038d97 f   LIBCMT:wcstoq.obj
 0001:00037da0       __wcstoumax_l              10038da0 f   LIBCMT:wcstoq.obj
 0001:00037da9       _wcstof                    10038da9 f   LIBCMT:wcstoq.obj
 0001:00037dbe       _wcstoimax                 10038dbe f   LIBCMT:wcstoq.obj
 0001:00037dc7       _wcstold                   10038dc7 f   LIBCMT:wcstoq.obj
 0001:00037dd0       _wcstoll                   10038dd0 f   LIBCMT:wcstoq.obj
 0001:00037dd9       _wcstoull                  10038dd9 f   LIBCMT:wcstoq.obj
 0001:00037de2       _wcstoumax                 10038de2 f   LIBCMT:wcstoq.obj
 0001:00037deb       __towlower_l               10038deb f   LIBCMT:towlower.obj
 0001:00037e9c       _towlower                  10038e9c f   LIBCMT:towlower.obj
 0001:00037ead       __wcstod_l                 10038ead f   LIBCMT:wcstod.obj
 0001:00037fa8       _wcstod                    10038fa8 f   LIBCMT:wcstod.obj
 0001:00037fc0       __allmul                   10038fc0 f   LIBCMT:llmul.obj
 0001:00037ff4       ___crtLCMapStringW         10038ff4 f   LIBCMT:w_map.obj
 0001:00038023       __wfltin2                  10039023 f   LIBCMT:wcfin.obj
 0001:000380d0       ___WSTRINGTOLD_L           100390d0 f   LIBCMT:wstrgtold.obj
 0001:0003812b       ___wstrgtold12_l           1003912b f   LIBCMT:wstrgtold.obj
 0001:0003897c       _GetModuleHandleA@4        1003997c f   kernel32:KERNEL32.dll
 0001:00038982       _GetProcAddress@8          10039982 f   kernel32:KERNEL32.dll
 0001:00038988       _HeapAlloc@12              10039988 f   kernel32:KERNEL32.dll
 0001:0003898e       _GetLastError@0            1003998e f   kernel32:KERNEL32.dll
 0001:00038994       _HeapFree@12               10039994 f   kernel32:KERNEL32.dll
 0001:0003899a       _GetStdHandle@4            1003999a f   kernel32:KERNEL32.dll
 0001:000389a0       _GetFileType@4             100399a0 f   kernel32:KERNEL32.dll
 0001:000389a6       _GetModuleFileNameW@12     100399a6 f   kernel32:KERNEL32.dll
 0001:000389ac       _GetModuleHandleExW@12     100399ac f   kernel32:KERNEL32.dll
 0001:000389b2       _WriteConsoleW@20          100399b2 f   kernel32:KERNEL32.dll
 0001:000389b8       _IsDebuggerPresent@0       100399b8 f   kernel32:KERNEL32.dll
 0001:000389be       _IsProcessorFeaturePresent@4 100399be f   kernel32:KERNEL32.dll
 0001:000389c4       _EncodePointer@4           100399c4 f   kernel32:KERNEL32.dll
 0001:000389ca       _DecodePointer@4           100399ca f   kernel32:KERNEL32.dll
 0001:000389d0       _ExitProcess@4             100399d0 f   kernel32:KERNEL32.dll
 0001:000389d6       _AreFileApisANSI@0         100399d6 f   kernel32:KERNEL32.dll
 0001:000389dc       _MultiByteToWideChar@24    100399dc f   kernel32:KERNEL32.dll
 0001:000389e2       _WideCharToMultiByte@32    100399e2 f   kernel32:KERNEL32.dll
 0001:000389e8       _HeapReAlloc@16            100399e8 f   kernel32:KERNEL32.dll
 0001:000389ee       _EnterCriticalSection@4    100399ee f   kernel32:KERNEL32.dll
 0001:000389f4       _LeaveCriticalSection@4    100399f4 f   kernel32:KERNEL32.dll
 0001:000389fa       _GetCommandLineA@0         100399fa f   kernel32:KERNEL32.dll
 0001:00038a00       _GetCurrentThreadId@0      10039a00 f   kernel32:KERNEL32.dll
 0001:00038a06       _WriteFile@20              10039a06 f   kernel32:KERNEL32.dll
 0001:00038a0c       _GetProcessHeap@0          10039a0c f   kernel32:KERNEL32.dll
 0001:00038a12       _RaiseException@16         10039a12 f   kernel32:KERNEL32.dll
 0001:00038a18       _SetConsoleCtrlHandler@8   10039a18 f   kernel32:KERNEL32.dll
 0001:00038a1e       _OutputDebugStringW@4      10039a1e f   kernel32:KERNEL32.dll
 0001:00038a24       _LoadLibraryExW@12         10039a24 f   kernel32:KERNEL32.dll
 0001:00038a2a       _UnhandledExceptionFilter@4 10039a2a f   kernel32:KERNEL32.dll
 0001:00038a30       _SetUnhandledExceptionFilter@4 10039a30 f   kernel32:KERNEL32.dll
 0001:00038a36       _SetLastError@4            10039a36 f   kernel32:KERNEL32.dll
 0001:00038a3c       _InitializeCriticalSectionAndSpinCount@8 10039a3c f   kernel32:KERNEL32.dll
 0001:00038a42       _CreateEventW@16           10039a42 f   kernel32:KERNEL32.dll
 0001:00038a48       _Sleep@4                   10039a48 f   kernel32:KERNEL32.dll
 0001:00038a4e       _GetCurrentProcess@0       10039a4e f   kernel32:KERNEL32.dll
 0001:00038a54       _TerminateProcess@8        10039a54 f   kernel32:KERNEL32.dll
 0001:00038a5a       _TlsAlloc@0                10039a5a f   kernel32:KERNEL32.dll
 0001:00038a60       _TlsGetValue@4             10039a60 f   kernel32:KERNEL32.dll
 0001:00038a66       _TlsSetValue@8             10039a66 f   kernel32:KERNEL32.dll
 0001:00038a6c       _TlsFree@4                 10039a6c f   kernel32:KERNEL32.dll
 0001:00038a72       _GetStartupInfoW@4         10039a72 f   kernel32:KERNEL32.dll
 0001:00038a78       _GetTickCount@0            10039a78 f   kernel32:KERNEL32.dll
 0001:00038a7e       _GetModuleHandleW@4        10039a7e f   kernel32:KERNEL32.dll
 0001:00038a84       _CreateSemaphoreW@16       10039a84 f   kernel32:KERNEL32.dll
 0001:00038a8a       _DeleteCriticalSection@4   10039a8a f   kernel32:KERNEL32.dll
 0001:00038a90       _FatalAppExitA@8           10039a90 f   kernel32:KERNEL32.dll
 0001:00038a96       _FreeLibrary@4             10039a96 f   kernel32:KERNEL32.dll
 0001:00038a9c       _IsValidCodePage@4         10039a9c f   kernel32:KERNEL32.dll
 0001:00038aa2       _GetACP@0                  10039aa2 f   kernel32:KERNEL32.dll
 0001:00038aa8       _GetOEMCP@0                10039aa8 f   kernel32:KERNEL32.dll
 0001:00038aae       _GetCPInfo@8               10039aae f   kernel32:KERNEL32.dll
 0001:00038ab4       _CloseHandle@4             10039ab4 f   kernel32:KERNEL32.dll
 0001:00038aba       _RtlUnwind@16              10039aba f   kernel32:KERNEL32.dll
 0001:00038ac0       _ReadFile@20               10039ac0 f   kernel32:KERNEL32.dll
 0001:00038ac6       _GetConsoleMode@8          10039ac6 f   kernel32:KERNEL32.dll
 0001:00038acc       _ReadConsoleW@20           10039acc f   kernel32:KERNEL32.dll
 0001:00038ad2       _GetConsoleCP@0            10039ad2 f   kernel32:KERNEL32.dll
 0001:00038ad8       _DeleteFileW@4             10039ad8 f   kernel32:KERNEL32.dll
 0001:00038ade       _SetFilePointerEx@20       10039ade f   kernel32:KERNEL32.dll
 0001:00038ae4       _GetCurrentThread@0        10039ae4 f   kernel32:KERNEL32.dll
 0001:00038aea       _GetModuleFileNameA@12     10039aea f   kernel32:KERNEL32.dll
 0001:00038af0       _QueryPerformanceCounter@4 10039af0 f   kernel32:KERNEL32.dll
 0001:00038af6       _GetCurrentProcessId@0     10039af6 f   kernel32:KERNEL32.dll
 0001:00038afc       _GetSystemTimeAsFileTime@4 10039afc f   kernel32:KERNEL32.dll
 0001:00038b02       _GetEnvironmentStringsW@0  10039b02 f   kernel32:KERNEL32.dll
 0001:00038b08       _FreeEnvironmentStringsW@4 10039b08 f   kernel32:KERNEL32.dll
 0001:00038b0e       _FlushFileBuffers@4        10039b0e f   kernel32:KERNEL32.dll
 0001:00038b14       _HeapSize@12               10039b14 f   kernel32:KERNEL32.dll
 0001:00038b1a       _GetDateFormatW@24         10039b1a f   kernel32:KERNEL32.dll
 0001:00038b20       _GetTimeFormatW@24         10039b20 f   kernel32:KERNEL32.dll
 0001:00038b26       _CompareStringW@24         10039b26 f   kernel32:KERNEL32.dll
 0001:00038b2c       _LCMapStringW@24           10039b2c f   kernel32:KERNEL32.dll
 0001:00038b32       _GetLocaleInfoW@16         10039b32 f   kernel32:KERNEL32.dll
 0001:00038b38       _IsValidLocale@8           10039b38 f   kernel32:KERNEL32.dll
 0001:00038b3e       _GetUserDefaultLCID@0      10039b3e f   kernel32:KERNEL32.dll
 0001:00038b44       _EnumSystemLocalesW@8      10039b44 f   kernel32:KERNEL32.dll
 0001:00038b4a       _GetStringTypeW@16         10039b4a f   kernel32:KERNEL32.dll
 0001:00038b50       _SetStdHandle@8            10039b50 f   kernel32:KERNEL32.dll
[...]
 0003:00d9f9a0       _CANAC2_2_receive_mb3      10df29a0     <common>
 0003:00d9fcc0       _CANAC2_2_send_mb3         10df2cc0     <common>
 0003:00d9ffe0       _CANAC2_1_receive_mb3      10df2fe0     <common>
 0003:00da0300       _CANAC2_1_send_mb3         10df3300     <common>
 0003:00da0620       _CANAC2_2_receiveindex_mb2 10df3620     <common>
 0003:00da0940       _CANAC2_2_receivemaxindex_mb2 10df3940     <common>
 0003:00da0960       _CANAC2_2_sendindex_mb2    10df3960     <common>
 0003:00da0c80       _CANAC2_2_sendmaxindex_mb2 10df3c80     <common>
 0003:00da0ca0       _CANAC2_1_receiveindex_mb2 10df3ca0     <common>
 0003:00da0fc0       _CANAC2_1_receivemaxindex_mb2 10df3fc0     <common>
 0003:00da0fe0       _CANAC2_1_sendindex_mb2    10df3fe0     <common>
 0003:00da1300       _CANAC2_1_sendmaxindex_mb2 10df4300     <common>
 0003:00da1320       _CANAC2_2_receive_mb2      10df4320     <common>
 0003:00da1640       _CANAC2_2_send_mb2         10df4640     <common>
 0003:00da1960       _CANAC2_1_receive_mb2      10df4960     <common>
 0003:00da1c80       _CANAC2_1_send_mb2         10df4c80     <common>
 0003:00da1fa0       _CANAC2_2_receiveindex_mb1 10df4fa0     <common>
 0003:00da22c0       _CANAC2_2_receivemaxindex_mb1 10df52c0     <common>
 0003:00da22e0       _CANAC2_2_sendindex_mb1    10df52e0     <common>
 0003:00da2600       _CANAC2_2_sendmaxindex_mb1 10df5600     <common>
 0003:00da2620       _CANAC2_1_receiveindex_mb1 10df5620     <common>
 0003:00da2940       _CANAC2_1_receivemaxindex_mb1 10df5940     <common>
 0003:00da2960       _CANAC2_1_sendindex_mb1    10df5960     <common>
 0003:00da2c80       _CANAC2_1_sendmaxindex_mb1 10df5c80     <common>
 0003:00da2ca0       _CANAC2_2_receive_mb1      10df5ca0     <common>
 0003:00da2fc0       _CANAC2_2_send_mb1         10df5fc0     <common>
 0003:00da32e0       _CANAC2_1_receive_mb1      10df62e0     <common>
 0003:00da3600       _CANAC2_1_send_mb1         10df6600     <common>
 0003:00da3920       _CANAC2_2_receiveindex     10df6920     <common>
 0003:00da3c40       _CANAC2_2_receivemaxindex  10df6c40     <common>
 0003:00da3c60       _CANAC2_2_sendindex        10df6c60     <common>
 0003:00da3f80       _CANAC2_2_sendmaxindex     10df6f80     <common>
 0003:00da3fa0       _CANAC2_1_receiveindex     10df6fa0     <common>
 0003:00da42c0       _CANAC2_1_receivemaxindex  10df72c0     <common>
 0003:00da42e0       _CANAC2_1_sendindex        10df72e0     <common>
 0003:00da4600       _CANAC2_1_sendmaxindex     10df7600     <common>
 0003:00da4620       _CANAC2_2_receive          10df7620     <common>
 0003:00da4940       _CANAC2_2_send             10df7940     <common>
 0003:00da4c60       _CANAC2_1_receive          10df7c60     <common>
 0003:00da4f80       _CANAC2_1_send             10df7f80     <common>
 0003:00da52a0       _siepowercan_can_object_buffer_port2 10df82a0     <common>
 0003:00da92c0       _siepowercan_can_object_buffer_port1 10dfc2c0     <common>
 0003:00dad2c0       _rtNaNF                    10e002c0     <common>
 0003:00dad2d4       _rtMinusInfF               10e002d4     <common>
 0003:00dad2d8       _rtInfF                    10e002d8     <common>
 0003:00dad2e0       _rtNaN                     10e002e0     <common>
 0003:00dad2e8       _rtMinusInf                10e002e8     <common>
 0003:00dad2f0       _rtInf                     10e002f0     <common>
 0003:00dad300       _speedgoat_IO316_CI_01476_R15b_laeuft_M_ 10e00300     <common>
 0003:00daee60       _speedgoat_IO316_CI_01476_R15b_laeuft_DW 10e01e60     <common>
 0003:00daeee0       _speedgoat_IO316_CI_01476_R15b_laeuft_B 10e01ee0     <common>
 0003:00daef98       _GetVideoConfigs           10e01f98     <common>
 0003:00daf000       _FindUsbVideoDevice        10e02000     <common>
 0003:00daf004       _xpceDeleteSemaphore       10e02004     <common>
 0003:00daf008       _xpceSignalSemaphore       10e02008     <common>
 0003:00daf00c       _xpceWaitSemaphore         10e0200c     <common>
 0003:00daf010       _xpceCreateSemaphore       10e02010     <common>
 0003:00daf014       _TBGiveSpinFast            10e02014     <common>
 0003:00daf018       _TBTakeSpinFast            10e02018     <common>
 0003:00daf01c       _TBDeleteSpin              10e0201c     <common>
 0003:00daf020       _TBCreateSpin              10e02020     <common>
 0003:00daf024       _xpceScopeAcqOK            10e02024     <common>
 0003:00daf028       _rl32eRestartAcquisition   10e02028     <common>
 0003:00daf02c       _rl32eSetTargetScopeSigFt  10e0202c     <common>
 0003:00daf030       _rl32eSetTargetScope       10e02030     <common>
 0003:00daf034       _xpceFSScopeSet            10e02034     <common>
 0003:00daf038       _rl32eSetScope             10e02038     <common>
 0003:00daf03c       _rl32eAddSignal            10e0203c     <common>
 0003:00daf040       _rl32eGetSignalNo          10e02040     <common>
 0003:00daf044       _rl32eDefScope             10e02044     <common>
 0003:00daf048       _rl32eScopeExists          10e02048     <common>
 0003:00daf04c       _xpceGetParamDims          10e0204c     <common>
 0003:00daf050       _xpceGetParameter          10e02050     <common>
 0003:00daf054       _xpceSetParameter          10e02054     <common>
 0003:00daf058       _xpceGetSignalValue        10e02058     <common>
 0003:00daf05c       _xpceAssignPCIInterrupt    10e0205c     <common>
 0003:00daf060       _rl32eGetPCIInfoAtSlot     10e02060     <common>
 0003:00daf064       _rl32eGetPCIInfo           10e02064     <common>
 0003:00daf068       _rl32eShowPCIInfo          10e02068     <common>
 0003:00daf06c       _rl32eShowPCIDev           10e0206c     <common>
 0003:00daf070       _xpceGetTET                10e02070     <common>
 0003:00daf074       _xpceaddEvent              10e02074     <common>
 0003:00daf078       _xpceDeRegisterISR         10e02078     <common>
 0003:00daf07c       _xpceRegisterISR           10e0207c     <common>
 0003:00daf080       _xpcIsModelInit            10e02080     <common>
 0003:00daf084       _xpcGetElapsedTime         10e02084     <common>
 0003:00daf088       _xpcBusyWait               10e02088     <common>
 0003:00daf08c       _xpcFreePhysicalMemory     10e0208c     <common>
 0003:00daf090       _xpcAllocPhysicalMemory    10e02090     <common>
 0003:00daf094       _xpcReserveMemoryRegion    10e02094     <common>
 0003:00daf098       _xpcOutpB                  10e02098     <common>
 0003:00daf09c       _xpcOutpW                  10e0209c     <common>
 0003:00daf0a0       _xpcOutpDW                 10e020a0     <common>
 0003:00daf0a4       _xpcInpB                   10e020a4     <common>
 0003:00daf0a8       _xpcInpW                   10e020a8     <common>
 0003:00daf0ac       _xpcInpDW                  10e020ac     <common>
 0003:00daf0b0       _CloseClientSocket         10e020b0     <common>
 0003:00daf0b4       _ConnectClientSocket       10e020b4     <common>
 0003:00daf0b8       _BindClientSocket          10e020b8     <common>
 0003:00daf0bc       _CreateClientSocket        10e020bc     <common>
 0003:00daf0c0       _CloseServerSocket         10e020c0     <common>
 0003:00daf0c4       _ConnectServerSocket       10e020c4     <common>
 0003:00daf0c8       _OpenServerListen          10e020c8     <common>
 0003:00daf0cc       _CreateServerSocket        10e020cc     <common>
 0003:00daf0d0       _SocketReceive             10e020d0     <common>
 0003:00daf0d4       _SocketSend                10e020d4     <common>
 0003:00daf0d8       _GetSocketState            10e020d8     <common>
 0003:00daf0dc       _GetSocket                 10e020dc     <common>
 0003:00daf0e0       _socket                    10e020e0     <common>
 0003:00daf0e4       _inet_addr                 10e020e4     <common>
 0003:00daf0e8       _sendto                    10e020e8     <common>
 0003:00daf0ec       _recvfrom                  10e020ec     <common>
 0003:00daf0f0       _listen                    10e020f0     <common>
 0003:00daf0f4       _ioctlsocket               10e020f4     <common>
 0003:00daf0f8       _connect                   10e020f8     <common>
 0003:00daf0fc       _closesocket               10e020fc     <common>
 0003:00daf100       _setsockopt                10e02100     <common>
 0003:00daf104       _bind                      10e02104     <common>
 0003:00daf108       _accept                    10e02108     <common>
 0003:00daf10c       _GetHostTarIPAdd           10e0210c     <common>
 0003:00daf110       _GetDCUUsage               10e02110     <common>
 0003:00daf114       _DeleteRoute               10e02114     <common>
 0003:00daf118       _AddGatewayRoute           10e02118     <common>
 0003:00daf11c       _SetIP                     10e0211c     <common>
 0003:00daf120       _CloseInterface            10e02120     <common>
 0003:00daf124       _OpenInterface             10e02124     <common>
 0003:00daf128       _SetIPTASKPriority         10e02128     <common>
 0003:00daf12c       _isUsedByRTIP              10e0212c     <common>
 0003:00daf130       _slrtWarning               10e02130     <common>
 0003:00daf134       _slrtGetCPUTCelsius        10e02134     <common>
 0003:00daf138       _geterrorstring            10e02138     <common>
 0003:00daf13c       _getlasterror              10e0213c     <common>
 0003:00daf140       _slrtLogEvent              10e02140     <common>
 0003:00daf144       _slrtGetDefaultDrive       10e02144     <common>
 0003:00daf148       _slrtfsFread               10e02148     <common>
 0003:00daf14c       _slrtfsGetFileStatus       10e0214c     <common>
 0003:00daf150       _slrtfsOpenFileAsync       10e02150     <common>
 0003:00daf154       _slrtfsCloseFileAsync      10e02154     <common>
 0003:00daf158       _slrtfsGetFileErrorMessage 10e02158     <common>
 0003:00daf15c       _slrtfsGetFileError        10e0215c     <common>
 0003:00daf160       _slrtfsWriteToFile         10e02160     <common>
 0003:00daf164       _slrtfsCloseFile           10e02164     <common>
 0003:00daf168       _slrtfsOpenFile            10e02168     <common>
 0003:00daf16c       _slrtGetSgCRBSpace         10e0216c     <common>
 0003:00daf170       _slrtGetCRBScratchSpace    10e02170     <common>
 0003:00daf174       _slrteSetupMSI             10e02174     <common>
 0003:00daf178       _slTestRegAssessment       10e02178     <common>
 0003:00daf17c       _slTestTerminate           10e0217c     <common>
 0003:00daf180       _slTestEvalOnFail          10e02180     <common>
 0003:00daf184       _slTestLogAssessments      10e02184     <common>
 0003:00daf188       _slTestInitialize          10e02188     <common>
 0003:00daf18c       _unRegisterPTPTimeRead     10e0218c     <common>
 0003:00daf190       _registerPTPTimeRead       10e02190     <common>
 0003:00daf194       _slrteGetCurrentStepSize   10e02194     <common>
 0003:00daf198       _slrteSetStepSizeDelta     10e02198     <common>
 0003:00daf19c       _xpceGetIntTimerGranularityNS 10e0219c     <common>
 0003:00daf1a0       _xpceDAQUpdateTimeStamp    10e021a0     <common>
 0003:00daf1a4       _xpceDAQPostEvent          10e021a4     <common>
 0003:00daf1a8       _StreamVideo               10e021a8     <common>
 0003:00daf1ac       _StopVideoDisplay          10e021ac     <common>
 0003:00daf1b0       _StartVideoDisplay         10e021b0     <common>
 0003:00daf1b4       _DestroyVideoDisplay       10e021b4     <common>
 0003:00daf1b8       _CreateVideoDisplay        10e021b8     <common>
 0003:00daf1bc       _ConvertUImage             10e021bc     <common>
 0003:00daf1c0       _StopVideo                 10e021c0     <common>
 0003:00daf1c4       _ReadFrameBuffer           10e021c4     <common>
 0003:00daf1c8       _StartVideo                10e021c8     <common>
 0003:00daf1cc       ___unguarded_readlc_active 10e021cc     <common>
 0003:00daf1dc       ___setlc_active            10e021dc     <common>
 0003:00daf1e0       __nhandle                  10e021e0     <common>
 0003:00daf200       _encodedKERNEL32Functions  10e02200     <common>
 0003:00daf2a8       __debugger_hook_dummy      10e022a8     <common>
 0003:00daf2b4       __pDestructExceptionObject 10e022b4     <common>
 0003:00daf2c0       __acmdln                   10e022c0     <common>
 0003:00daf2e0       __bufin                    10e022e0     <common>
 0003:00db061c       ___piob                    10e0361c     <common>
 0003:00db0620       __nstream                  10e03620     <common>
 0003:00db0624       ___dyn_tls_init_callback   10e03624     <common>
 0003:00db0634       ___onexitend               10e03634     <common>
 0003:00db0638       ___onexitbegin             10e03638     <common>
 0003:00db063c       ___mbctype_initialized     10e0363c     <common>
 0003:00db0640       ___env_initialized         10e03640     <common>
 0004:00000000       __imp__GetModuleHandleA@4  10e04000     kernel32:KERNEL32.dll
 0004:00000004       __imp__GetProcAddress@8    10e04004     kernel32:KERNEL32.dll
 0004:00000008       __imp__HeapAlloc@12        10e04008     kernel32:KERNEL32.dll
 0004:0000000c       __imp__GetLastError@0      10e0400c     kernel32:KERNEL32.dll
 0004:00000010       __imp__HeapFree@12         10e04010     kernel32:KERNEL32.dll
 0004:00000014       __imp__GetStdHandle@4      10e04014     kernel32:KERNEL32.dll
 0004:00000018       __imp__GetFileType@4       10e04018     kernel32:KERNEL32.dll
 0004:0000001c       __imp__GetModuleFileNameW@12 10e0401c     kernel32:KERNEL32.dll
 0004:00000020       __imp__GetModuleHandleExW@12 10e04020     kernel32:KERNEL32.dll
 0004:00000024       __imp__WriteConsoleW@20    10e04024     kernel32:KERNEL32.dll
 0004:00000028       __imp__IsDebuggerPresent@0 10e04028     kernel32:KERNEL32.dll
 0004:0000002c       __imp__IsProcessorFeaturePresent@4 10e0402c     kernel32:KERNEL32.dll
 0004:00000030       __imp__EncodePointer@4     10e04030     kernel32:KERNEL32.dll
 0004:00000034       __imp__DecodePointer@4     10e04034     kernel32:KERNEL32.dll
 0004:00000038       __imp__ExitProcess@4       10e04038     kernel32:KERNEL32.dll
 0004:0000003c       __imp__AreFileApisANSI@0   10e0403c     kernel32:KERNEL32.dll
 0004:00000040       __imp__MultiByteToWideChar@24 10e04040     kernel32:KERNEL32.dll
 0004:00000044       __imp__WideCharToMultiByte@32 10e04044     kernel32:KERNEL32.dll
 0004:00000048       __imp__HeapReAlloc@16      10e04048     kernel32:KERNEL32.dll
 0004:0000004c       __imp__EnterCriticalSection@4 10e0404c     kernel32:KERNEL32.dll
 0004:00000050       __imp__LeaveCriticalSection@4 10e04050     kernel32:KERNEL32.dll
 0004:00000054       __imp__GetCommandLineA@0   10e04054     kernel32:KERNEL32.dll
 0004:00000058       __imp__GetCurrentThreadId@0 10e04058     kernel32:KERNEL32.dll
 0004:0000005c       __imp__WriteFile@20        10e0405c     kernel32:KERNEL32.dll
 0004:00000060       __imp__GetProcessHeap@0    10e04060     kernel32:KERNEL32.dll
 0004:00000064       __imp__RaiseException@16   10e04064     kernel32:KERNEL32.dll
 0004:00000068       __imp__SetConsoleCtrlHandler@8 10e04068     kernel32:KERNEL32.dll
 0004:0000006c       __imp__OutputDebugStringW@4 10e0406c     kernel32:KERNEL32.dll
 0004:00000070       __imp__LoadLibraryExW@12   10e04070     kernel32:KERNEL32.dll
 0004:00000074       __imp__UnhandledExceptionFilter@4 10e04074     kernel32:KERNEL32.dll
 0004:00000078       __imp__SetUnhandledExceptionFilter@4 10e04078     kernel32:KERNEL32.dll
 0004:0000007c       __imp__SetLastError@4      10e0407c     kernel32:KERNEL32.dll
 0004:00000080       __imp__InitializeCriticalSectionAndSpinCount@8 10e04080     kernel32:KERNEL32.dll
 0004:00000084       __imp__CreateEventW@16     10e04084     kernel32:KERNEL32.dll
 0004:00000088       __imp__Sleep@4             10e04088     kernel32:KERNEL32.dll
 0004:0000008c       __imp__GetCurrentProcess@0 10e0408c     kernel32:KERNEL32.dll
 0004:00000090       __imp__TerminateProcess@8  10e04090     kernel32:KERNEL32.dll
 0004:00000094       __imp__TlsAlloc@0          10e04094     kernel32:KERNEL32.dll
 0004:00000098       __imp__TlsGetValue@4       10e04098     kernel32:KERNEL32.dll
 0004:0000009c       __imp__TlsSetValue@8       10e0409c     kernel32:KERNEL32.dll
 0004:000000a0       __imp__TlsFree@4           10e040a0     kernel32:KERNEL32.dll
 0004:000000a4       __imp__GetStartupInfoW@4   10e040a4     kernel32:KERNEL32.dll
 0004:000000a8       __imp__GetTickCount@0      10e040a8     kernel32:KERNEL32.dll
 0004:000000ac       __imp__GetModuleHandleW@4  10e040ac     kernel32:KERNEL32.dll
 0004:000000b0       __imp__CreateSemaphoreW@16 10e040b0     kernel32:KERNEL32.dll
 0004:000000b4       __imp__DeleteCriticalSection@4 10e040b4     kernel32:KERNEL32.dll
 0004:000000b8       __imp__FatalAppExitA@8     10e040b8     kernel32:KERNEL32.dll
 0004:000000bc       __imp__FreeLibrary@4       10e040bc     kernel32:KERNEL32.dll
 0004:000000c0       __imp__IsValidCodePage@4   10e040c0     kernel32:KERNEL32.dll
 0004:000000c4       __imp__GetACP@0            10e040c4     kernel32:KERNEL32.dll
 0004:000000c8       __imp__GetOEMCP@0          10e040c8     kernel32:KERNEL32.dll
 0004:000000cc       __imp__GetCPInfo@8         10e040cc     kernel32:KERNEL32.dll
 0004:000000d0       __imp__CloseHandle@4       10e040d0     kernel32:KERNEL32.dll
 0004:000000d4       __imp__RtlUnwind@16        10e040d4     kernel32:KERNEL32.dll
 0004:000000d8       __imp__ReadFile@20         10e040d8     kernel32:KERNEL32.dll
 0004:000000dc       __imp__GetConsoleMode@8    10e040dc     kernel32:KERNEL32.dll
 0004:000000e0       __imp__ReadConsoleW@20     10e040e0     kernel32:KERNEL32.dll
 0004:000000e4       __imp__GetConsoleCP@0      10e040e4     kernel32:KERNEL32.dll
 0004:000000e8       __imp__DeleteFileW@4       10e040e8     kernel32:KERNEL32.dll
 0004:000000ec       __imp__SetFilePointerEx@20 10e040ec     kernel32:KERNEL32.dll
 0004:000000f0       __imp__GetCurrentThread@0  10e040f0     kernel32:KERNEL32.dll
 0004:000000f4       __imp__GetModuleFileNameA@12 10e040f4     kernel32:KERNEL32.dll
 0004:000000f8       __imp__QueryPerformanceCounter@4 10e040f8     kernel32:KERNEL32.dll
 0004:000000fc       __imp__GetCurrentProcessId@0 10e040fc     kernel32:KERNEL32.dll
 0004:00000100       __imp__GetSystemTimeAsFileTime@4 10e04100     kernel32:KERNEL32.dll
 0004:00000104       __imp__GetEnvironmentStringsW@0 10e04104     kernel32:KERNEL32.dll
 0004:00000108       __imp__FreeEnvironmentStringsW@4 10e04108     kernel32:KERNEL32.dll
 0004:0000010c       __imp__FlushFileBuffers@4  10e0410c     kernel32:KERNEL32.dll
 0004:00000110       __imp__HeapSize@12         10e04110     kernel32:KERNEL32.dll
 0004:00000114       __imp__GetDateFormatW@24   10e04114     kernel32:KERNEL32.dll
 0004:00000118       __imp__GetTimeFormatW@24   10e04118     kernel32:KERNEL32.dll
 0004:0000011c       __imp__CompareStringW@24   10e0411c     kernel32:KERNEL32.dll
 0004:00000120       __imp__LCMapStringW@24     10e04120     kernel32:KERNEL32.dll
 0004:00000124       __imp__GetLocaleInfoW@16   10e04124     kernel32:KERNEL32.dll
 0004:00000128       __imp__IsValidLocale@8     10e04128     kernel32:KERNEL32.dll
 0004:0000012c       __imp__GetUserDefaultLCID@0 10e0412c     kernel32:KERNEL32.dll
 0004:00000130       __imp__EnumSystemLocalesW@8 10e04130     kernel32:KERNEL32.dll
 0004:00000134       __imp__GetStringTypeW@16   10e04134     kernel32:KERNEL32.dll
 0004:00000138       __imp__SetStdHandle@8      10e04138     kernel32:KERNEL32.dll
 0004:0000013c       __imp__CreateFileW@28      10e0413c     kernel32:KERNEL32.dll
 0004:00000140       __imp__SetEndOfFile@4      10e04140     kernel32:KERNEL32.dll
 0004:00000144       \177KERNEL32_NULL_THUNK_DATA 10e04144     kernel32:KERNEL32.dll
 0004:000001b0       __IMPORT_DESCRIPTOR_KERNEL32 10e041b0     kernel32:KERNEL32.dll
 0004:000001c4       __NULL_IMPORT_DESCRIPTOR   10e041c4     kernel32:KERNEL32.dll

 entry point at        0001:00018ed4

